Archive member included to satisfy reference by file (symbol)

/home/babu/work-zone/firmware/microchip/gcc/arm-gnu-toolchain-6.3.1.508-linux.any.x86_64/arm-none-eabi/bin/../lib/gcc/arm-none-eabi/6.3.1/thumb/v6-m/libgcc.a(_thumb1_case_uqi.o)
                              build/toy-train-config/production/_ext/1360937237/rgbLed.o (__gnu_thumb1_case_uqi)
/home/babu/work-zone/firmware/microchip/gcc/arm-gnu-toolchain-6.3.1.508-linux.any.x86_64/arm-none-eabi/bin/../lib/gcc/arm-none-eabi/6.3.1/thumb/v6-m/libgcc.a(_divsi3.o)
                              build/toy-train-config/production/_ext/1360937237/colorDetect.o (__aeabi_idiv)
/home/babu/work-zone/firmware/microchip/gcc/arm-gnu-toolchain-6.3.1.508-linux.any.x86_64/arm-none-eabi/bin/../lib/gcc/arm-none-eabi/6.3.1/thumb/v6-m/libgcc.a(_dvmd_tls.o)
                              /home/babu/work-zone/firmware/microchip/gcc/arm-gnu-toolchain-6.3.1.508-linux.any.x86_64/arm-none-eabi/bin/../lib/gcc/arm-none-eabi/6.3.1/thumb/v6-m/libgcc.a(_divsi3.o) (__aeabi_idiv0)
/home/babu/work-zone/firmware/microchip/gcc/arm-gnu-toolchain-6.3.1.508-linux.any.x86_64/arm-none-eabi/bin/../lib/gcc/arm-none-eabi/6.3.1/thumb/v6-m/libgcc.a(_aeabi_uldivmod.o)
                              build/toy-train-config/production/_ext/2071837988/plib_sercom2_usart.o (__aeabi_uldivmod)
/home/babu/work-zone/firmware/microchip/gcc/arm-gnu-toolchain-6.3.1.508-linux.any.x86_64/arm-none-eabi/bin/../lib/gcc/arm-none-eabi/6.3.1/thumb/v6-m/libgcc.a(_muldi3.o)
                              build/toy-train-config/production/_ext/2071837988/plib_sercom2_usart.o (__aeabi_lmul)
/home/babu/work-zone/firmware/microchip/gcc/arm-gnu-toolchain-6.3.1.508-linux.any.x86_64/arm-none-eabi/bin/../lib/gcc/arm-none-eabi/6.3.1/thumb/v6-m/libgcc.a(_udivmoddi4.o)
                              /home/babu/work-zone/firmware/microchip/gcc/arm-gnu-toolchain-6.3.1.508-linux.any.x86_64/arm-none-eabi/bin/../lib/gcc/arm-none-eabi/6.3.1/thumb/v6-m/libgcc.a(_aeabi_uldivmod.o) (__udivmoddi4)
/home/babu/work-zone/firmware/microchip/gcc/arm-gnu-toolchain-6.3.1.508-linux.any.x86_64/arm-none-eabi/bin/../lib/gcc/arm-none-eabi/6.3.1/thumb/v6-m/libgcc.a(_clzdi2.o)
                              /home/babu/work-zone/firmware/microchip/gcc/arm-gnu-toolchain-6.3.1.508-linux.any.x86_64/arm-none-eabi/bin/../lib/gcc/arm-none-eabi/6.3.1/thumb/v6-m/libgcc.a(_udivmoddi4.o) (__clzdi2)
/home/babu/work-zone/firmware/microchip/gcc/arm-gnu-toolchain-6.3.1.508-linux.any.x86_64/arm-none-eabi/bin/../lib/gcc/arm-none-eabi/6.3.1/thumb/v6-m/libgcc.a(_clzsi2.o)
                              /home/babu/work-zone/firmware/microchip/gcc/arm-gnu-toolchain-6.3.1.508-linux.any.x86_64/arm-none-eabi/bin/../lib/gcc/arm-none-eabi/6.3.1/thumb/v6-m/libgcc.a(_clzdi2.o) (__clzsi2)
/home/babu/work-zone/firmware/microchip/gcc/arm-gnu-toolchain-6.3.1.508-linux.any.x86_64/arm-none-eabi/bin/../lib/gcc/arm-none-eabi/6.3.1/../../../../arm-none-eabi/lib/thumb/v6-m/libc.a(lib_a-exit.o)
                              /home/babu/work-zone/firmware/microchip/gcc/arm-gnu-toolchain-6.3.1.508-linux.any.x86_64/arm-none-eabi/bin/../lib/gcc/arm-none-eabi/6.3.1/../../../../arm-none-eabi/lib/thumb/v6-m/crt0.o (exit)
/home/babu/work-zone/firmware/microchip/gcc/arm-gnu-toolchain-6.3.1.508-linux.any.x86_64/arm-none-eabi/bin/../lib/gcc/arm-none-eabi/6.3.1/../../../../arm-none-eabi/lib/thumb/v6-m/libc.a(lib_a-impure.o)
                              /home/babu/work-zone/firmware/microchip/gcc/arm-gnu-toolchain-6.3.1.508-linux.any.x86_64/arm-none-eabi/bin/../lib/gcc/arm-none-eabi/6.3.1/../../../../arm-none-eabi/lib/thumb/v6-m/libc.a(lib_a-exit.o) (_global_impure_ptr)
/home/babu/work-zone/firmware/microchip/gcc/arm-gnu-toolchain-6.3.1.508-linux.any.x86_64/arm-none-eabi/bin/../lib/gcc/arm-none-eabi/6.3.1/../../../../arm-none-eabi/lib/thumb/v6-m/libc.a(lib_a-init.o)
                              /home/babu/work-zone/firmware/microchip/gcc/arm-gnu-toolchain-6.3.1.508-linux.any.x86_64/arm-none-eabi/bin/../lib/gcc/arm-none-eabi/6.3.1/../../../../arm-none-eabi/lib/thumb/v6-m/crt0.o (__libc_init_array)
/home/babu/work-zone/firmware/microchip/gcc/arm-gnu-toolchain-6.3.1.508-linux.any.x86_64/arm-none-eabi/bin/../lib/gcc/arm-none-eabi/6.3.1/../../../../arm-none-eabi/lib/thumb/v6-m/libc.a(lib_a-memcpy-stub.o)
                              build/toy-train-config/production/_ext/2032294920/plib_dmac.o (memcpy)
/home/babu/work-zone/firmware/microchip/gcc/arm-gnu-toolchain-6.3.1.508-linux.any.x86_64/arm-none-eabi/bin/../lib/gcc/arm-none-eabi/6.3.1/../../../../arm-none-eabi/lib/thumb/v6-m/libc.a(lib_a-memset.o)
                              /home/babu/work-zone/firmware/microchip/gcc/arm-gnu-toolchain-6.3.1.508-linux.any.x86_64/arm-none-eabi/bin/../lib/gcc/arm-none-eabi/6.3.1/../../../../arm-none-eabi/lib/thumb/v6-m/crt0.o (memset)
[...]
Memory Configuration

Name             Origin             Length             Attributes
rom              0x0000000000000000 0x0000000000040000 xr
ram              0x0000000020000000 0x0000000000008000 xrw
*default*        0x0000000000000000 0xffffffffffffffff

Linker script and memory map

LOAD /home/babu/work-zone/firmware/microchip/gcc/arm-gnu-toolchain-6.3.1.508-linux.any.x86_64/arm-none-eabi/bin/../lib/gcc/arm-none-eabi/6.3.1/thumb/v6-m/crti.o
LOAD /home/babu/work-zone/firmware/microchip/gcc/arm-gnu-toolchain-6.3.1.508-linux.any.x86_64/arm-none-eabi/bin/../lib/gcc/arm-none-eabi/6.3.1/thumb/v6-m/crtbegin.o
LOAD /home/babu/work-zone/firmware/microchip/gcc/arm-gnu-toolchain-6.3.1.508-linux.any.x86_64/arm-none-eabi/bin/../lib/gcc/arm-none-eabi/6.3.1/../../../../arm-none-eabi/lib/thumb/v6-m/crt0.o
LOAD build/toy-train-config/production/_ext/1312487053/plib_adc.o
LOAD build/toy-train-config/production/_ext/1422427169/plib_clock.o
LOAD build/toy-train-config/production/_ext/1312484263/plib_dac.o
LOAD build/toy-train-config/production/_ext/2032294920/plib_dmac.o
LOAD build/toy-train-config/production/_ext/1424576655/plib_evsys.o
LOAD build/toy-train-config/production/_ext/2031988113/plib_nvic.o
LOAD build/toy-train-config/production/_ext/1684995357/plib_nvmctrl.o
LOAD build/toy-train-config/production/_ext/2031934962/plib_port.o
LOAD build/toy-train-config/production/_ext/2071837988/plib_sercom2_usart.o
LOAD build/toy-train-config/production/_ext/2071837988/plib_sercom0_usart.o
LOAD build/toy-train-config/production/_ext/1450520259/plib_systick.o
LOAD build/toy-train-config/production/_ext/873621700/plib_tc3.o
LOAD build/toy-train-config/production/_ext/873621700/plib_tc4.o
LOAD build/toy-train-config/production/_ext/1312468825/plib_tcc2.o
LOAD build/toy-train-config/production/_ext/1312468825/plib_tcc0.o
LOAD build/toy-train-config/production/_ext/1312465894/plib_wdt.o
LOAD build/toy-train-config/production/_ext/336147711/gcc_monitor.o
LOAD build/toy-train-config/production/_ext/1423632105/initialization.o
LOAD build/toy-train-config/production/_ext/1423632105/interrupts.o
LOAD build/toy-train-config/production/_ext/1423632105/exceptions.o
LOAD build/toy-train-config/production/_ext/336147711/libc_syscalls.o
LOAD build/toy-train-config/production/_ext/336147711/startup_gcc.o
LOAD build/toy-train-config/production/_ext/1360937237/sampleMusicTwo.o
LOAD build/toy-train-config/production/_ext/1360937237/sampleMusicOne.o
LOAD build/toy-train-config/production/_ext/1360937237/powerOnMusic.o
LOAD build/toy-train-config/production/_ext/1360937237/powerOffMusic.o
LOAD build/toy-train-config/production/_ext/1360937237/hornMusic.o
LOAD build/toy-train-config/production/_ext/1360937237/carWashMusic.o
LOAD build/toy-train-config/production/_ext/1360937237/bleOnMusic.o
LOAD build/toy-train-config/production/_ext/1360937237/bleOffMusic.o
LOAD build/toy-train-config/production/_ext/1360937237/bellMusic.o
LOAD build/toy-train-config/production/_ext/1360937237/music.o
LOAD build/toy-train-config/production/_ext/1360937237/rgbLed.o
LOAD build/toy-train-config/production/_ext/1360937237/motorControl.o
LOAD build/toy-train-config/production/_ext/1360937237/main.o
LOAD build/toy-train-config/production/_ext/1360937237/hallSensor.o
LOAD build/toy-train-config/production/_ext/1360937237/colorDetect.o
LOAD build/toy-train-config/production/_ext/1360937237/bluetooth.o
LOAD build/toy-train-config/production/_ext/1360937237/audio.o
LOAD build/toy-train-config/production/_ext/1360937237/AppGlobals.o
                0x0000000000000001                __MPLAB_BUILD = 0x1
START GROUP
LOAD /home/babu/work-zone/firmware/microchip/gcc/arm-gnu-toolchain-6.3.1.508-linux.any.x86_64/arm-none-eabi/bin/../lib/gcc/arm-none-eabi/6.3.1/thumb/v6-m/libgcc.a
LOAD /home/babu/work-zone/firmware/microchip/gcc/arm-gnu-toolchain-6.3.1.508-linux.any.x86_64/arm-none-eabi/bin/../lib/gcc/arm-none-eabi/6.3.1/../../../../arm-none-eabi/lib/thumb/v6-m/libc.a
END GROUP
START GROUP
LOAD /home/babu/work-zone/firmware/microchip/gcc/arm-gnu-toolchain-6.3.1.508-linux.any.x86_64/arm-none-eabi/bin/../lib/gcc/arm-none-eabi/6.3.1/thumb/v6-m/libgcc.a
LOAD /home/babu/work-zone/firmware/microchip/gcc/arm-gnu-toolchain-6.3.1.508-linux.any.x86_64/arm-none-eabi/bin/../lib/gcc/arm-none-eabi/6.3.1/../../../../arm-none-eabi/lib/thumb/v6-m/libc.a
LOAD /home/babu/work-zone/firmware/microchip/gcc/arm-gnu-toolchain-6.3.1.508-linux.any.x86_64/arm-none-eabi/bin/../lib/gcc/arm-none-eabi/6.3.1/../../../../arm-none-eabi/lib/thumb/v6-m/libnosys.a
END GROUP
LOAD /home/babu/work-zone/firmware/microchip/gcc/arm-gnu-toolchain-6.3.1.508-linux.any.x86_64/arm-none-eabi/bin/../lib/gcc/arm-none-eabi/6.3.1/thumb/v6-m/crtend.o
LOAD /home/babu/work-zone/firmware/microchip/gcc/arm-gnu-toolchain-6.3.1.508-linux.any.x86_64/arm-none-eabi/bin/../lib/gcc/arm-none-eabi/6.3.1/thumb/v6-m/crtn.o
                0x0000000000002000                STACK_SIZE = DEFINED (STACK_SIZE)?STACK_SIZE:DEFINED (__stack_size__)?__stack_size__:0x2000

.text           0x0000000000000000    0x20f80
                0x0000000000000000                . = ALIGN (0x4)
                0x0000000000000000                _sfixed = .
 *(.vectors .vectors.*)
 .vectors       0x0000000000000000       0xb0 build/toy-train-config/production/_ext/1423632105/interrupts.o
                0x0000000000000000                exception_table
 *(.text .text.* .gnu.linkonce.t.*)
 .text          0x00000000000000b0       0x60 /home/babu/work-zone/firmware/microchip/gcc/arm-gnu-toolchain-6.3.1.508-linux.any.x86_64/arm-none-eabi/bin/../lib/gcc/arm-none-eabi/6.3.1/thumb/v6-m/crtbegin.o
 .text.ADC_Initialize
                0x0000000000000110       0x78 build/toy-train-config/production/_ext/1312487053/plib_adc.o
                0x0000000000000110                ADC_Initialize
 .text.ADC_Enable
                0x0000000000000188       0x18 build/toy-train-config/production/_ext/1312487053/plib_adc.o
                0x0000000000000188                ADC_Enable
 .text.ADC_ChannelSelect
                0x00000000000001a0       0x24 build/toy-train-config/production/_ext/1312487053/plib_adc.o
                0x00000000000001a0                ADC_ChannelSelect
 .text.ADC_ConversionResultGet
                0x00000000000001c4        0xc build/toy-train-config/production/_ext/1312487053/plib_adc.o
                0x00000000000001c4                ADC_ConversionResultGet
 .text.ADC_CallbackRegister
                0x00000000000001d0        0xc build/toy-train-config/production/_ext/1312487053/plib_adc.o
                0x00000000000001d0                ADC_CallbackRegister
 .text.ADC_InterruptHandler
                0x00000000000001dc       0x24 build/toy-train-config/production/_ext/1312487053/plib_adc.o
                0x00000000000001dc                ADC_InterruptHandler
 .text.CLOCK_Initialize
                0x0000000000000200       0xb4 build/toy-train-config/production/_ext/1422427169/plib_clock.o
                0x0000000000000200                CLOCK_Initialize
 .text.DAC_Initialize
                0x00000000000002b4       0x1c build/toy-train-config/production/_ext/1312484263/plib_dac.o
                0x00000000000002b4                DAC_Initialize
 .text.DMAC_Initialize
                0x00000000000002d0       0x48 build/toy-train-config/production/_ext/2032294920/plib_dmac.o
                0x00000000000002d0                DMAC_Initialize
 .text.DMAC_ChannelDisable
                0x0000000000000318       0x34 build/toy-train-config/production/_ext/2032294920/plib_dmac.o
                0x0000000000000318                DMAC_ChannelDisable
 .text.DMAC_ChannelLinkedListTransfer
                0x000000000000034c       0x7c build/toy-train-config/production/_ext/2032294920/plib_dmac.o
                0x000000000000034c                DMAC_ChannelLinkedListTransfer
 .text.EVSYS_Initialize
                0x00000000000003c8        0x2 build/toy-train-config/production/_ext/1424576655/plib_evsys.o
                0x00000000000003c8                EVSYS_Initialize
 *fill*         0x00000000000003ca        0x2 
 .text.NVIC_Initialize
                0x00000000000003cc       0x38 build/toy-train-config/production/_ext/2031988113/plib_nvic.o
                0x00000000000003cc                NVIC_Initialize
 .text.NVMCTRL_Initialize
                0x0000000000000404        0xc build/toy-train-config/production/_ext/1684995357/plib_nvmctrl.o
                0x0000000000000404                NVMCTRL_Initialize
 .text.PORT_Initialize
                0x0000000000000410       0x64 build/toy-train-config/production/_ext/2031934962/plib_port.o
                0x0000000000000410                PORT_Initialize
 .text.SERCOM2_USART_ErrorClear
                0x0000000000000474       0x24 build/toy-train-config/production/_ext/2071837988/plib_sercom2_usart.o
 .text.SERCOM2_USART_Initialize
                0x0000000000000498       0x50 build/toy-train-config/production/_ext/2071837988/plib_sercom2_usart.o
                0x0000000000000498                SERCOM2_USART_Initialize
 .text.SERCOM2_USART_ErrorGet
                0x00000000000004e8       0x10 build/toy-train-config/production/_ext/2071837988/plib_sercom2_usart.o
                0x00000000000004e8                SERCOM2_USART_ErrorGet
 .text.SERCOM2_USART_WriteCallbackRegister
                0x00000000000004f8        0xc build/toy-train-config/production/_ext/2071837988/plib_sercom2_usart.o
                0x00000000000004f8                SERCOM2_USART_WriteCallbackRegister
 .text.SERCOM2_USART_Read
                0x0000000000000504       0x44 build/toy-train-config/production/_ext/2071837988/plib_sercom2_usart.o
                0x0000000000000504                SERCOM2_USART_Read
 .text.SERCOM2_USART_ReadCallbackRegister
                0x0000000000000548        0xc build/toy-train-config/production/_ext/2071837988/plib_sercom2_usart.o
                0x0000000000000548                SERCOM2_USART_ReadCallbackRegister
 .text.SERCOM2_USART_InterruptHandler
                0x0000000000000554      0x138 build/toy-train-config/production/_ext/2071837988/plib_sercom2_usart.o
                0x0000000000000554                SERCOM2_USART_InterruptHandler
 .text.SERCOM0_USART_Initialize
                0x000000000000068c       0x30 build/toy-train-config/production/_ext/2071837988/plib_sercom0_usart.o
                0x000000000000068c                SERCOM0_USART_Initialize
 .text.SERCOM0_USART_Write
                0x00000000000006bc       0x3c build/toy-train-config/production/_ext/2071837988/plib_sercom0_usart.o
                0x00000000000006bc                SERCOM0_USART_Write
 .text.SYSTICK_TimerInitialize
                0x00000000000006f8       0x24 build/toy-train-config/production/_ext/1450520259/plib_systick.o
                0x00000000000006f8                SYSTICK_TimerInitialize
 .text.SYSTICK_TimerStart
                0x000000000000071c       0x14 build/toy-train-config/production/_ext/1450520259/plib_systick.o
                0x000000000000071c                SYSTICK_TimerStart
 .text.SYSTICK_TimerCallbackSet
                0x0000000000000730        0xc build/toy-train-config/production/_ext/1450520259/plib_systick.o
                0x0000000000000730                SYSTICK_TimerCallbackSet
 .text.SysTick_Handler
                0x000000000000073c       0x24 build/toy-train-config/production/_ext/1450520259/plib_systick.o
                0x000000000000073c                SysTick_Handler
 .text.TC3_CompareInitialize
                0x0000000000000760       0x34 build/toy-train-config/production/_ext/873621700/plib_tc3.o
                0x0000000000000760                TC3_CompareInitialize
 .text.TC3_CompareStart
                0x0000000000000794       0x18 build/toy-train-config/production/_ext/873621700/plib_tc3.o
                0x0000000000000794                TC3_CompareStart
 .text.TC3_Compare8bitMatch0Set
                0x00000000000007ac       0x14 build/toy-train-config/production/_ext/873621700/plib_tc3.o
                0x00000000000007ac                TC3_Compare8bitMatch0Set
 .text.TC4_TimerInitialize
                0x00000000000007c0       0x30 build/toy-train-config/production/_ext/873621700/plib_tc4.o
                0x00000000000007c0                TC4_TimerInitialize
 .text.TC4_TimerStart
                0x00000000000007f0       0x18 build/toy-train-config/production/_ext/873621700/plib_tc4.o
                0x00000000000007f0                TC4_TimerStart
 .text.TCC2_PWMInitialize
                0x0000000000000808       0x2c build/toy-train-config/production/_ext/1312468825/plib_tcc2.o
                0x0000000000000808                TCC2_PWMInitialize
 .text.TCC2_PWMStart
                0x0000000000000834       0x18 build/toy-train-config/production/_ext/1312468825/plib_tcc2.o
                0x0000000000000834                TCC2_PWMStart
 .text.TCC0_PWMInitialize
                0x000000000000084c       0x44 build/toy-train-config/production/_ext/1312468825/plib_tcc0.o
                0x000000000000084c                TCC0_PWMInitialize
 .text.TCC0_PWMStart
                0x0000000000000890       0x18 build/toy-train-config/production/_ext/1312468825/plib_tcc0.o
                0x0000000000000890                TCC0_PWMStart
 .text.WDT_Enable
                0x00000000000008a8       0x20 build/toy-train-config/production/_ext/1312465894/plib_wdt.o
                0x00000000000008a8                WDT_Enable
 .text.WDT_Clear
                0x00000000000008c8       0x14 build/toy-train-config/production/_ext/1312465894/plib_wdt.o
                0x00000000000008c8                WDT_Clear
 .text.SYS_Initialize
                0x00000000000008dc       0x88 build/toy-train-config/production/_ext/1423632105/initialization.o
                0x00000000000008dc                SYS_Initialize
 .text.Dummy_Handler
                0x0000000000000964        0x2 build/toy-train-config/production/_ext/1423632105/interrupts.o
                0x0000000000000964                SVCall_Handler
                0x0000000000000964                DMAC_Handler
                0x0000000000000964                AC_Handler
                0x0000000000000964                PendSV_Handler
                0x0000000000000964                SERCOM1_Handler
                0x0000000000000964                TCC1_Handler
                0x0000000000000964                TCC0_Handler
                0x0000000000000964                RTC_Handler
                0x0000000000000964                EIC_Handler
                0x0000000000000964                WDT_Handler
                0x0000000000000964                TC4_Handler
                0x0000000000000964                USB_Handler
                0x0000000000000964                TC3_Handler
                0x0000000000000964                Dummy_Handler
                0x0000000000000964                PM_Handler
                0x0000000000000964                SERCOM5_Handler
                0x0000000000000964                TCC2_Handler
                0x0000000000000964                EVSYS_Handler
                0x0000000000000964                SERCOM3_Handler
                0x0000000000000964                SERCOM4_Handler
                0x0000000000000964                I2S_Handler
                0x0000000000000964                NVMCTRL_Handler
                0x0000000000000964                SERCOM0_Handler
                0x0000000000000964                DAC_Handler
                0x0000000000000964                PTC_Handler
                0x0000000000000964                TC5_Handler
                0x0000000000000964                SYSCTRL_Handler
 .text.NonMaskableInt_Handler
                0x0000000000000966        0x2 build/toy-train-config/production/_ext/1423632105/exceptions.o
                0x0000000000000966                NonMaskableInt_Handler
 .text.HardFault_Handler
                0x0000000000000968        0x2 build/toy-train-config/production/_ext/1423632105/exceptions.o
                0x0000000000000968                HardFault_Handler
 *fill*         0x000000000000096a        0x2 
 .text.Reset_Handler
                0x000000000000096c       0x90 build/toy-train-config/production/_ext/336147711/startup_gcc.o
                0x000000000000096c                Reset_Handler
 .text.sizeOfSampleTwoMusic
                0x00000000000009fc        0x4 build/toy-train-config/production/_ext/1360937237/sampleMusicTwo.o
                0x00000000000009fc                sizeOfSampleTwoMusic
 .text.sizeOfSampleOneMusic
                0x0000000000000a00        0x4 build/toy-train-config/production/_ext/1360937237/sampleMusicOne.o
                0x0000000000000a00                sizeOfSampleOneMusic
 .text.sizeOfPowerOnMusic
                0x0000000000000a04        0x8 build/toy-train-config/production/_ext/1360937237/powerOnMusic.o
                0x0000000000000a04                sizeOfPowerOnMusic
 .text.sizeOfPowerOffMusic
                0x0000000000000a0c        0x4 build/toy-train-config/production/_ext/1360937237/powerOffMusic.o
                0x0000000000000a0c                sizeOfPowerOffMusic
 .text.sizeOfHornMusic
                0x0000000000000a10        0x4 build/toy-train-config/production/_ext/1360937237/hornMusic.o
                0x0000000000000a10                sizeOfHornMusic
 .text.sizeOfCarWashMusic
                0x0000000000000a14        0x4 build/toy-train-config/production/_ext/1360937237/carWashMusic.o
                0x0000000000000a14                sizeOfCarWashMusic
 .text.sizeOfBleOnMusic
                0x0000000000000a18        0x4 build/toy-train-config/production/_ext/1360937237/bleOnMusic.o
                0x0000000000000a18                sizeOfBleOnMusic
 .text.sizeOfBleOffMusic
                0x0000000000000a1c        0x4 build/toy-train-config/production/_ext/1360937237/bleOffMusic.o
                0x0000000000000a1c                sizeOfBleOffMusic
 .text.sizeOfBellMusic
                0x0000000000000a20        0x6 build/toy-train-config/production/_ext/1360937237/bellMusic.o
                0x0000000000000a20                sizeOfBellMusic
 *fill*         0x0000000000000a26        0x2 
 .text.TCC2_PWM16bitDutySet
                0x0000000000000a28       0x24 build/toy-train-config/production/_ext/1360937237/rgbLed.o
 .text.initRGBPeripheral
                0x0000000000000a4c       0x30 build/toy-train-config/production/_ext/1360937237/rgbLed.o
                0x0000000000000a4c                initRGBPeripheral
 .text.RGBcolorWrite
                0x0000000000000a7c       0x24 build/toy-train-config/production/_ext/1360937237/rgbLed.o
                0x0000000000000a7c                RGBcolorWrite
 .text.RGBsetColor
                0x0000000000000aa0       0x44 build/toy-train-config/production/_ext/1360937237/rgbLed.o
                0x0000000000000aa0                RGBsetColor
 .text.TCC0_PWM24bitDutySet
                0x0000000000000ae4       0x28 build/toy-train-config/production/_ext/1360937237/motorControl.o
 .text.initMotorPeripheral
                0x0000000000000b0c       0x20 build/toy-train-config/production/_ext/1360937237/motorControl.o
                0x0000000000000b0c                initMotorPeripheral
 .text.motorControl
                0x0000000000000b2c       0x3c build/toy-train-config/production/_ext/1360937237/motorControl.o
                0x0000000000000b2c                motorControl
 .text.accelerateMotor
                0x0000000000000b68       0x38 build/toy-train-config/production/_ext/1360937237/motorControl.o
                0x0000000000000b68                accelerateMotor
 .text.reverseMotor
                0x0000000000000ba0       0x10 build/toy-train-config/production/_ext/1360937237/motorControl.o
                0x0000000000000ba0                reverseMotor
 .text.stopMotor
                0x0000000000000bb0       0x10 build/toy-train-config/production/_ext/1360937237/motorControl.o
                0x0000000000000bb0                stopMotor
 .text.decelerateMotor
                0x0000000000000bc0       0x38 build/toy-train-config/production/_ext/1360937237/motorControl.o
                0x0000000000000bc0                decelerateMotor
 .text.getMotorDirection
                0x0000000000000bf8        0xc build/toy-train-config/production/_ext/1360937237/motorControl.o
                0x0000000000000bf8                getMotorDirection
 .text.adcCallBack
                0x0000000000000c04       0x14 build/toy-train-config/production/_ext/1360937237/main.o
                0x0000000000000c04                adcCallBack
 .text.systickCallback
                0x0000000000000c18       0x74 build/toy-train-config/production/_ext/1360937237/main.o
                0x0000000000000c18                systickCallback
 .text.startup.main
                0x0000000000000c8c      0x254 build/toy-train-config/production/_ext/1360937237/main.o
                0x0000000000000c8c                main
 .text.measureHallSensorValue
                0x0000000000000ee0       0x58 build/toy-train-config/production/_ext/1360937237/hallSensor.o
                0x0000000000000ee0                measureHallSensorValue
 .text.setHallSensorReadDelay
                0x0000000000000f38        0xc build/toy-train-config/production/_ext/1360937237/hallSensor.o
                0x0000000000000f38                setHallSensorReadDelay
 .text.setHallNoReasultInterval
                0x0000000000000f44        0xc build/toy-train-config/production/_ext/1360937237/hallSensor.o
                0x0000000000000f44                setHallNoReasultInterval
 .text.generateColor
                0x0000000000000f50      0x1a4 build/toy-train-config/production/_ext/1360937237/colorDetect.o
                0x0000000000000f50                generateColor
 .text.PDColourRead
                0x00000000000010f4       0xd0 build/toy-train-config/production/_ext/1360937237/colorDetect.o
                0x00000000000010f4                PDColourRead
 .text.sercom2WriteCallBack
                0x00000000000011c4        0xc build/toy-train-config/production/_ext/1360937237/bluetooth.o
                0x00000000000011c4                sercom2WriteCallBack
 .text.sercom2ReadCallBack
                0x00000000000011d0       0x20 build/toy-train-config/production/_ext/1360937237/bluetooth.o
                0x00000000000011d0                sercom2ReadCallBack
 .text.initBluetoothSerial
                0x00000000000011f0       0x34 build/toy-train-config/production/_ext/1360937237/bluetooth.o
                0x00000000000011f0                initBluetoothSerial
 .text.convertToHex
                0x0000000000001224       0x1a build/toy-train-config/production/_ext/1360937237/bluetooth.o
                0x0000000000001224                convertToHex
 *fill*         0x000000000000123e        0x2 
 .text.checkBlutoothCommand
                0x0000000000001240       0xc0 build/toy-train-config/production/_ext/1360937237/bluetooth.o
                0x0000000000001240                checkBlutoothCommand
 .text.playAudio
                0x0000000000001300       0x68 build/toy-train-config/production/_ext/1360937237/audio.o
                0x0000000000001300                playAudio
 .text.initAudioPeripheral
                0x0000000000001368       0xd0 build/toy-train-config/production/_ext/1360937237/audio.o
                0x0000000000001368                initAudioPeripheral
 .text          0x0000000000001438       0x14 /home/babu/work-zone/firmware/microchip/gcc/arm-gnu-toolchain-6.3.1.508-linux.any.x86_64/arm-none-eabi/bin/../lib/gcc/arm-none-eabi/6.3.1/thumb/v6-m/libgcc.a(_thumb1_case_uqi.o)
                0x0000000000001438                __gnu_thumb1_case_uqi
 .text          0x000000000000144c      0x1d4 /home/babu/work-zone/firmware/microchip/gcc/arm-gnu-toolchain-6.3.1.508-linux.any.x86_64/arm-none-eabi/bin/../lib/gcc/arm-none-eabi/6.3.1/thumb/v6-m/libgcc.a(_divsi3.o)
                0x000000000000144c                __aeabi_idiv
                0x000000000000144c                __divsi3
                0x0000000000001618                __aeabi_idivmod
 .text          0x0000000000001620        0x4 /home/babu/work-zone/firmware/microchip/gcc/arm-gnu-toolchain-6.3.1.508-linux.any.x86_64/arm-none-eabi/bin/../lib/gcc/arm-none-eabi/6.3.1/thumb/v6-m/libgcc.a(_dvmd_tls.o)
                0x0000000000001620                __aeabi_ldiv0
                0x0000000000001620                __aeabi_idiv0
 .text.__libc_init_array
                0x0000000000001624       0x48 /home/babu/work-zone/firmware/microchip/gcc/arm-gnu-toolchain-6.3.1.508-linux.any.x86_64/arm-none-eabi/bin/../lib/gcc/arm-none-eabi/6.3.1/../../../../arm-none-eabi/lib/thumb/v6-m/libc.a(lib_a-init.o)
                0x0000000000001624                __libc_init_array
 .text.memcpy   0x000000000000166c       0x84 /home/babu/work-zone/firmware/microchip/gcc/arm-gnu-toolchain-6.3.1.508-linux.any.x86_64/arm-none-eabi/bin/../lib/gcc/arm-none-eabi/6.3.1/../../../../arm-none-eabi/lib/thumb/v6-m/libc.a(lib_a-memcpy-stub.o)
                0x000000000000166c                memcpy
 .text.memset   0x00000000000016f0       0x94 /home/babu/work-zone/firmware/microchip/gcc/arm-gnu-toolchain-6.3.1.508-linux.any.x86_64/arm-none-eabi/bin/../lib/gcc/arm-none-eabi/6.3.1/../../../../arm-none-eabi/lib/thumb/v6-m/libc.a(lib_a-memset.o)
                0x00000000000016f0                memset
 .text.startup.register_fini
                0x0000000000001784       0x18 /home/babu/work-zone/firmware/microchip/gcc/arm-gnu-toolchain-6.3.1.508-linux.any.x86_64/arm-none-eabi/bin/../lib/gcc/arm-none-eabi/6.3.1/../../../../arm-none-eabi/lib/thumb/v6-m/libc.a(lib_a-__call_atexit.o)
 .text.atexit   0x000000000000179c       0x10 /home/babu/work-zone/firmware/microchip/gcc/arm-gnu-toolchain-6.3.1.508-linux.any.x86_64/arm-none-eabi/bin/../lib/gcc/arm-none-eabi/6.3.1/../../../../arm-none-eabi/lib/thumb/v6-m/libc.a(lib_a-atexit.o)
                0x000000000000179c                atexit
 .text.__libc_fini_array
                0x00000000000017ac       0x34 /home/babu/work-zone/firmware/microchip/gcc/arm-gnu-toolchain-6.3.1.508-linux.any.x86_64/arm-none-eabi/bin/../lib/gcc/arm-none-eabi/6.3.1/../../../../arm-none-eabi/lib/thumb/v6-m/libc.a(lib_a-fini.o)
                0x00000000000017ac                __libc_fini_array
 .text.__retarget_lock_acquire_recursive
                0x00000000000017e0        0x4 /home/babu/work-zone/firmware/microchip/gcc/arm-gnu-toolchain-6.3.1.508-linux.any.x86_64/arm-none-eabi/bin/../lib/gcc/arm-none-eabi/6.3.1/../../../../arm-none-eabi/lib/thumb/v6-m/libc.a(lib_a-lock.o)
                0x00000000000017e0                __retarget_lock_acquire_recursive
 .text.__retarget_lock_release_recursive
                0x00000000000017e4        0x4 /home/babu/work-zone/firmware/microchip/gcc/arm-gnu-toolchain-6.3.1.508-linux.any.x86_64/arm-none-eabi/bin/../lib/gcc/arm-none-eabi/6.3.1/../../../../arm-none-eabi/lib/thumb/v6-m/libc.a(lib_a-lock.o)
                0x00000000000017e4                __retarget_lock_release_recursive
 .text.__register_exitproc
                0x00000000000017e8       0xf4 /home/babu/work-zone/firmware/microchip/gcc/arm-gnu-toolchain-6.3.1.508-linux.any.x86_64/arm-none-eabi/bin/../lib/gcc/arm-none-eabi/6.3.1/../../../../arm-none-eabi/lib/thumb/v6-m/libc.a(lib_a-__atexit.o)
                0x00000000000017e8                __register_exitproc
 *(.glue_7t)
 .glue_7t       0x00000000000018dc        0x0 linker stubs
 *(.glue_7)
 .glue_7        0x00000000000018dc        0x0 linker stubs
 *(.rodata .rodata* .gnu.linkonce.r.*)
 .rodata        0x00000000000018dc        0x0 build/toy-train-config/production/_ext/1360937237/sampleMusicTwo.o
                0x00000000000018dc                __sampleTwoMusic
 .rodata        0x00000000000018dc        0x0 build/toy-train-config/production/_ext/1360937237/sampleMusicOne.o
                0x00000000000018dc                __sampleOneMusic
 .rodata        0x00000000000018dc    0x1f4a8 build/toy-train-config/production/_ext/1360937237/powerOnMusic.o
                0x00000000000018dc                __powerOnMusic
 .rodata        0x0000000000020d84        0x0 build/toy-train-config/production/_ext/1360937237/powerOffMusic.o
                0x0000000000020d84                __powerOffMusic
 .rodata        0x0000000000020d84       0x60 build/toy-train-config/production/_ext/1360937237/hornMusic.o
                0x0000000000020d84                __hornMusic
 .rodata        0x0000000000020de4        0x0 build/toy-train-config/production/_ext/1360937237/carWashMusic.o
                0x0000000000020de4                __carWashMusic
 .rodata        0x0000000000020de4        0x0 build/toy-train-config/production/_ext/1360937237/bleOnMusic.o
                0x0000000000020de4                __bleOnMusic
 .rodata        0x0000000000020de4       0x60 build/toy-train-config/production/_ext/1360937237/bleOffMusic.o
                0x0000000000020de4                __bleOffMusic
 .rodata        0x0000000000020e44      0x110 build/toy-train-config/production/_ext/1360937237/bellMusic.o
                0x0000000000020e44                __bellMusic
 .rodata        0x0000000000020f54        0x1 build/toy-train-config/production/_ext/1360937237/music.o
                0x0000000000020f54                __nullMusic
 *fill*         0x0000000000020f55        0x3 
 .rodata._global_impure_ptr
                0x0000000000020f58        0x4 /home/babu/work-zone/firmware/microchip/gcc/arm-gnu-toolchain-6.3.1.508-linux.any.x86_64/arm-none-eabi/bin/../lib/gcc/arm-none-eabi/6.3.1/../../../../arm-none-eabi/lib/thumb/v6-m/libc.a(lib_a-impure.o)
                0x0000000000020f58                _global_impure_ptr
 *(.ARM.extab* .gnu.linkonce.armextab.*)
                0x0000000000020f5c                . = ALIGN (0x4)
 *(.init)
 .init          0x0000000000020f5c        0x4 /home/babu/work-zone/firmware/microchip/gcc/arm-gnu-toolchain-6.3.1.508-linux.any.x86_64/arm-none-eabi/bin/../lib/gcc/arm-none-eabi/6.3.1/thumb/v6-m/crti.o
                0x0000000000020f5c                _init
 .init          0x0000000000020f60        0x8 /home/babu/work-zone/firmware/microchip/gcc/arm-gnu-toolchain-6.3.1.508-linux.any.x86_64/arm-none-eabi/bin/../lib/gcc/arm-none-eabi/6.3.1/thumb/v6-m/crtn.o
                0x0000000000020f68                . = ALIGN (0x4)
                0x0000000000020f68                __preinit_array_start = .
 *(.preinit_array)
                0x0000000000020f68                __preinit_array_end = .
                0x0000000000020f68                . = ALIGN (0x4)
                0x0000000000020f68                __init_array_start = .
 *(SORT(.init_array.*))
 .init_array.00000
                0x0000000000020f68        0x4 /home/babu/work-zone/firmware/microchip/gcc/arm-gnu-toolchain-6.3.1.508-linux.any.x86_64/arm-none-eabi/bin/../lib/gcc/arm-none-eabi/6.3.1/../../../../arm-none-eabi/lib/thumb/v6-m/libc.a(lib_a-__call_atexit.o)
 *(.init_array)
 .init_array    0x0000000000020f6c        0x4 /home/babu/work-zone/firmware/microchip/gcc/arm-gnu-toolchain-6.3.1.508-linux.any.x86_64/arm-none-eabi/bin/../lib/gcc/arm-none-eabi/6.3.1/thumb/v6-m/crtbegin.o
                0x0000000000020f70                __init_array_end = .
                0x0000000000020f70                . = ALIGN (0x4)
 *crtbegin.o(.ctors)
 *(EXCLUDE_FILE(*crtend.o) .ctors)
 *(SORT(.ctors.*))
 *crtend.o(.ctors)
                0x0000000000020f70                . = ALIGN (0x4)
 *(.fini)
 .fini          0x0000000000020f70        0x4 /home/babu/work-zone/firmware/microchip/gcc/arm-gnu-toolchain-6.3.1.508-linux.any.x86_64/arm-none-eabi/bin/../lib/gcc/arm-none-eabi/6.3.1/thumb/v6-m/crti.o
                0x0000000000020f70                _fini
 .fini          0x0000000000020f74        0x8 /home/babu/work-zone/firmware/microchip/gcc/arm-gnu-toolchain-6.3.1.508-linux.any.x86_64/arm-none-eabi/bin/../lib/gcc/arm-none-eabi/6.3.1/thumb/v6-m/crtn.o
                0x0000000000020f7c                . = ALIGN (0x4)
                0x0000000000020f7c                __fini_array_start = .
 *(.fini_array)
 .fini_array    0x0000000000020f7c        0x4 /home/babu/work-zone/firmware/microchip/gcc/arm-gnu-toolchain-6.3.1.508-linux.any.x86_64/arm-none-eabi/bin/../lib/gcc/arm-none-eabi/6.3.1/thumb/v6-m/crtbegin.o
 *(SORT(.fini_array.*))
                0x0000000000020f80                __fini_array_end = .
 *crtbegin.o(.dtors)
 *(EXCLUDE_FILE(*crtend.o) .dtors)
 *(SORT(.dtors.*))
 *crtend.o(.dtors)
                0x0000000000020f80                . = ALIGN (0x4)
                0x0000000000020f80                _efixed = .
                [!provide]                        PROVIDE (__exidx_start, .)

.vfp11_veneer   0x0000000000020f80        0x0
 .vfp11_veneer  0x0000000000020f80        0x0 linker stubs

.v4_bx          0x0000000000020f80        0x0
 .v4_bx         0x0000000000020f80        0x0 linker stubs

.iplt           0x0000000000020f80        0x0
 .iplt          0x0000000000020f80        0x0 /home/babu/work-zone/firmware/microchip/gcc/arm-gnu-toolchain-6.3.1.508-linux.any.x86_64/arm-none-eabi/bin/../lib/gcc/arm-none-eabi/6.3.1/thumb/v6-m/crtbegin.o

.eh_frame       0x0000000000020f80        0x0
 .eh_frame      0x0000000000020f80        0x0 /home/babu/work-zone/firmware/microchip/gcc/arm-gnu-toolchain-6.3.1.508-linux.any.x86_64/arm-none-eabi/bin/../lib/gcc/arm-none-eabi/6.3.1/thumb/v6-m/crtbegin.o

.rel.dyn        0x0000000000020f80        0x0
 .rel.iplt      0x0000000000020f80        0x0 /home/babu/work-zone/firmware/microchip/gcc/arm-gnu-toolchain-6.3.1.508-linux.any.x86_64/arm-none-eabi/bin/../lib/gcc/arm-none-eabi/6.3.1/thumb/v6-m/crtbegin.o

.jcr            0x0000000000020f80        0x0
 .jcr           0x0000000000020f80        0x0 /home/babu/work-zone/firmware/microchip/gcc/arm-gnu-toolchain-6.3.1.508-linux.any.x86_64/arm-none-eabi/bin/../lib/gcc/arm-none-eabi/6.3.1/thumb/v6-m/crtbegin.o

.igot.plt       0x0000000000020f80        0x0
 .igot.plt      0x0000000000020f80        0x0 /home/babu/work-zone/firmware/microchip/gcc/arm-gnu-toolchain-6.3.1.508-linux.any.x86_64/arm-none-eabi/bin/../lib/gcc/arm-none-eabi/6.3.1/thumb/v6-m/crtbegin.o

.ARM.exidx
 *(.ARM.exidx* .gnu.linkonce.armexidx.*)
                [!provide]                        PROVIDE (__exidx_end, .)
                0x0000000000020f80                . = ALIGN (0x4)
                0x0000000000020f80                _etext = .

.relocate       0x0000000020000000      0x434 load address 0x0000000000020f80
                0x0000000020000000                . = ALIGN (0x4)
                0x0000000020000000                _srelocate = .
 *(.ramfunc .ramfunc.*)
 *(.data .data.*)
 .data          0x0000000020000000        0x3 build/toy-train-config/production/_ext/1360937237/AppGlobals.o
                0x0000000020000000                global_carWashWaitTime
                0x0000000020000002                global_hallReasultWaitCounter
 *fill*         0x0000000020000003        0x5 
 .data.impure_data
                0x0000000020000008      0x428 /home/babu/work-zone/firmware/microchip/gcc/arm-gnu-toolchain-6.3.1.508-linux.any.x86_64/arm-none-eabi/bin/../lib/gcc/arm-none-eabi/6.3.1/../../../../arm-none-eabi/lib/thumb/v6-m/libc.a(lib_a-impure.o)
 .data.__atexit_recursive_mutex
                0x0000000020000430        0x4 /home/babu/work-zone/firmware/microchip/gcc/arm-gnu-toolchain-6.3.1.508-linux.any.x86_64/arm-none-eabi/bin/../lib/gcc/arm-none-eabi/6.3.1/../../../../arm-none-eabi/lib/thumb/v6-m/libc.a(lib_a-__call_atexit.o)
                0x0000000020000430                __atexit_recursive_mutex
                0x0000000020000434                . = ALIGN (0x4)
                0x0000000020000434                _erelocate = .

.bss            0x0000000020000440      0x160 load address 0x00000000000213c0
                0x0000000020000440                . = ALIGN (0x4)
                0x0000000020000440                _sbss = .
                0x0000000020000440                _szero = .
 *(.bss .bss.*)
 .bss           0x0000000020000440       0x1c /home/babu/work-zone/firmware/microchip/gcc/arm-gnu-toolchain-6.3.1.508-linux.any.x86_64/arm-none-eabi/bin/../lib/gcc/arm-none-eabi/6.3.1/thumb/v6-m/crtbegin.o
 *fill*         0x000000002000045c        0x4 
 .bss           0x0000000020000460       0x28 build/toy-train-config/production/_ext/2032294920/plib_dmac.o
 .bss           0x0000000020000488       0x30 build/toy-train-config/production/_ext/2071837988/plib_sercom2_usart.o
 .bss           0x00000000200004b8        0xc build/toy-train-config/production/_ext/1450520259/plib_systick.o
 .bss           0x00000000200004c4       0x10 build/toy-train-config/production/_ext/1360937237/colorDetect.o
                0x00000000200004c4                lastColor
                0x00000000200004c8                colorCount
 .bss           0x00000000200004d4        0x3 build/toy-train-config/production/_ext/1360937237/bluetooth.o
                0x00000000200004d4                writeStatus
                0x00000000200004d5                errorStatus
                0x00000000200004d6                bluetoohSerialFlag
 *fill*         0x00000000200004d7        0x9 
 .bss           0x00000000200004e0       0x10 build/toy-train-config/production/_ext/1360937237/audio.o
 .bss           0x00000000200004f0        0x8 build/toy-train-config/production/_ext/1360937237/AppGlobals.o
                0x00000000200004f0                global_defaultMusicTimeout
                0x00000000200004f2                global_photoDiodeLastReadInterval
                0x00000000200004f4                global_hallSensorInertiaCounter
                0x00000000200004f6                adcValue
 *(COMMON)
 COMMON         0x00000000200004f8        0x8 build/toy-train-config/production/_ext/1312487053/plib_adc.o
                0x00000000200004f8                ADC_CallbackObject
 COMMON         0x0000000020000500        0x4 build/toy-train-config/production/_ext/1360937237/motorControl.o
                0x0000000020000500                motor
 COMMON         0x0000000020000504        0x3 build/toy-train-config/production/_ext/1360937237/hallSensor.o
                0x0000000020000504                hallSensor
 *fill*         0x0000000020000507        0x1 
 COMMON         0x0000000020000508        0xa build/toy-train-config/production/_ext/1360937237/colorDetect.o
                0x0000000020000508                pdColor
 COMMON         0x0000000020000512       0x19 build/toy-train-config/production/_ext/1360937237/bluetooth.o
                0x0000000020000512                bluetooth
                0x0000000020000517                blutoothSerialData
                0x0000000020000521                blutoothCommand
 *fill*         0x000000002000052b        0x1 
 COMMON         0x000000002000052c       0x50 build/toy-train-config/production/_ext/1360937237/audio.o
                0x000000002000052c                musicFileAray
                0x0000000020000554                musicSizeArray
 COMMON         0x000000002000057c       0x21 /home/babu/work-zone/firmware/microchip/gcc/arm-gnu-toolchain-6.3.1.508-linux.any.x86_64/arm-none-eabi/bin/../lib/gcc/arm-none-eabi/6.3.1/../../../../arm-none-eabi/lib/thumb/v6-m/libc.a(lib_a-lock.o)
                0x000000002000057c                __lock___atexit_recursive_mutex
                0x0000000020000580                __lock___arc4random_mutex
                0x0000000020000584                __lock___env_recursive_mutex
                0x0000000020000588                __lock___sinit_recursive_mutex
                0x000000002000058c                __lock___malloc_recursive_mutex
                0x0000000020000590                __lock___at_quick_exit_mutex
                0x0000000020000594                __lock___dd_hash_mutex
                0x0000000020000598                __lock___tz_mutex
                0x000000002000059c                __lock___sfp_recursive_mutex
                0x00000000200005a0                . = ALIGN (0x4)
 *fill*         0x000000002000059d        0x3 
                0x00000000200005a0                _ebss = .
                0x00000000200005a0                _ezero = .

.stack          0x00000000200005a0     0x2000 load address 0x0000000000021520
                0x00000000200005a0                . = ALIGN (0x8)
                0x00000000200005a0                _sstack = .
                0x00000000200025a0                . = (. + STACK_SIZE)
 *fill*         0x00000000200005a0     0x2000 
                0x00000000200025a0                . = ALIGN (0x8)
                0x00000000200025a0                _stack = .
                0x00000000200025a0                . = ALIGN (0x4)
                0x00000000200025a0                _end = .
OUTPUT(dist/toy-train-config/production/toy-train.X.production.elf elf32-littlearm)

.ARM.attributes
                0x0000000000000000       0x28
 .ARM.attributes
                0x0000000000000000       0x1e /home/babu/work-zone/firmware/microchip/gcc/arm-gnu-toolchain-6.3.1.508-linux.any.x86_64/arm-none-eabi/bin/../lib/gcc/arm-none-eabi/6.3.1/thumb/v6-m/crti.o
 .ARM.attributes
                0x000000000000001e       0x2c /home/babu/work-zone/firmware/microchip/gcc/arm-gnu-toolchain-6.3.1.508-linux.any.x86_64/arm-none-eabi/bin/../lib/gcc/arm-none-eabi/6.3.1/thumb/v6-m/crtbegin.o
 .ARM.attributes
                0x000000000000004a       0x32 build/toy-train-config/production/_ext/1312487053/plib_adc.o
 .ARM.attributes
                0x000000000000007c       0x32 build/toy-train-config/production/_ext/1422427169/plib_clock.o
 .ARM.attributes
                0x00000000000000ae       0x32 build/toy-train-config/production/_ext/1312484263/plib_dac.o
 .ARM.attributes
                0x00000000000000e0       0x32 build/toy-train-config/production/_ext/2032294920/plib_dmac.o
 .ARM.attributes
                0x0000000000000112       0x32 build/toy-train-config/production/_ext/1424576655/plib_evsys.o
 .ARM.attributes
                0x0000000000000144       0x32 build/toy-train-config/production/_ext/2031988113/plib_nvic.o
 .ARM.attributes
                0x0000000000000176       0x32 build/toy-train-config/production/_ext/1684995357/plib_nvmctrl.o
 .ARM.attributes
                0x00000000000001a8       0x32 build/toy-train-config/production/_ext/2031934962/plib_port.o
 .ARM.attributes
                0x00000000000001da       0x32 build/toy-train-config/production/_ext/2071837988/plib_sercom2_usart.o
 .ARM.attributes
                0x000000000000020c       0x32 build/toy-train-config/production/_ext/2071837988/plib_sercom0_usart.o
 .ARM.attributes
                0x000000000000023e       0x32 build/toy-train-config/production/_ext/1450520259/plib_systick.o
 .ARM.attributes
                0x0000000000000270       0x32 build/toy-train-config/production/_ext/873621700/plib_tc3.o
 .ARM.attributes
                0x00000000000002a2       0x32 build/toy-train-config/production/_ext/873621700/plib_tc4.o
 .ARM.attributes
                0x00000000000002d4       0x32 build/toy-train-config/production/_ext/1312468825/plib_tcc2.o
 .ARM.attributes
                0x0000000000000306       0x32 build/toy-train-config/production/_ext/1312468825/plib_tcc0.o
 .ARM.attributes
                0x0000000000000338       0x32 build/toy-train-config/production/_ext/1312465894/plib_wdt.o
 .ARM.attributes
                0x000000000000036a       0x32 build/toy-train-config/production/_ext/1423632105/initialization.o
 .ARM.attributes
                0x000000000000039c       0x32 build/toy-train-config/production/_ext/1423632105/interrupts.o
 .ARM.attributes
                0x00000000000003ce       0x32 build/toy-train-config/production/_ext/1423632105/exceptions.o
 .ARM.attributes
                0x0000000000000400       0x32 build/toy-train-config/production/_ext/336147711/startup_gcc.o
 .ARM.attributes
                0x0000000000000432       0x32 build/toy-train-config/production/_ext/1360937237/sampleMusicTwo.o
 .ARM.attributes
                0x0000000000000464       0x32 build/toy-train-config/production/_ext/1360937237/sampleMusicOne.o
 .ARM.attributes
                0x0000000000000496       0x32 build/toy-train-config/production/_ext/1360937237/powerOnMusic.o
 .ARM.attributes
                0x00000000000004c8       0x32 build/toy-train-config/production/_ext/1360937237/powerOffMusic.o
 .ARM.attributes
                0x00000000000004fa       0x32 build/toy-train-config/production/_ext/1360937237/hornMusic.o
 .ARM.attributes
                0x000000000000052c       0x32 build/toy-train-config/production/_ext/1360937237/carWashMusic.o
 .ARM.attributes
                0x000000000000055e       0x32 build/toy-train-config/production/_ext/1360937237/bleOnMusic.o
 .ARM.attributes
                0x0000000000000590       0x32 build/toy-train-config/production/_ext/1360937237/bleOffMusic.o
 .ARM.attributes
                0x00000000000005c2       0x32 build/toy-train-config/production/_ext/1360937237/bellMusic.o
 .ARM.attributes
                0x00000000000005f4       0x32 build/toy-train-config/production/_ext/1360937237/music.o
 .ARM.attributes
                0x0000000000000626       0x32 build/toy-train-config/production/_ext/1360937237/rgbLed.o
 .ARM.attributes
                0x0000000000000658       0x32 build/toy-train-config/production/_ext/1360937237/motorControl.o
 .ARM.attributes
                0x000000000000068a       0x32 build/toy-train-config/production/_ext/1360937237/main.o
 .ARM.attributes
                0x00000000000006bc       0x32 build/toy-train-config/production/_ext/1360937237/hallSensor.o
 .ARM.attributes
                0x00000000000006ee       0x32 build/toy-train-config/production/_ext/1360937237/colorDetect.o
 .ARM.attributes
                0x0000000000000720       0x32 build/toy-train-config/production/_ext/1360937237/bluetooth.o
 .ARM.attributes
                0x0000000000000752       0x32 build/toy-train-config/production/_ext/1360937237/audio.o
 .ARM.attributes
                0x0000000000000784       0x32 build/toy-train-config/production/_ext/1360937237/AppGlobals.o
 .ARM.attributes
                0x00000000000007b6       0x1e /home/babu/work-zone/firmware/microchip/gcc/arm-gnu-toolchain-6.3.1.508-linux.any.x86_64/arm-none-eabi/bin/../lib/gcc/arm-none-eabi/6.3.1/thumb/v6-m/libgcc.a(_thumb1_case_uqi.o)
 .ARM.attributes
                0x00000000000007d4       0x1e /home/babu/work-zone/firmware/microchip/gcc/arm-gnu-toolchain-6.3.1.508-linux.any.x86_64/arm-none-eabi/bin/../lib/gcc/arm-none-eabi/6.3.1/thumb/v6-m/libgcc.a(_divsi3.o)
 .ARM.attributes
                0x00000000000007f2       0x1e /home/babu/work-zone/firmware/microchip/gcc/arm-gnu-toolchain-6.3.1.508-linux.any.x86_64/arm-none-eabi/bin/../lib/gcc/arm-none-eabi/6.3.1/thumb/v6-m/libgcc.a(_dvmd_tls.o)
 .ARM.attributes
                0x0000000000000810       0x2c /home/babu/work-zone/firmware/microchip/gcc/arm-gnu-toolchain-6.3.1.508-linux.any.x86_64/arm-none-eabi/bin/../lib/gcc/arm-none-eabi/6.3.1/../../../../arm-none-eabi/lib/thumb/v6-m/libc.a(lib_a-impure.o)
 .ARM.attributes
                0x000000000000083c       0x2c /home/babu/work-zone/firmware/microchip/gcc/arm-gnu-toolchain-6.3.1.508-linux.any.x86_64/arm-none-eabi/bin/../lib/gcc/arm-none-eabi/6.3.1/../../../../arm-none-eabi/lib/thumb/v6-m/libc.a(lib_a-init.o)
 .ARM.attributes
                0x0000000000000868       0x2c /home/babu/work-zone/firmware/microchip/gcc/arm-gnu-toolchain-6.3.1.508-linux.any.x86_64/arm-none-eabi/bin/../lib/gcc/arm-none-eabi/6.3.1/../../../../arm-none-eabi/lib/thumb/v6-m/libc.a(lib_a-memcpy-stub.o)
 .ARM.attributes
                0x0000000000000894       0x2c /home/babu/work-zone/firmware/microchip/gcc/arm-gnu-toolchain-6.3.1.508-linux.any.x86_64/arm-none-eabi/bin/../lib/gcc/arm-none-eabi/6.3.1/../../../../arm-none-eabi/lib/thumb/v6-m/libc.a(lib_a-memset.o)
 .ARM.attributes
                0x00000000000008c0       0x2c /home/babu/work-zone/firmware/microchip/gcc/arm-gnu-toolchain-6.3.1.508-linux.any.x86_64/arm-none-eabi/bin/../lib/gcc/arm-none-eabi/6.3.1/../../../../arm-none-eabi/lib/thumb/v6-m/libc.a(lib_a-__call_atexit.o)
 .ARM.attributes
                0x00000000000008ec       0x2c /home/babu/work-zone/firmware/microchip/gcc/arm-gnu-toolchain-6.3.1.508-linux.any.x86_64/arm-none-eabi/bin/../lib/gcc/arm-none-eabi/6.3.1/../../../../arm-none-eabi/lib/thumb/v6-m/libc.a(lib_a-atexit.o)
 .ARM.attributes
                0x0000000000000918       0x2c /home/babu/work-zone/firmware/microchip/gcc/arm-gnu-toolchain-6.3.1.508-linux.any.x86_64/arm-none-eabi/bin/../lib/gcc/arm-none-eabi/6.3.1/../../../../arm-none-eabi/lib/thumb/v6-m/libc.a(lib_a-fini.o)
 .ARM.attributes
                0x0000000000000944       0x2c /home/babu/work-zone/firmware/microchip/gcc/arm-gnu-toolchain-6.3.1.508-linux.any.x86_64/arm-none-eabi/bin/../lib/gcc/arm-none-eabi/6.3.1/../../../../arm-none-eabi/lib/thumb/v6-m/libc.a(lib_a-lock.o)
 .ARM.attributes
                0x0000000000000970       0x2c /home/babu/work-zone/firmware/microchip/gcc/arm-gnu-toolchain-6.3.1.508-linux.any.x86_64/arm-none-eabi/bin/../lib/gcc/arm-none-eabi/6.3.1/../../../../arm-none-eabi/lib/thumb/v6-m/libc.a(lib_a-__atexit.o)
 .ARM.attributes
                0x000000000000099c       0x1e /home/babu/work-zone/firmware/microchip/gcc/arm-gnu-toolchain-6.3.1.508-linux.any.x86_64/arm-none-eabi/bin/../lib/gcc/arm-none-eabi/6.3.1/thumb/v6-m/crtn.o

.comment        0x0000000000000000       0x59
 .comment       0x0000000000000000       0x59 build/toy-train-config/production/_ext/1312487053/plib_adc.o
                                         0x5a (size before relaxing)
 .comment       0x0000000000000059       0x5a build/toy-train-config/production/_ext/1422427169/plib_clock.o
 .comment       0x0000000000000059       0x5a build/toy-train-config/production/_ext/1312484263/plib_dac.o
 .comment       0x0000000000000059       0x5a build/toy-train-config/production/_ext/2032294920/plib_dmac.o
 .comment       0x0000000000000059       0x5a build/toy-train-config/production/_ext/1424576655/plib_evsys.o
 .comment       0x0000000000000059       0x5a build/toy-train-config/production/_ext/2031988113/plib_nvic.o
 .comment       0x0000000000000059       0x5a build/toy-train-config/production/_ext/1684995357/plib_nvmctrl.o
 .comment       0x0000000000000059       0x5a build/toy-train-config/production/_ext/2031934962/plib_port.o
 .comment       0x0000000000000059       0x5a build/toy-train-config/production/_ext/2071837988/plib_sercom2_usart.o
 .comment       0x0000000000000059       0x5a build/toy-train-config/production/_ext/2071837988/plib_sercom0_usart.o
 .comment       0x0000000000000059       0x5a build/toy-train-config/production/_ext/1450520259/plib_systick.o
 .comment       0x0000000000000059       0x5a build/toy-train-config/production/_ext/873621700/plib_tc3.o
 .comment       0x0000000000000059       0x5a build/toy-train-config/production/_ext/873621700/plib_tc4.o
 .comment       0x0000000000000059       0x5a build/toy-train-config/production/_ext/1312468825/plib_tcc2.o
 .comment       0x0000000000000059       0x5a build/toy-train-config/production/_ext/1312468825/plib_tcc0.o
 .comment       0x0000000000000059       0x5a build/toy-train-config/production/_ext/1312465894/plib_wdt.o
 .comment       0x0000000000000059       0x5a build/toy-train-config/production/_ext/1423632105/initialization.o
 .comment       0x0000000000000059       0x5a build/toy-train-config/production/_ext/1423632105/interrupts.o
 .comment       0x0000000000000059       0x5a build/toy-train-config/production/_ext/1423632105/exceptions.o
 .comment       0x0000000000000059       0x5a build/toy-train-config/production/_ext/336147711/startup_gcc.o
 .comment       0x0000000000000059       0x5a build/toy-train-config/production/_ext/1360937237/sampleMusicTwo.o
 .comment       0x0000000000000059       0x5a build/toy-train-config/production/_ext/1360937237/sampleMusicOne.o
 .comment       0x0000000000000059       0x5a build/toy-train-config/production/_ext/1360937237/powerOnMusic.o
 .comment       0x0000000000000059       0x5a build/toy-train-config/production/_ext/1360937237/powerOffMusic.o
 .comment       0x0000000000000059       0x5a build/toy-train-config/production/_ext/1360937237/hornMusic.o
 .comment       0x0000000000000059       0x5a build/toy-train-config/production/_ext/1360937237/carWashMusic.o
 .comment       0x0000000000000059       0x5a build/toy-train-config/production/_ext/1360937237/bleOnMusic.o
 .comment       0x0000000000000059       0x5a build/toy-train-config/production/_ext/1360937237/bleOffMusic.o
 .comment       0x0000000000000059       0x5a build/toy-train-config/production/_ext/1360937237/bellMusic.o
 .comment       0x0000000000000059       0x5a build/toy-train-config/production/_ext/1360937237/music.o
 .comment       0x0000000000000059       0x5a build/toy-train-config/production/_ext/1360937237/rgbLed.o
 .comment       0x0000000000000059       0x5a build/toy-train-config/production/_ext/1360937237/motorControl.o
 .comment       0x0000000000000059       0x5a build/toy-train-config/production/_ext/1360937237/main.o
 .comment       0x0000000000000059       0x5a build/toy-train-config/production/_ext/1360937237/hallSensor.o
 .comment       0x0000000000000059       0x5a build/toy-train-config/production/_ext/1360937237/colorDetect.o
 .comment       0x0000000000000059       0x5a build/toy-train-config/production/_ext/1360937237/bluetooth.o
 .comment       0x0000000000000059       0x5a build/toy-train-config/production/_ext/1360937237/audio.o
 .comment       0x0000000000000059       0x5a build/toy-train-config/production/_ext/1360937237/AppGlobals.o

.debug_frame    0x0000000000000000      0x240
 .debug_frame   0x0000000000000000       0x20 /home/babu/work-zone/firmware/microchip/gcc/arm-gnu-toolchain-6.3.1.508-linux.any.x86_64/arm-none-eabi/bin/../lib/gcc/arm-none-eabi/6.3.1/thumb/v6-m/libgcc.a(_divsi3.o)
 .debug_frame   0x0000000000000020       0x2c /home/babu/work-zone/firmware/microchip/gcc/arm-gnu-toolchain-6.3.1.508-linux.any.x86_64/arm-none-eabi/bin/../lib/gcc/arm-none-eabi/6.3.1/../../../../arm-none-eabi/lib/thumb/v6-m/libc.a(lib_a-init.o)
 .debug_frame   0x000000000000004c       0x30 /home/babu/work-zone/firmware/microchip/gcc/arm-gnu-toolchain-6.3.1.508-linux.any.x86_64/arm-none-eabi/bin/../lib/gcc/arm-none-eabi/6.3.1/../../../../arm-none-eabi/lib/thumb/v6-m/libc.a(lib_a-memcpy-stub.o)
 .debug_frame   0x000000000000007c       0x30 /home/babu/work-zone/firmware/microchip/gcc/arm-gnu-toolchain-6.3.1.508-linux.any.x86_64/arm-none-eabi/bin/../lib/gcc/arm-none-eabi/6.3.1/../../../../arm-none-eabi/lib/thumb/v6-m/libc.a(lib_a-memset.o)
 .debug_frame   0x00000000000000ac       0x54 /home/babu/work-zone/firmware/microchip/gcc/arm-gnu-toolchain-6.3.1.508-linux.any.x86_64/arm-none-eabi/bin/../lib/gcc/arm-none-eabi/6.3.1/../../../../arm-none-eabi/lib/thumb/v6-m/libc.a(lib_a-__call_atexit.o)
 .debug_frame   0x0000000000000100       0x28 /home/babu/work-zone/firmware/microchip/gcc/arm-gnu-toolchain-6.3.1.508-linux.any.x86_64/arm-none-eabi/bin/../lib/gcc/arm-none-eabi/6.3.1/../../../../arm-none-eabi/lib/thumb/v6-m/libc.a(lib_a-atexit.o)
 .debug_frame   0x0000000000000128       0x2c /home/babu/work-zone/firmware/microchip/gcc/arm-gnu-toolchain-6.3.1.508-linux.any.x86_64/arm-none-eabi/bin/../lib/gcc/arm-none-eabi/6.3.1/../../../../arm-none-eabi/lib/thumb/v6-m/libc.a(lib_a-fini.o)
 .debug_frame   0x0000000000000154       0xb0 /home/babu/work-zone/firmware/microchip/gcc/arm-gnu-toolchain-6.3.1.508-linux.any.x86_64/arm-none-eabi/bin/../lib/gcc/arm-none-eabi/6.3.1/../../../../arm-none-eabi/lib/thumb/v6-m/libc.a(lib_a-lock.o)
 .debug_frame   0x0000000000000204       0x3c /home/babu/work-zone/firmware/microchip/gcc/arm-gnu-toolchain-6.3.1.508-linux.any.x86_64/arm-none-eabi/bin/../lib/gcc/arm-none-eabi/6.3.1/../../../../arm-none-eabi/lib/thumb/v6-m/libc.a(lib_a-__atexit.o)
