Archive member included to satisfy reference by file (symbol)

/home/afzal/work-zone/MPlab-x/gcc/gcc-64/arm-gnu-toolchain-6.3.1.508-linux.any.x86_64/arm-none-eabi/bin/../lib/gcc/arm-none-eabi/6.3.1/thumb/v6-m/libgcc.a(_divsi3.o)
                              build/toytrain-config/production/_ext/1239984807/colorDetect.o (__aeabi_idiv)
/home/afzal/work-zone/MPlab-x/gcc/gcc-64/arm-gnu-toolchain-6.3.1.508-linux.any.x86_64/arm-none-eabi/bin/../lib/gcc/arm-none-eabi/6.3.1/thumb/v6-m/libgcc.a(_dvmd_tls.o)
                              /home/afzal/work-zone/MPlab-x/gcc/gcc-64/arm-gnu-toolchain-6.3.1.508-linux.any.x86_64/arm-none-eabi/bin/../lib/gcc/arm-none-eabi/6.3.1/thumb/v6-m/libgcc.a(_divsi3.o) (__aeabi_idiv0)
/home/afzal/work-zone/MPlab-x/gcc/gcc-64/arm-gnu-toolchain-6.3.1.508-linux.any.x86_64/arm-none-eabi/bin/../lib/gcc/arm-none-eabi/6.3.1/thumb/v6-m/libgcc.a(_aeabi_uldivmod.o)
                              build/toytrain-config/production/_ext/332908461/plib_sercom2_usart.o (__aeabi_uldivmod)
/home/afzal/work-zone/MPlab-x/gcc/gcc-64/arm-gnu-toolchain-6.3.1.508-linux.any.x86_64/arm-none-eabi/bin/../lib/gcc/arm-none-eabi/6.3.1/thumb/v6-m/libgcc.a(_muldi3.o)
                              build/toytrain-config/production/_ext/332908461/plib_sercom2_usart.o (__aeabi_lmul)
/home/afzal/work-zone/MPlab-x/gcc/gcc-64/arm-gnu-toolchain-6.3.1.508-linux.any.x86_64/arm-none-eabi/bin/../lib/gcc/arm-none-eabi/6.3.1/thumb/v6-m/libgcc.a(_udivmoddi4.o)
                              /home/afzal/work-zone/MPlab-x/gcc/gcc-64/arm-gnu-toolchain-6.3.1.508-linux.any.x86_64/arm-none-eabi/bin/../lib/gcc/arm-none-eabi/6.3.1/thumb/v6-m/libgcc.a(_aeabi_uldivmod.o) (__udivmoddi4)
/home/afzal/work-zone/MPlab-x/gcc/gcc-64/arm-gnu-toolchain-6.3.1.508-linux.any.x86_64/arm-none-eabi/bin/../lib/gcc/arm-none-eabi/6.3.1/thumb/v6-m/libgcc.a(_clzdi2.o)
                              /home/afzal/work-zone/MPlab-x/gcc/gcc-64/arm-gnu-toolchain-6.3.1.508-linux.any.x86_64/arm-none-eabi/bin/../lib/gcc/arm-none-eabi/6.3.1/thumb/v6-m/libgcc.a(_udivmoddi4.o) (__clzdi2)
/home/afzal/work-zone/MPlab-x/gcc/gcc-64/arm-gnu-toolchain-6.3.1.508-linux.any.x86_64/arm-none-eabi/bin/../lib/gcc/arm-none-eabi/6.3.1/thumb/v6-m/libgcc.a(_clzsi2.o)
                              /home/afzal/work-zone/MPlab-x/gcc/gcc-64/arm-gnu-toolchain-6.3.1.508-linux.any.x86_64/arm-none-eabi/bin/../lib/gcc/arm-none-eabi/6.3.1/thumb/v6-m/libgcc.a(_clzdi2.o) (__clzsi2)
/home/afzal/work-zone/MPlab-x/gcc/gcc-64/arm-gnu-toolchain-6.3.1.508-linux.any.x86_64/arm-none-eabi/bin/../lib/gcc/arm-none-eabi/6.3.1/../../../../arm-none-eabi/lib/thumb/v6-m/libc.a(lib_a-exit.o)
                              /home/afzal/work-zone/MPlab-x/gcc/gcc-64/arm-gnu-toolchain-6.3.1.508-linux.any.x86_64/arm-none-eabi/bin/../lib/gcc/arm-none-eabi/6.3.1/../../../../arm-none-eabi/lib/thumb/v6-m/crt0.o (exit)
/home/afzal/work-zone/MPlab-x/gcc/gcc-64/arm-gnu-toolchain-6.3.1.508-linux.any.x86_64/arm-none-eabi/bin/../lib/gcc/arm-none-eabi/6.3.1/../../../../arm-none-eabi/lib/thumb/v6-m/libc.a(lib_a-impure.o)
                              /home/afzal/work-zone/MPlab-x/gcc/gcc-64/arm-gnu-toolchain-6.3.1.508-linux.any.x86_64/arm-none-eabi/bin/../lib/gcc/arm-none-eabi/6.3.1/../../../../arm-none-eabi/lib/thumb/v6-m/libc.a(lib_a-exit.o) (_global_impure_ptr)
/home/afzal/work-zone/MPlab-x/gcc/gcc-64/arm-gnu-toolchain-6.3.1.508-linux.any.x86_64/arm-none-eabi/bin/../lib/gcc/arm-none-eabi/6.3.1/../../../../arm-none-eabi/lib/thumb/v6-m/libc.a(lib_a-init.o)
                              /home/afzal/work-zone/MPlab-x/gcc/gcc-64/arm-gnu-toolchain-6.3.1.508-linux.any.x86_64/arm-none-eabi/bin/../lib/gcc/arm-none-eabi/6.3.1/../../../../arm-none-eabi/lib/thumb/v6-m/crt0.o (__libc_init_array)
/home/afzal/work-zone/MPlab-x/gcc/gcc-64/arm-gnu-toolchain-6.3.1.508-linux.any.x86_64/arm-none-eabi/bin/../lib/gcc/arm-none-eabi/6.3.1/../../../../arm-none-eabi/lib/thumb/v6-m/libc.a(lib_a-memcpy-stub.o)
                              build/toytrain-config/production/_ext/2068134214/plib_nvmctrl.o (memcpy)
/home/afzal/work-zone/MPlab-x/gcc/gcc-64/arm-gnu-toolchain-6.3.1.508-linux.any.x86_64/arm-none-eabi/bin/../lib/gcc/arm-none-eabi/6.3.1/../../../../arm-none-eabi/lib/thumb/v6-m/libc.a(lib_a-memset.o)
                              /home/afzal/work-zone/MPlab-x/gcc/gcc-64/arm-gnu-toolchain-6.3.1.508-linux.any.x86_64/arm-none-eabi/bin/../lib/gcc/arm-none-eabi/6.3.1/../../../../arm-none-eabi/lib/thumb/v6-m/crt0.o (memset)
/home/afzal/work-zone/MPlab-x/gcc/gcc-64/arm-gnu-toolchain-6.3.1.508-linux.any.x86_64/arm-none-eabi/bin/../lib/gcc/arm-none-eabi/6.3.1/../../../../arm-none-eabi/lib/thumb/v6-m/libc.a(lib_a-__call_atexit.o)
                              /home/afzal/work-zone/MPlab-x/gcc/gcc-64/arm-gnu-toolchain-6.3.1.508-linux.any.x86_64/arm-none-eabi/bin/../lib/gcc/arm-none-eabi/6.3.1/../../../../arm-none-eabi/lib/thumb/v6-m/libc.a(lib_a-exit.o) (__call_exitprocs)
/home/afzal/work-zone/MPlab-x/gcc/gcc-64/arm-gnu-toolchain-6.3.1.508-linux.any.x86_64/arm-none-eabi/bin/../lib/gcc/arm-none-eabi/6.3.1/../../../../arm-none-eabi/lib/thumb/v6-m/libc.a(lib_a-atexit.o)
                              /home/afzal/work-zone/MPlab-x/gcc/gcc-64/arm-gnu-toolchain-6.3.1.508-linux.any.x86_64/arm-none-eabi/bin/../lib/gcc/arm-none-eabi/6.3.1/../../../../arm-none-eabi/lib/thumb/v6-m/libc.a(lib_a-__call_atexit.o) (atexit)
/home/afzal/work-zone/MPlab-x/gcc/gcc-64/arm-gnu-toolchain-6.3.1.508-linux.any.x86_64/arm-none-eabi/bin/../lib/gcc/arm-none-eabi/6.3.1/../../../../arm-none-eabi/lib/thumb/v6-m/libc.a(lib_a-fini.o)
                              /home/afzal/work-zone/MPlab-x/gcc/gcc-64/arm-gnu-toolchain-6.3.1.508-linux.any.x86_64/arm-none-eabi/bin/../lib/gcc/arm-none-eabi/6.3.1/../../../../arm-none-eabi/lib/thumb/v6-m/libc.a(lib_a-__call_atexit.o) (__libc_fini_array)
/home/afzal/work-zone/MPlab-x/gcc/gcc-64/arm-gnu-toolchain-6.3.1.508-linux.any.x86_64/arm-none-eabi/bin/../lib/gcc/arm-none-eabi/6.3.1/../../../../arm-none-eabi/lib/thumb/v6-m/libc.a(lib_a-lock.o)
                              /home/afzal/work-zone/MPlab-x/gcc/gcc-64/arm-gnu-toolchain-6.3.1.508-linux.any.x86_64/arm-none-eabi/bin/../lib/gcc/arm-none-eabi/6.3.1/../../../../arm-none-eabi/lib/thumb/v6-m/libc.a(lib_a-__call_atexit.o) (__retarget_lock_acquire_recursive)
/home/afzal/work-zone/MPlab-x/gcc/gcc-64/arm-gnu-toolchain-6.3.1.508-linux.any.x86_64/arm-none-eabi/bin/../lib/gcc/arm-none-eabi/6.3.1/../../../../arm-none-eabi/lib/thumb/v6-m/libc.a(lib_a-__atexit.o)
                              /home/afzal/work-zone/MPlab-x/gcc/gcc-64/arm-gnu-toolchain-6.3.1.508-linux.any.x86_64/arm-none-eabi/bin/../lib/gcc/arm-none-eabi/6.3.1/../../../../arm-none-eabi/lib/thumb/v6-m/libc.a(lib_a-atexit.o) (__register_exitproc)

Allocating common symbols
Common symbol       size              file

__lock___atexit_recursive_mutex
                    0x1               /home/afzal/work-zone/MPlab-x/gcc/gcc-64/arm-gnu-toolchain-6.3.1.508-linux.any.x86_64/arm-none-eabi/bin/../lib/gcc/arm-none-eabi/6.3.1/../../../../arm-none-eabi/lib/thumb/v6-m/libc.a(lib_a-lock.o)
__lock___arc4random_mutex
                    0x1               /home/afzal/work-zone/MPlab-x/gcc/gcc-64/arm-gnu-toolchain-6.3.1.508-linux.any.x86_64/arm-none-eabi/bin/../lib/gcc/arm-none-eabi/6.3.1/../../../../arm-none-eabi/lib/thumb/v6-m/libc.a(lib_a-lock.o)
__lock___env_recursive_mutex
                    0x1               /home/afzal/work-zone/MPlab-x/gcc/gcc-64/arm-gnu-toolchain-6.3.1.508-linux.any.x86_64/arm-none-eabi/bin/../lib/gcc/arm-none-eabi/6.3.1/../../../../arm-none-eabi/lib/thumb/v6-m/libc.a(lib_a-lock.o)
__lock___sinit_recursive_mutex
                    0x1               /home/afzal/work-zone/MPlab-x/gcc/gcc-64/arm-gnu-toolchain-6.3.1.508-linux.any.x86_64/arm-none-eabi/bin/../lib/gcc/arm-none-eabi/6.3.1/../../../../arm-none-eabi/lib/thumb/v6-m/libc.a(lib_a-lock.o)
hallSensor          0x3               build/toytrain-config/production/_ext/1239984807/hallSensor.o
__lock___malloc_recursive_mutex
                    0x1               /home/afzal/work-zone/MPlab-x/gcc/gcc-64/arm-gnu-toolchain-6.3.1.508-linux.any.x86_64/arm-none-eabi/bin/../lib/gcc/arm-none-eabi/6.3.1/../../../../arm-none-eabi/lib/thumb/v6-m/libc.a(lib_a-lock.o)
motor               0x4               build/toytrain-config/production/_ext/1239984807/motorControl.o
__lock___at_quick_exit_mutex
                    0x1               /home/afzal/work-zone/MPlab-x/gcc/gcc-64/arm-gnu-toolchain-6.3.1.508-linux.any.x86_64/arm-none-eabi/bin/../lib/gcc/arm-none-eabi/6.3.1/../../../../arm-none-eabi/lib/thumb/v6-m/libc.a(lib_a-lock.o)
__lock___dd_hash_mutex
                    0x1               /home/afzal/work-zone/MPlab-x/gcc/gcc-64/arm-gnu-toolchain-6.3.1.508-linux.any.x86_64/arm-none-eabi/bin/../lib/gcc/arm-none-eabi/6.3.1/../../../../arm-none-eabi/lib/thumb/v6-m/libc.a(lib_a-lock.o)
__lock___tz_mutex   0x1               /home/afzal/work-zone/MPlab-x/gcc/gcc-64/arm-gnu-toolchain-6.3.1.508-linux.any.x86_64/arm-none-eabi/bin/../lib/gcc/arm-none-eabi/6.3.1/../../../../arm-none-eabi/lib/thumb/v6-m/libc.a(lib_a-lock.o)
__lock___sfp_recursive_mutex
                    0x1               /home/afzal/work-zone/MPlab-x/gcc/gcc-64/arm-gnu-toolchain-6.3.1.508-linux.any.x86_64/arm-none-eabi/bin/../lib/gcc/arm-none-eabi/6.3.1/../../../../arm-none-eabi/lib/thumb/v6-m/libc.a(lib_a-lock.o)

Discarded input sections

 .text          0x0000000000000000        0x0 /home/afzal/work-zone/MPlab-x/gcc/gcc-64/arm-gnu-toolchain-6.3.1.508-linux.any.x86_64/arm-none-eabi/bin/../lib/gcc/arm-none-eabi/6.3.1/thumb/v6-m/crti.o
 .data          0x0000000000000000        0x0 /home/afzal/work-zone/MPlab-x/gcc/gcc-64/arm-gnu-toolchain-6.3.1.508-linux.any.x86_64/arm-none-eabi/bin/../lib/gcc/arm-none-eabi/6.3.1/thumb/v6-m/crti.o
 .bss           0x0000000000000000        0x0 /home/afzal/work-zone/MPlab-x/gcc/gcc-64/arm-gnu-toolchain-6.3.1.508-linux.any.x86_64/arm-none-eabi/bin/../lib/gcc/arm-none-eabi/6.3.1/thumb/v6-m/crti.o
 .data          0x0000000000000000        0x4 /home/afzal/work-zone/MPlab-x/gcc/gcc-64/arm-gnu-toolchain-6.3.1.508-linux.any.x86_64/arm-none-eabi/bin/../lib/gcc/arm-none-eabi/6.3.1/thumb/v6-m/crtbegin.o
 .text          0x0000000000000000       0x78 /home/afzal/work-zone/MPlab-x/gcc/gcc-64/arm-gnu-toolchain-6.3.1.508-linux.any.x86_64/arm-none-eabi/bin/../lib/gcc/arm-none-eabi/6.3.1/../../../../arm-none-eabi/lib/thumb/v6-m/crt0.o
 .data          0x0000000000000000        0x0 /home/afzal/work-zone/MPlab-x/gcc/gcc-64/arm-gnu-toolchain-6.3.1.508-linux.any.x86_64/arm-none-eabi/bin/../lib/gcc/arm-none-eabi/6.3.1/../../../../arm-none-eabi/lib/thumb/v6-m/crt0.o
 .bss           0x0000000000000000        0x0 /home/afzal/work-zone/MPlab-x/gcc/gcc-64/arm-gnu-toolchain-6.3.1.508-linux.any.x86_64/arm-none-eabi/bin/../lib/gcc/arm-none-eabi/6.3.1/../../../../arm-none-eabi/lib/thumb/v6-m/crt0.o
 .ARM.extab     0x0000000000000000        0x0 /home/afzal/work-zone/MPlab-x/gcc/gcc-64/arm-gnu-toolchain-6.3.1.508-linux.any.x86_64/arm-none-eabi/bin/../lib/gcc/arm-none-eabi/6.3.1/../../../../arm-none-eabi/lib/thumb/v6-m/crt0.o
 .ARM.exidx     0x0000000000000000        0x8 /home/afzal/work-zone/MPlab-x/gcc/gcc-64/arm-gnu-toolchain-6.3.1.508-linux.any.x86_64/arm-none-eabi/bin/../lib/gcc/arm-none-eabi/6.3.1/../../../../arm-none-eabi/lib/thumb/v6-m/crt0.o
 .ARM.attributes
                0x0000000000000000       0x1b /home/afzal/work-zone/MPlab-x/gcc/gcc-64/arm-gnu-toolchain-6.3.1.508-linux.any.x86_64/arm-none-eabi/bin/../lib/gcc/arm-none-eabi/6.3.1/../../../../arm-none-eabi/lib/thumb/v6-m/crt0.o
 .text          0x0000000000000000        0x0 build/toytrain-config/production/_ext/2068134214/plib_nvmctrl.o
 .data          0x0000000000000000        0x0 build/toytrain-config/production/_ext/2068134214/plib_nvmctrl.o
 .bss           0x0000000000000000        0x0 build/toytrain-config/production/_ext/2068134214/plib_nvmctrl.o
 .text.NVMCTRL_CacheInvalidate
                0x0000000000000000       0x10 build/toytrain-config/production/_ext/2068134214/plib_nvmctrl.o
 .text.NVMCTRL_Read
                0x0000000000000000       0x14 build/toytrain-config/production/_ext/2068134214/plib_nvmctrl.o
 .text.NVMCTRL_PageBufferWrite
                0x0000000000000000       0x12 build/toytrain-config/production/_ext/2068134214/plib_nvmctrl.o
 .text.NVMCTRL_PageBufferCommit
                0x0000000000000000       0x18 build/toytrain-config/production/_ext/2068134214/plib_nvmctrl.o
 .text.NVMCTRL_PageWrite
                0x0000000000000000       0x28 build/toytrain-config/production/_ext/2068134214/plib_nvmctrl.o
 .text.NVMCTRL_RowErase
                0x0000000000000000       0x18 build/toytrain-config/production/_ext/2068134214/plib_nvmctrl.o
 .text.NVMCTRL_ErrorGet
                0x0000000000000000       0x2c build/toytrain-config/production/_ext/2068134214/plib_nvmctrl.o
 .text.NVMCTRL_IsBusy
                0x0000000000000000       0x10 build/toytrain-config/production/_ext/2068134214/plib_nvmctrl.o
 .text.NVMCTRL_RegionLock
                0x0000000000000000       0x14 build/toytrain-config/production/_ext/2068134214/plib_nvmctrl.o
 .text.NVMCTRL_RegionUnlock
                0x0000000000000000       0x14 build/toytrain-config/production/_ext/2068134214/plib_nvmctrl.o
 .text          0x0000000000000000        0x0 build/toytrain-config/production/_ext/1936712154/plib_evsys.o
 .data          0x0000000000000000        0x0 build/toytrain-config/production/_ext/1936712154/plib_evsys.o
 .bss           0x0000000000000000        0x0 build/toytrain-config/production/_ext/1936712154/plib_evsys.o
 .text          0x0000000000000000        0x0 build/toytrain-config/production/_ext/1360937237/main.o
 .data          0x0000000000000000        0x0 build/toytrain-config/production/_ext/1360937237/main.o
 .text.APP_ADCCallback
                0x0000000000000000        0x2 build/toytrain-config/production/_ext/1360937237/main.o
 .text          0x0000000000000000        0x0 build/toytrain-config/production/_ext/1672823694/initialization.o
 .data          0x0000000000000000        0x0 build/toytrain-config/production/_ext/1672823694/initialization.o
 .bss           0x0000000000000000        0x0 build/toytrain-config/production/_ext/1672823694/initialization.o
 .text          0x0000000000000000        0x0 build/toytrain-config/production/_ext/1672823694/interrupts.o
 .data          0x0000000000000000        0x0 build/toytrain-config/production/_ext/1672823694/interrupts.o
 .bss           0x0000000000000000        0x0 build/toytrain-config/production/_ext/1672823694/interrupts.o
 .text          0x0000000000000000        0x0 build/toytrain-config/production/_ext/1672823694/exceptions.o
 .data          0x0000000000000000        0x0 build/toytrain-config/production/_ext/1672823694/exceptions.o
 .bss           0x0000000000000000        0x0 build/toytrain-config/production/_ext/1672823694/exceptions.o
 .text          0x0000000000000000        0x0 build/toytrain-config/production/_ext/1863268969/plib_port.o
 .data          0x0000000000000000        0x0 build/toytrain-config/production/_ext/1863268969/plib_port.o
 .bss           0x0000000000000000        0x0 build/toytrain-config/production/_ext/1863268969/plib_port.o
 .text.PORT_GroupRead
                0x0000000000000000        0x4 build/toytrain-config/production/_ext/1863268969/plib_port.o
 .text.PORT_GroupWrite
                0x0000000000000000        0xc build/toytrain-config/production/_ext/1863268969/plib_port.o
 .text.PORT_GroupLatchRead
                0x0000000000000000        0x4 build/toytrain-config/production/_ext/1863268969/plib_port.o
 .text.PORT_GroupSet
                0x0000000000000000        0x4 build/toytrain-config/production/_ext/1863268969/plib_port.o
 .text.PORT_GroupClear
                0x0000000000000000        0x4 build/toytrain-config/production/_ext/1863268969/plib_port.o
 .text.PORT_GroupToggle
                0x0000000000000000        0x4 build/toytrain-config/production/_ext/1863268969/plib_port.o
 .text.PORT_GroupInputEnable
                0x0000000000000000        0x4 build/toytrain-config/production/_ext/1863268969/plib_port.o
 .text.PORT_GroupOutputEnable
                0x0000000000000000        0x4 build/toytrain-config/production/_ext/1863268969/plib_port.o
 .text.PORT_PinPeripheralFunctionConfig
                0x0000000000000000       0x44 build/toytrain-config/production/_ext/1863268969/plib_port.o
 .text.PORT_PinGPIOConfig
                0x0000000000000000       0x20 build/toytrain-config/production/_ext/1863268969/plib_port.o
 .text          0x0000000000000000        0x0 build/toytrain-config/production/_ext/1938861640/plib_clock.o
 .data          0x0000000000000000        0x0 build/toytrain-config/production/_ext/1938861640/plib_clock.o
 .bss           0x0000000000000000        0x0 build/toytrain-config/production/_ext/1938861640/plib_clock.o
 .text          0x0000000000000000        0x0 build/toytrain-config/production/_ext/1863322120/plib_nvic.o
 .data          0x0000000000000000        0x0 build/toytrain-config/production/_ext/1863322120/plib_nvic.o
 .bss           0x0000000000000000        0x0 build/toytrain-config/production/_ext/1863322120/plib_nvic.o
 .text.NVIC_INT_Disable
                0x0000000000000000       0x12 build/toytrain-config/production/_ext/1863322120/plib_nvic.o
 .text.NVIC_INT_Restore
                0x0000000000000000       0x14 build/toytrain-config/production/_ext/1863322120/plib_nvic.o
 .text          0x0000000000000000        0x0 build/toytrain-config/production/_ext/1833659116/plib_systick.o
 .data          0x0000000000000000        0x0 build/toytrain-config/production/_ext/1833659116/plib_systick.o
 .text.SYSTICK_TimerRestart
                0x0000000000000000       0x1c build/toytrain-config/production/_ext/1833659116/plib_systick.o
 .text.SYSTICK_TimerStop
                0x0000000000000000       0x10 build/toytrain-config/production/_ext/1833659116/plib_systick.o
 .text.SYSTICK_TimerPeriodSet
                0x0000000000000000        0xc build/toytrain-config/production/_ext/1833659116/plib_systick.o
 .text.SYSTICK_TimerPeriodGet
                0x0000000000000000        0xc build/toytrain-config/production/_ext/1833659116/plib_systick.o
 .text.SYSTICK_TimerCounterGet
                0x0000000000000000        0xc build/toytrain-config/production/_ext/1833659116/plib_systick.o
 .text.SYSTICK_TimerFrequencyGet
                0x0000000000000000        0x8 build/toytrain-config/production/_ext/1833659116/plib_systick.o
 .text.SYSTICK_DelayUs
                0x0000000000000000       0x34 build/toytrain-config/production/_ext/1833659116/plib_systick.o
 .text          0x0000000000000000        0x0 build/toytrain-config/production/_ext/1672823694/libc_syscalls.o
 .data          0x0000000000000000        0x0 build/toytrain-config/production/_ext/1672823694/libc_syscalls.o
 .bss           0x0000000000000000        0x0 build/toytrain-config/production/_ext/1672823694/libc_syscalls.o
 .text._exit    0x0000000000000000        0x2 build/toytrain-config/production/_ext/1672823694/libc_syscalls.o
 .comment       0x0000000000000000       0x5a build/toytrain-config/production/_ext/1672823694/libc_syscalls.o
 .ARM.attributes
                0x0000000000000000       0x32 build/toytrain-config/production/_ext/1672823694/libc_syscalls.o
 .text          0x0000000000000000        0x0 build/toytrain-config/production/_ext/1675061921/startup_gcc.o
 .data          0x0000000000000000        0x0 build/toytrain-config/production/_ext/1675061921/startup_gcc.o
 .bss           0x0000000000000000        0x0 build/toytrain-config/production/_ext/1675061921/startup_gcc.o
 .text          0x0000000000000000        0x0 build/toytrain-config/production/_ext/1675061921/gcc_monitor.o
 .data          0x0000000000000000        0x0 build/toytrain-config/production/_ext/1675061921/gcc_monitor.o
 .bss           0x0000000000000000        0x0 build/toytrain-config/production/_ext/1675061921/gcc_monitor.o
 .text._read    0x0000000000000000        0xe build/toytrain-config/production/_ext/1675061921/gcc_monitor.o
 .text._write   0x0000000000000000       0x16 build/toytrain-config/production/_ext/1675061921/gcc_monitor.o
 .comment       0x0000000000000000       0x5a build/toytrain-config/production/_ext/1675061921/gcc_monitor.o
 .ARM.attributes
                0x0000000000000000       0x32 build/toytrain-config/production/_ext/1675061921/gcc_monitor.o
 .text          0x0000000000000000        0x0 build/toytrain-config/production/_ext/332908461/plib_sercom2_usart.o
 .data          0x0000000000000000        0x0 build/toytrain-config/production/_ext/332908461/plib_sercom2_usart.o
 .bss           0x0000000000000000        0x0 build/toytrain-config/production/_ext/332908461/plib_sercom2_usart.o
 .text.SERCOM2_USART_ErrorClear.part.0
                0x0000000000000000       0x1c build/toytrain-config/production/_ext/332908461/plib_sercom2_usart.o
 .text.SERCOM2_USART_FrequencyGet
                0x0000000000000000        0x8 build/toytrain-config/production/_ext/332908461/plib_sercom2_usart.o
 .text.SERCOM2_USART_SerialSetup
                0x0000000000000000      0x100 build/toytrain-config/production/_ext/332908461/plib_sercom2_usart.o
 .text.SERCOM2_USART_ErrorGet
                0x0000000000000000       0x24 build/toytrain-config/production/_ext/332908461/plib_sercom2_usart.o
 .text.SERCOM2_USART_TransmitterEnable
                0x0000000000000000       0x18 build/toytrain-config/production/_ext/332908461/plib_sercom2_usart.o
 .text.SERCOM2_USART_TransmitterDisable
                0x0000000000000000       0x1c build/toytrain-config/production/_ext/332908461/plib_sercom2_usart.o
 .text.SERCOM2_USART_Write
                0x0000000000000000       0x3c build/toytrain-config/production/_ext/332908461/plib_sercom2_usart.o
 .text.SERCOM2_USART_TransmitterIsReady
                0x0000000000000000       0x10 build/toytrain-config/production/_ext/332908461/plib_sercom2_usart.o
 .text.SERCOM2_USART_TransmitComplete
                0x0000000000000000       0x10 build/toytrain-config/production/_ext/332908461/plib_sercom2_usart.o
 .text.SERCOM2_USART_WriteByte
                0x0000000000000000       0x14 build/toytrain-config/production/_ext/332908461/plib_sercom2_usart.o
 .text.SERCOM2_USART_ReceiverEnable
                0x0000000000000000       0x18 build/toytrain-config/production/_ext/332908461/plib_sercom2_usart.o
 .text.SERCOM2_USART_ReceiverDisable
                0x0000000000000000       0x1c build/toytrain-config/production/_ext/332908461/plib_sercom2_usart.o
 .text.SERCOM2_USART_Read
                0x0000000000000000       0x5c build/toytrain-config/production/_ext/332908461/plib_sercom2_usart.o
 .text.SERCOM2_USART_ReceiverIsReady
                0x0000000000000000       0x10 build/toytrain-config/production/_ext/332908461/plib_sercom2_usart.o
 .text.SERCOM2_USART_ReadByte
                0x0000000000000000        0xc build/toytrain-config/production/_ext/332908461/plib_sercom2_usart.o
 .text          0x0000000000000000        0x0 build/toytrain-config/production/_ext/332908461/plib_sercom0_usart.o
 .data          0x0000000000000000        0x0 build/toytrain-config/production/_ext/332908461/plib_sercom0_usart.o
 .bss           0x0000000000000000        0x0 build/toytrain-config/production/_ext/332908461/plib_sercom0_usart.o
 .text.SERCOM0_USART_ErrorClear.part.0
                0x0000000000000000       0x1c build/toytrain-config/production/_ext/332908461/plib_sercom0_usart.o
 .text.SERCOM0_USART_FrequencyGet
                0x0000000000000000        0x8 build/toytrain-config/production/_ext/332908461/plib_sercom0_usart.o
 .text.SERCOM0_USART_SerialSetup
                0x0000000000000000      0x100 build/toytrain-config/production/_ext/332908461/plib_sercom0_usart.o
 .text.SERCOM0_USART_ErrorGet
                0x0000000000000000       0x24 build/toytrain-config/production/_ext/332908461/plib_sercom0_usart.o
 .text.SERCOM0_USART_TransmitterEnable
                0x0000000000000000       0x18 build/toytrain-config/production/_ext/332908461/plib_sercom0_usart.o
 .text.SERCOM0_USART_TransmitterDisable
                0x0000000000000000       0x1c build/toytrain-config/production/_ext/332908461/plib_sercom0_usart.o
 .text.SERCOM0_USART_TransmitterIsReady
                0x0000000000000000       0x10 build/toytrain-config/production/_ext/332908461/plib_sercom0_usart.o
 .text.SERCOM0_USART_TransmitComplete
                0x0000000000000000       0x10 build/toytrain-config/production/_ext/332908461/plib_sercom0_usart.o
 .text.SERCOM0_USART_WriteByte
                0x0000000000000000       0x14 build/toytrain-config/production/_ext/332908461/plib_sercom0_usart.o
 .text.SERCOM0_USART_ReceiverEnable
                0x0000000000000000       0x18 build/toytrain-config/production/_ext/332908461/plib_sercom0_usart.o
 .text.SERCOM0_USART_ReceiverDisable
                0x0000000000000000       0x1c build/toytrain-config/production/_ext/332908461/plib_sercom0_usart.o
 .text.SERCOM0_USART_Read
                0x0000000000000000       0x5c build/toytrain-config/production/_ext/332908461/plib_sercom0_usart.o
 .text.SERCOM0_USART_ReceiverIsReady
                0x0000000000000000       0x10 build/toytrain-config/production/_ext/332908461/plib_sercom0_usart.o
 .text.SERCOM0_USART_ReadByte
                0x0000000000000000        0xc build/toytrain-config/production/_ext/332908461/plib_sercom0_usart.o
 .text          0x0000000000000000        0x0 build/toytrain-config/production/_ext/1239984807/AppGlobals.o
 .text.testFunc
                0x0000000000000000        0x2 build/toytrain-config/production/_ext/1239984807/AppGlobals.o
 .text          0x0000000000000000        0x0 build/toytrain-config/production/_ext/1239984807/colorDetect.o
 .data          0x0000000000000000        0x0 build/toytrain-config/production/_ext/1239984807/colorDetect.o
 .bss           0x0000000000000000       0x15 build/toytrain-config/production/_ext/1239984807/colorDetect.o
 .text.initColorDetection
                0x0000000000000000        0x2 build/toytrain-config/production/_ext/1239984807/colorDetect.o
 .text.colorWrite
                0x0000000000000000        0x2 build/toytrain-config/production/_ext/1239984807/colorDetect.o
 .text.getColor
                0x0000000000000000      0x190 build/toytrain-config/production/_ext/1239984807/colorDetect.o
 .text.reading  0x0000000000000000       0x10 build/toytrain-config/production/_ext/1239984807/colorDetect.o
 .comment       0x0000000000000000       0x5a build/toytrain-config/production/_ext/1239984807/colorDetect.o
 .ARM.attributes
                0x0000000000000000       0x32 build/toytrain-config/production/_ext/1239984807/colorDetect.o
 .text          0x0000000000000000        0x0 build/toytrain-config/production/_ext/1239984807/hallSensor.o
 .data          0x0000000000000000        0x0 build/toytrain-config/production/_ext/1239984807/hallSensor.o
 .bss           0x0000000000000000        0x0 build/toytrain-config/production/_ext/1239984807/hallSensor.o
 .text.initHallSensor
                0x0000000000000000       0x28 build/toytrain-config/production/_ext/1239984807/hallSensor.o
 .text.setHallSensorReadDelay
                0x0000000000000000        0xc build/toytrain-config/production/_ext/1239984807/hallSensor.o
 .text.setHallNoReasultInterval
                0x0000000000000000        0xc build/toytrain-config/production/_ext/1239984807/hallSensor.o
 .text          0x0000000000000000        0x0 build/toytrain-config/production/_ext/1239984807/motorControl.o
 .data          0x0000000000000000        0x0 build/toytrain-config/production/_ext/1239984807/motorControl.o
 .bss           0x0000000000000000        0x0 build/toytrain-config/production/_ext/1239984807/motorControl.o
 .text.motorInit
                0x0000000000000000        0x2 build/toytrain-config/production/_ext/1239984807/motorControl.o
 .text.motorSpeed
                0x0000000000000000        0xc build/toytrain-config/production/_ext/1239984807/motorControl.o
 .text.accelerateMotor
                0x0000000000000000       0x38 build/toytrain-config/production/_ext/1239984807/motorControl.o
 .text.reverseMotor
                0x0000000000000000       0x10 build/toytrain-config/production/_ext/1239984807/motorControl.o
 .text.motorDirection
                0x0000000000000000       0x20 build/toytrain-config/production/_ext/1239984807/motorControl.o
 .text.decelerateMotor
                0x0000000000000000       0x2c build/toytrain-config/production/_ext/1239984807/motorControl.o
 .text.getMotorDirection
                0x0000000000000000        0xc build/toytrain-config/production/_ext/1239984807/motorControl.o
 .text.getMotorSpeed
                0x0000000000000000        0xc build/toytrain-config/production/_ext/1239984807/motorControl.o
 .text          0x0000000000000000        0x0 build/toytrain-config/production/_ext/1239984807/rgbLed.o
 .data          0x0000000000000000        0x0 build/toytrain-config/production/_ext/1239984807/rgbLed.o
 .bss           0x0000000000000000        0x0 build/toytrain-config/production/_ext/1239984807/rgbLed.o
 .text.initRgbLedPin
                0x0000000000000000        0x2 build/toytrain-config/production/_ext/1239984807/rgbLed.o
 .text.RGBcolorWrite
                0x0000000000000000        0x2 build/toytrain-config/production/_ext/1239984807/rgbLed.o
 .text.setColor
                0x0000000000000000        0x2 build/toytrain-config/production/_ext/1239984807/rgbLed.o
 .comment       0x0000000000000000       0x5a build/toytrain-config/production/_ext/1239984807/rgbLed.o
 .ARM.attributes
                0x0000000000000000       0x32 build/toytrain-config/production/_ext/1239984807/rgbLed.o
 .text          0x0000000000000000        0x0 build/toytrain-config/production/_ext/752838658/plib_tcc2.o
 .data          0x0000000000000000        0x0 build/toytrain-config/production/_ext/752838658/plib_tcc2.o
 .bss           0x0000000000000000        0x0 build/toytrain-config/production/_ext/752838658/plib_tcc2.o
 .text.TCC2_PWMStop
                0x0000000000000000       0x18 build/toytrain-config/production/_ext/752838658/plib_tcc2.o
 .text.TCC2_PWM16bitPeriodSet
                0x0000000000000000       0x18 build/toytrain-config/production/_ext/752838658/plib_tcc2.o
 .text.TCC2_PWM16bitPeriodGet
                0x0000000000000000       0x14 build/toytrain-config/production/_ext/752838658/plib_tcc2.o
 .text.TCC2_PWM16bitCounterSet
                0x0000000000000000       0x14 build/toytrain-config/production/_ext/752838658/plib_tcc2.o
 .text.TCC2_PWMForceUpdate
                0x0000000000000000       0x18 build/toytrain-config/production/_ext/752838658/plib_tcc2.o
 .text.TCC2_PWMPeriodInterruptEnable
                0x0000000000000000        0xc build/toytrain-config/production/_ext/752838658/plib_tcc2.o
 .text.TCC2_PWMPeriodInterruptDisable
                0x0000000000000000        0xc build/toytrain-config/production/_ext/752838658/plib_tcc2.o
 .text.TCC2_PWMInterruptStatusGet
                0x0000000000000000        0xc build/toytrain-config/production/_ext/752838658/plib_tcc2.o
 .text          0x0000000000000000        0x0 build/toytrain-config/production/_ext/752838658/plib_tcc0.o
 .data          0x0000000000000000        0x0 build/toytrain-config/production/_ext/752838658/plib_tcc0.o
 .bss           0x0000000000000000        0x0 build/toytrain-config/production/_ext/752838658/plib_tcc0.o
 .text.TCC0_PWMStop
                0x0000000000000000       0x18 build/toytrain-config/production/_ext/752838658/plib_tcc0.o
 .text.TCC0_PWM24bitPeriodSet
                0x0000000000000000       0x1c build/toytrain-config/production/_ext/752838658/plib_tcc0.o
 .text.TCC0_PWM24bitPeriodGet
                0x0000000000000000       0x18 build/toytrain-config/production/_ext/752838658/plib_tcc0.o
 .text.TCC0_PWMDeadTimeSet
                0x0000000000000000       0x1c build/toytrain-config/production/_ext/752838658/plib_tcc0.o
 .text.TCC0_PWMPatternSet
                0x0000000000000000       0x20 build/toytrain-config/production/_ext/752838658/plib_tcc0.o
 .text.TCC0_PWM24bitCounterSet
                0x0000000000000000       0x18 build/toytrain-config/production/_ext/752838658/plib_tcc0.o
 .text.TCC0_PWMForceUpdate
                0x0000000000000000       0x18 build/toytrain-config/production/_ext/752838658/plib_tcc0.o
 .text.TCC0_PWMPeriodInterruptEnable
                0x0000000000000000        0xc build/toytrain-config/production/_ext/752838658/plib_tcc0.o
 .text.TCC0_PWMPeriodInterruptDisable
                0x0000000000000000        0xc build/toytrain-config/production/_ext/752838658/plib_tcc0.o
 .text.TCC0_PWMInterruptStatusGet
                0x0000000000000000        0xc build/toytrain-config/production/_ext/752838658/plib_tcc0.o
 .text          0x0000000000000000        0x0 build/toytrain-config/production/_ext/1963947771/plib_tc3.o
 .data          0x0000000000000000        0x0 build/toytrain-config/production/_ext/1963947771/plib_tc3.o
 .bss           0x0000000000000000        0x0 build/toytrain-config/production/_ext/1963947771/plib_tc3.o
 .text.TC3_CompareStop
                0x0000000000000000       0x18 build/toytrain-config/production/_ext/1963947771/plib_tc3.o
 .text.TC3_CompareFrequencyGet
                0x0000000000000000        0x8 build/toytrain-config/production/_ext/1963947771/plib_tc3.o
 .text.TC3_CompareCommandSet
                0x0000000000000000       0x18 build/toytrain-config/production/_ext/1963947771/plib_tc3.o
 .text.TC3_Compare8bitCounterGet
                0x0000000000000000       0x1c build/toytrain-config/production/_ext/1963947771/plib_tc3.o
 .text.TC3_Compare8bitCounterSet
                0x0000000000000000       0x14 build/toytrain-config/production/_ext/1963947771/plib_tc3.o
 .text.TC3_Compare8bitPeriodGet
                0x0000000000000000        0x4 build/toytrain-config/production/_ext/1963947771/plib_tc3.o
 .text.TC3_Compare8bitMatch1Set
                0x0000000000000000       0x14 build/toytrain-config/production/_ext/1963947771/plib_tc3.o
 .text.TC3_CompareStatusGet
                0x0000000000000000       0x10 build/toytrain-config/production/_ext/1963947771/plib_tc3.o
 .text          0x0000000000000000      0x1d4 /home/afzal/work-zone/MPlab-x/gcc/gcc-64/arm-gnu-toolchain-6.3.1.508-linux.any.x86_64/arm-none-eabi/bin/../lib/gcc/arm-none-eabi/6.3.1/thumb/v6-m/libgcc.a(_divsi3.o)
 .data          0x0000000000000000        0x0 /home/afzal/work-zone/MPlab-x/gcc/gcc-64/arm-gnu-toolchain-6.3.1.508-linux.any.x86_64/arm-none-eabi/bin/../lib/gcc/arm-none-eabi/6.3.1/thumb/v6-m/libgcc.a(_divsi3.o)
 .bss           0x0000000000000000        0x0 /home/afzal/work-zone/MPlab-x/gcc/gcc-64/arm-gnu-toolchain-6.3.1.508-linux.any.x86_64/arm-none-eabi/bin/../lib/gcc/arm-none-eabi/6.3.1/thumb/v6-m/libgcc.a(_divsi3.o)
 .debug_frame   0x0000000000000000       0x20 /home/afzal/work-zone/MPlab-x/gcc/gcc-64/arm-gnu-toolchain-6.3.1.508-linux.any.x86_64/arm-none-eabi/bin/../lib/gcc/arm-none-eabi/6.3.1/thumb/v6-m/libgcc.a(_divsi3.o)
 .ARM.attributes
                0x0000000000000000       0x1e /home/afzal/work-zone/MPlab-x/gcc/gcc-64/arm-gnu-toolchain-6.3.1.508-linux.any.x86_64/arm-none-eabi/bin/../lib/gcc/arm-none-eabi/6.3.1/thumb/v6-m/libgcc.a(_divsi3.o)
 .text          0x0000000000000000        0x4 /home/afzal/work-zone/MPlab-x/gcc/gcc-64/arm-gnu-toolchain-6.3.1.508-linux.any.x86_64/arm-none-eabi/bin/../lib/gcc/arm-none-eabi/6.3.1/thumb/v6-m/libgcc.a(_dvmd_tls.o)
 .data          0x0000000000000000        0x0 /home/afzal/work-zone/MPlab-x/gcc/gcc-64/arm-gnu-toolchain-6.3.1.508-linux.any.x86_64/arm-none-eabi/bin/../lib/gcc/arm-none-eabi/6.3.1/thumb/v6-m/libgcc.a(_dvmd_tls.o)
 .bss           0x0000000000000000        0x0 /home/afzal/work-zone/MPlab-x/gcc/gcc-64/arm-gnu-toolchain-6.3.1.508-linux.any.x86_64/arm-none-eabi/bin/../lib/gcc/arm-none-eabi/6.3.1/thumb/v6-m/libgcc.a(_dvmd_tls.o)
 .ARM.attributes
                0x0000000000000000       0x1e /home/afzal/work-zone/MPlab-x/gcc/gcc-64/arm-gnu-toolchain-6.3.1.508-linux.any.x86_64/arm-none-eabi/bin/../lib/gcc/arm-none-eabi/6.3.1/thumb/v6-m/libgcc.a(_dvmd_tls.o)
 .text          0x0000000000000000       0x40 /home/afzal/work-zone/MPlab-x/gcc/gcc-64/arm-gnu-toolchain-6.3.1.508-linux.any.x86_64/arm-none-eabi/bin/../lib/gcc/arm-none-eabi/6.3.1/thumb/v6-m/libgcc.a(_aeabi_uldivmod.o)
 .data          0x0000000000000000        0x0 /home/afzal/work-zone/MPlab-x/gcc/gcc-64/arm-gnu-toolchain-6.3.1.508-linux.any.x86_64/arm-none-eabi/bin/../lib/gcc/arm-none-eabi/6.3.1/thumb/v6-m/libgcc.a(_aeabi_uldivmod.o)
 .bss           0x0000000000000000        0x0 /home/afzal/work-zone/MPlab-x/gcc/gcc-64/arm-gnu-toolchain-6.3.1.508-linux.any.x86_64/arm-none-eabi/bin/../lib/gcc/arm-none-eabi/6.3.1/thumb/v6-m/libgcc.a(_aeabi_uldivmod.o)
 .ARM.attributes
                0x0000000000000000       0x1e /home/afzal/work-zone/MPlab-x/gcc/gcc-64/arm-gnu-toolchain-6.3.1.508-linux.any.x86_64/arm-none-eabi/bin/../lib/gcc/arm-none-eabi/6.3.1/thumb/v6-m/libgcc.a(_aeabi_uldivmod.o)
 .text          0x0000000000000000       0x54 /home/afzal/work-zone/MPlab-x/gcc/gcc-64/arm-gnu-toolchain-6.3.1.508-linux.any.x86_64/arm-none-eabi/bin/../lib/gcc/arm-none-eabi/6.3.1/thumb/v6-m/libgcc.a(_muldi3.o)
 .data          0x0000000000000000        0x0 /home/afzal/work-zone/MPlab-x/gcc/gcc-64/arm-gnu-toolchain-6.3.1.508-linux.any.x86_64/arm-none-eabi/bin/../lib/gcc/arm-none-eabi/6.3.1/thumb/v6-m/libgcc.a(_muldi3.o)
 .bss           0x0000000000000000        0x0 /home/afzal/work-zone/MPlab-x/gcc/gcc-64/arm-gnu-toolchain-6.3.1.508-linux.any.x86_64/arm-none-eabi/bin/../lib/gcc/arm-none-eabi/6.3.1/thumb/v6-m/libgcc.a(_muldi3.o)
 .debug_frame   0x0000000000000000       0x34 /home/afzal/work-zone/MPlab-x/gcc/gcc-64/arm-gnu-toolchain-6.3.1.508-linux.any.x86_64/arm-none-eabi/bin/../lib/gcc/arm-none-eabi/6.3.1/thumb/v6-m/libgcc.a(_muldi3.o)
 .ARM.attributes
                0x0000000000000000       0x2c /home/afzal/work-zone/MPlab-x/gcc/gcc-64/arm-gnu-toolchain-6.3.1.508-linux.any.x86_64/arm-none-eabi/bin/../lib/gcc/arm-none-eabi/6.3.1/thumb/v6-m/libgcc.a(_muldi3.o)
 .text          0x0000000000000000      0x180 /home/afzal/work-zone/MPlab-x/gcc/gcc-64/arm-gnu-toolchain-6.3.1.508-linux.any.x86_64/arm-none-eabi/bin/../lib/gcc/arm-none-eabi/6.3.1/thumb/v6-m/libgcc.a(_udivmoddi4.o)
 .data          0x0000000000000000        0x0 /home/afzal/work-zone/MPlab-x/gcc/gcc-64/arm-gnu-toolchain-6.3.1.508-linux.any.x86_64/arm-none-eabi/bin/../lib/gcc/arm-none-eabi/6.3.1/thumb/v6-m/libgcc.a(_udivmoddi4.o)
 .bss           0x0000000000000000        0x0 /home/afzal/work-zone/MPlab-x/gcc/gcc-64/arm-gnu-toolchain-6.3.1.508-linux.any.x86_64/arm-none-eabi/bin/../lib/gcc/arm-none-eabi/6.3.1/thumb/v6-m/libgcc.a(_udivmoddi4.o)
 .ARM.extab     0x0000000000000000        0x0 /home/afzal/work-zone/MPlab-x/gcc/gcc-64/arm-gnu-toolchain-6.3.1.508-linux.any.x86_64/arm-none-eabi/bin/../lib/gcc/arm-none-eabi/6.3.1/thumb/v6-m/libgcc.a(_udivmoddi4.o)
 .ARM.exidx     0x0000000000000000        0x8 /home/afzal/work-zone/MPlab-x/gcc/gcc-64/arm-gnu-toolchain-6.3.1.508-linux.any.x86_64/arm-none-eabi/bin/../lib/gcc/arm-none-eabi/6.3.1/thumb/v6-m/libgcc.a(_udivmoddi4.o)
 .debug_frame   0x0000000000000000       0x3c /home/afzal/work-zone/MPlab-x/gcc/gcc-64/arm-gnu-toolchain-6.3.1.508-linux.any.x86_64/arm-none-eabi/bin/../lib/gcc/arm-none-eabi/6.3.1/thumb/v6-m/libgcc.a(_udivmoddi4.o)
 .ARM.attributes
                0x0000000000000000       0x2c /home/afzal/work-zone/MPlab-x/gcc/gcc-64/arm-gnu-toolchain-6.3.1.508-linux.any.x86_64/arm-none-eabi/bin/../lib/gcc/arm-none-eabi/6.3.1/thumb/v6-m/libgcc.a(_udivmoddi4.o)
 .text          0x0000000000000000       0x18 /home/afzal/work-zone/MPlab-x/gcc/gcc-64/arm-gnu-toolchain-6.3.1.508-linux.any.x86_64/arm-none-eabi/bin/../lib/gcc/arm-none-eabi/6.3.1/thumb/v6-m/libgcc.a(_clzdi2.o)
 .data          0x0000000000000000        0x0 /home/afzal/work-zone/MPlab-x/gcc/gcc-64/arm-gnu-toolchain-6.3.1.508-linux.any.x86_64/arm-none-eabi/bin/../lib/gcc/arm-none-eabi/6.3.1/thumb/v6-m/libgcc.a(_clzdi2.o)
 .bss           0x0000000000000000        0x0 /home/afzal/work-zone/MPlab-x/gcc/gcc-64/arm-gnu-toolchain-6.3.1.508-linux.any.x86_64/arm-none-eabi/bin/../lib/gcc/arm-none-eabi/6.3.1/thumb/v6-m/libgcc.a(_clzdi2.o)
 .ARM.attributes
                0x0000000000000000       0x1e /home/afzal/work-zone/MPlab-x/gcc/gcc-64/arm-gnu-toolchain-6.3.1.508-linux.any.x86_64/arm-none-eabi/bin/../lib/gcc/arm-none-eabi/6.3.1/thumb/v6-m/libgcc.a(_clzdi2.o)
 .text          0x0000000000000000       0x3c /home/afzal/work-zone/MPlab-x/gcc/gcc-64/arm-gnu-toolchain-6.3.1.508-linux.any.x86_64/arm-none-eabi/bin/../lib/gcc/arm-none-eabi/6.3.1/thumb/v6-m/libgcc.a(_clzsi2.o)
 .data          0x0000000000000000        0x0 /home/afzal/work-zone/MPlab-x/gcc/gcc-64/arm-gnu-toolchain-6.3.1.508-linux.any.x86_64/arm-none-eabi/bin/../lib/gcc/arm-none-eabi/6.3.1/thumb/v6-m/libgcc.a(_clzsi2.o)
 .bss           0x0000000000000000        0x0 /home/afzal/work-zone/MPlab-x/gcc/gcc-64/arm-gnu-toolchain-6.3.1.508-linux.any.x86_64/arm-none-eabi/bin/../lib/gcc/arm-none-eabi/6.3.1/thumb/v6-m/libgcc.a(_clzsi2.o)
 .ARM.attributes
                0x0000000000000000       0x1e /home/afzal/work-zone/MPlab-x/gcc/gcc-64/arm-gnu-toolchain-6.3.1.508-linux.any.x86_64/arm-none-eabi/bin/../lib/gcc/arm-none-eabi/6.3.1/thumb/v6-m/libgcc.a(_clzsi2.o)
 .text          0x0000000000000000        0x0 /home/afzal/work-zone/MPlab-x/gcc/gcc-64/arm-gnu-toolchain-6.3.1.508-linux.any.x86_64/arm-none-eabi/bin/../lib/gcc/arm-none-eabi/6.3.1/../../../../arm-none-eabi/lib/thumb/v6-m/libc.a(lib_a-exit.o)
 .data          0x0000000000000000        0x0 /home/afzal/work-zone/MPlab-x/gcc/gcc-64/arm-gnu-toolchain-6.3.1.508-linux.any.x86_64/arm-none-eabi/bin/../lib/gcc/arm-none-eabi/6.3.1/../../../../arm-none-eabi/lib/thumb/v6-m/libc.a(lib_a-exit.o)
 .bss           0x0000000000000000        0x0 /home/afzal/work-zone/MPlab-x/gcc/gcc-64/arm-gnu-toolchain-6.3.1.508-linux.any.x86_64/arm-none-eabi/bin/../lib/gcc/arm-none-eabi/6.3.1/../../../../arm-none-eabi/lib/thumb/v6-m/libc.a(lib_a-exit.o)
 .text.exit     0x0000000000000000       0x20 /home/afzal/work-zone/MPlab-x/gcc/gcc-64/arm-gnu-toolchain-6.3.1.508-linux.any.x86_64/arm-none-eabi/bin/../lib/gcc/arm-none-eabi/6.3.1/../../../../arm-none-eabi/lib/thumb/v6-m/libc.a(lib_a-exit.o)
 .debug_frame   0x0000000000000000       0x28 /home/afzal/work-zone/MPlab-x/gcc/gcc-64/arm-gnu-toolchain-6.3.1.508-linux.any.x86_64/arm-none-eabi/bin/../lib/gcc/arm-none-eabi/6.3.1/../../../../arm-none-eabi/lib/thumb/v6-m/libc.a(lib_a-exit.o)
 .ARM.attributes
                0x0000000000000000       0x2c /home/afzal/work-zone/MPlab-x/gcc/gcc-64/arm-gnu-toolchain-6.3.1.508-linux.any.x86_64/arm-none-eabi/bin/../lib/gcc/arm-none-eabi/6.3.1/../../../../arm-none-eabi/lib/thumb/v6-m/libc.a(lib_a-exit.o)
 .text          0x0000000000000000        0x0 /home/afzal/work-zone/MPlab-x/gcc/gcc-64/arm-gnu-toolchain-6.3.1.508-linux.any.x86_64/arm-none-eabi/bin/../lib/gcc/arm-none-eabi/6.3.1/../../../../arm-none-eabi/lib/thumb/v6-m/libc.a(lib_a-impure.o)
 .data          0x0000000000000000        0x0 /home/afzal/work-zone/MPlab-x/gcc/gcc-64/arm-gnu-toolchain-6.3.1.508-linux.any.x86_64/arm-none-eabi/bin/../lib/gcc/arm-none-eabi/6.3.1/../../../../arm-none-eabi/lib/thumb/v6-m/libc.a(lib_a-impure.o)
 .bss           0x0000000000000000        0x0 /home/afzal/work-zone/MPlab-x/gcc/gcc-64/arm-gnu-toolchain-6.3.1.508-linux.any.x86_64/arm-none-eabi/bin/../lib/gcc/arm-none-eabi/6.3.1/../../../../arm-none-eabi/lib/thumb/v6-m/libc.a(lib_a-impure.o)
 .data._impure_ptr
                0x0000000000000000        0x4 /home/afzal/work-zone/MPlab-x/gcc/gcc-64/arm-gnu-toolchain-6.3.1.508-linux.any.x86_64/arm-none-eabi/bin/../lib/gcc/arm-none-eabi/6.3.1/../../../../arm-none-eabi/lib/thumb/v6-m/libc.a(lib_a-impure.o)
 .text          0x0000000000000000        0x0 /home/afzal/work-zone/MPlab-x/gcc/gcc-64/arm-gnu-toolchain-6.3.1.508-linux.any.x86_64/arm-none-eabi/bin/../lib/gcc/arm-none-eabi/6.3.1/../../../../arm-none-eabi/lib/thumb/v6-m/libc.a(lib_a-init.o)
 .data          0x0000000000000000        0x0 /home/afzal/work-zone/MPlab-x/gcc/gcc-64/arm-gnu-toolchain-6.3.1.508-linux.any.x86_64/arm-none-eabi/bin/../lib/gcc/arm-none-eabi/6.3.1/../../../../arm-none-eabi/lib/thumb/v6-m/libc.a(lib_a-init.o)
 .bss           0x0000000000000000        0x0 /home/afzal/work-zone/MPlab-x/gcc/gcc-64/arm-gnu-toolchain-6.3.1.508-linux.any.x86_64/arm-none-eabi/bin/../lib/gcc/arm-none-eabi/6.3.1/../../../../arm-none-eabi/lib/thumb/v6-m/libc.a(lib_a-init.o)
 .text          0x0000000000000000        0x0 /home/afzal/work-zone/MPlab-x/gcc/gcc-64/arm-gnu-toolchain-6.3.1.508-linux.any.x86_64/arm-none-eabi/bin/../lib/gcc/arm-none-eabi/6.3.1/../../../../arm-none-eabi/lib/thumb/v6-m/libc.a(lib_a-memcpy-stub.o)
 .data          0x0000000000000000        0x0 /home/afzal/work-zone/MPlab-x/gcc/gcc-64/arm-gnu-toolchain-6.3.1.508-linux.any.x86_64/arm-none-eabi/bin/../lib/gcc/arm-none-eabi/6.3.1/../../../../arm-none-eabi/lib/thumb/v6-m/libc.a(lib_a-memcpy-stub.o)
 .bss           0x0000000000000000        0x0 /home/afzal/work-zone/MPlab-x/gcc/gcc-64/arm-gnu-toolchain-6.3.1.508-linux.any.x86_64/arm-none-eabi/bin/../lib/gcc/arm-none-eabi/6.3.1/../../../../arm-none-eabi/lib/thumb/v6-m/libc.a(lib_a-memcpy-stub.o)
 .text.memcpy   0x0000000000000000       0x84 /home/afzal/work-zone/MPlab-x/gcc/gcc-64/arm-gnu-toolchain-6.3.1.508-linux.any.x86_64/arm-none-eabi/bin/../lib/gcc/arm-none-eabi/6.3.1/../../../../arm-none-eabi/lib/thumb/v6-m/libc.a(lib_a-memcpy-stub.o)
 .debug_frame   0x0000000000000000       0x30 /home/afzal/work-zone/MPlab-x/gcc/gcc-64/arm-gnu-toolchain-6.3.1.508-linux.any.x86_64/arm-none-eabi/bin/../lib/gcc/arm-none-eabi/6.3.1/../../../../arm-none-eabi/lib/thumb/v6-m/libc.a(lib_a-memcpy-stub.o)
 .ARM.attributes
                0x0000000000000000       0x2c /home/afzal/work-zone/MPlab-x/gcc/gcc-64/arm-gnu-toolchain-6.3.1.508-linux.any.x86_64/arm-none-eabi/bin/../lib/gcc/arm-none-eabi/6.3.1/../../../../arm-none-eabi/lib/thumb/v6-m/libc.a(lib_a-memcpy-stub.o)
 .text          0x0000000000000000        0x0 /home/afzal/work-zone/MPlab-x/gcc/gcc-64/arm-gnu-toolchain-6.3.1.508-linux.any.x86_64/arm-none-eabi/bin/../lib/gcc/arm-none-eabi/6.3.1/../../../../arm-none-eabi/lib/thumb/v6-m/libc.a(lib_a-memset.o)
 .data          0x0000000000000000        0x0 /home/afzal/work-zone/MPlab-x/gcc/gcc-64/arm-gnu-toolchain-6.3.1.508-linux.any.x86_64/arm-none-eabi/bin/../lib/gcc/arm-none-eabi/6.3.1/../../../../arm-none-eabi/lib/thumb/v6-m/libc.a(lib_a-memset.o)
 .bss           0x0000000000000000        0x0 /home/afzal/work-zone/MPlab-x/gcc/gcc-64/arm-gnu-toolchain-6.3.1.508-linux.any.x86_64/arm-none-eabi/bin/../lib/gcc/arm-none-eabi/6.3.1/../../../../arm-none-eabi/lib/thumb/v6-m/libc.a(lib_a-memset.o)
 .text.memset   0x0000000000000000       0x94 /home/afzal/work-zone/MPlab-x/gcc/gcc-64/arm-gnu-toolchain-6.3.1.508-linux.any.x86_64/arm-none-eabi/bin/../lib/gcc/arm-none-eabi/6.3.1/../../../../arm-none-eabi/lib/thumb/v6-m/libc.a(lib_a-memset.o)
 .debug_frame   0x0000000000000000       0x30 /home/afzal/work-zone/MPlab-x/gcc/gcc-64/arm-gnu-toolchain-6.3.1.508-linux.any.x86_64/arm-none-eabi/bin/../lib/gcc/arm-none-eabi/6.3.1/../../../../arm-none-eabi/lib/thumb/v6-m/libc.a(lib_a-memset.o)
 .ARM.attributes
                0x0000000000000000       0x2c /home/afzal/work-zone/MPlab-x/gcc/gcc-64/arm-gnu-toolchain-6.3.1.508-linux.any.x86_64/arm-none-eabi/bin/../lib/gcc/arm-none-eabi/6.3.1/../../../../arm-none-eabi/lib/thumb/v6-m/libc.a(lib_a-memset.o)
 .text          0x0000000000000000        0x0 /home/afzal/work-zone/MPlab-x/gcc/gcc-64/arm-gnu-toolchain-6.3.1.508-linux.any.x86_64/arm-none-eabi/bin/../lib/gcc/arm-none-eabi/6.3.1/../../../../arm-none-eabi/lib/thumb/v6-m/libc.a(lib_a-__call_atexit.o)
 .data          0x0000000000000000        0x0 /home/afzal/work-zone/MPlab-x/gcc/gcc-64/arm-gnu-toolchain-6.3.1.508-linux.any.x86_64/arm-none-eabi/bin/../lib/gcc/arm-none-eabi/6.3.1/../../../../arm-none-eabi/lib/thumb/v6-m/libc.a(lib_a-__call_atexit.o)
 .bss           0x0000000000000000        0x0 /home/afzal/work-zone/MPlab-x/gcc/gcc-64/arm-gnu-toolchain-6.3.1.508-linux.any.x86_64/arm-none-eabi/bin/../lib/gcc/arm-none-eabi/6.3.1/../../../../arm-none-eabi/lib/thumb/v6-m/libc.a(lib_a-__call_atexit.o)
 .text.__call_exitprocs
                0x0000000000000000      0x110 /home/afzal/work-zone/MPlab-x/gcc/gcc-64/arm-gnu-toolchain-6.3.1.508-linux.any.x86_64/arm-none-eabi/bin/../lib/gcc/arm-none-eabi/6.3.1/../../../../arm-none-eabi/lib/thumb/v6-m/libc.a(lib_a-__call_atexit.o)
 .text          0x0000000000000000        0x0 /home/afzal/work-zone/MPlab-x/gcc/gcc-64/arm-gnu-toolchain-6.3.1.508-linux.any.x86_64/arm-none-eabi/bin/../lib/gcc/arm-none-eabi/6.3.1/../../../../arm-none-eabi/lib/thumb/v6-m/libc.a(lib_a-atexit.o)
 .data          0x0000000000000000        0x0 /home/afzal/work-zone/MPlab-x/gcc/gcc-64/arm-gnu-toolchain-6.3.1.508-linux.any.x86_64/arm-none-eabi/bin/../lib/gcc/arm-none-eabi/6.3.1/../../../../arm-none-eabi/lib/thumb/v6-m/libc.a(lib_a-atexit.o)
 .bss           0x0000000000000000        0x0 /home/afzal/work-zone/MPlab-x/gcc/gcc-64/arm-gnu-toolchain-6.3.1.508-linux.any.x86_64/arm-none-eabi/bin/../lib/gcc/arm-none-eabi/6.3.1/../../../../arm-none-eabi/lib/thumb/v6-m/libc.a(lib_a-atexit.o)
 .text          0x0000000000000000        0x0 /home/afzal/work-zone/MPlab-x/gcc/gcc-64/arm-gnu-toolchain-6.3.1.508-linux.any.x86_64/arm-none-eabi/bin/../lib/gcc/arm-none-eabi/6.3.1/../../../../arm-none-eabi/lib/thumb/v6-m/libc.a(lib_a-fini.o)
 .data          0x0000000000000000        0x0 /home/afzal/work-zone/MPlab-x/gcc/gcc-64/arm-gnu-toolchain-6.3.1.508-linux.any.x86_64/arm-none-eabi/bin/../lib/gcc/arm-none-eabi/6.3.1/../../../../arm-none-eabi/lib/thumb/v6-m/libc.a(lib_a-fini.o)
 .bss           0x0000000000000000        0x0 /home/afzal/work-zone/MPlab-x/gcc/gcc-64/arm-gnu-toolchain-6.3.1.508-linux.any.x86_64/arm-none-eabi/bin/../lib/gcc/arm-none-eabi/6.3.1/../../../../arm-none-eabi/lib/thumb/v6-m/libc.a(lib_a-fini.o)
 .text          0x0000000000000000        0x0 /home/afzal/work-zone/MPlab-x/gcc/gcc-64/arm-gnu-toolchain-6.3.1.508-linux.any.x86_64/arm-none-eabi/bin/../lib/gcc/arm-none-eabi/6.3.1/../../../../arm-none-eabi/lib/thumb/v6-m/libc.a(lib_a-lock.o)
 .data          0x0000000000000000        0x0 /home/afzal/work-zone/MPlab-x/gcc/gcc-64/arm-gnu-toolchain-6.3.1.508-linux.any.x86_64/arm-none-eabi/bin/../lib/gcc/arm-none-eabi/6.3.1/../../../../arm-none-eabi/lib/thumb/v6-m/libc.a(lib_a-lock.o)
 .bss           0x0000000000000000        0x0 /home/afzal/work-zone/MPlab-x/gcc/gcc-64/arm-gnu-toolchain-6.3.1.508-linux.any.x86_64/arm-none-eabi/bin/../lib/gcc/arm-none-eabi/6.3.1/../../../../arm-none-eabi/lib/thumb/v6-m/libc.a(lib_a-lock.o)
 .text.__retarget_lock_init
                0x0000000000000000        0x4 /home/afzal/work-zone/MPlab-x/gcc/gcc-64/arm-gnu-toolchain-6.3.1.508-linux.any.x86_64/arm-none-eabi/bin/../lib/gcc/arm-none-eabi/6.3.1/../../../../arm-none-eabi/lib/thumb/v6-m/libc.a(lib_a-lock.o)
 .text.__retarget_lock_init_recursive
                0x0000000000000000        0x4 /home/afzal/work-zone/MPlab-x/gcc/gcc-64/arm-gnu-toolchain-6.3.1.508-linux.any.x86_64/arm-none-eabi/bin/../lib/gcc/arm-none-eabi/6.3.1/../../../../arm-none-eabi/lib/thumb/v6-m/libc.a(lib_a-lock.o)
 .text.__retarget_lock_close
                0x0000000000000000        0x4 /home/afzal/work-zone/MPlab-x/gcc/gcc-64/arm-gnu-toolchain-6.3.1.508-linux.any.x86_64/arm-none-eabi/bin/../lib/gcc/arm-none-eabi/6.3.1/../../../../arm-none-eabi/lib/thumb/v6-m/libc.a(lib_a-lock.o)
 .text.__retarget_lock_close_recursive
                0x0000000000000000        0x4 /home/afzal/work-zone/MPlab-x/gcc/gcc-64/arm-gnu-toolchain-6.3.1.508-linux.any.x86_64/arm-none-eabi/bin/../lib/gcc/arm-none-eabi/6.3.1/../../../../arm-none-eabi/lib/thumb/v6-m/libc.a(lib_a-lock.o)
 .text.__retarget_lock_acquire
                0x0000000000000000        0x4 /home/afzal/work-zone/MPlab-x/gcc/gcc-64/arm-gnu-toolchain-6.3.1.508-linux.any.x86_64/arm-none-eabi/bin/../lib/gcc/arm-none-eabi/6.3.1/../../../../arm-none-eabi/lib/thumb/v6-m/libc.a(lib_a-lock.o)
 .text.__retarget_lock_try_acquire
                0x0000000000000000        0x4 /home/afzal/work-zone/MPlab-x/gcc/gcc-64/arm-gnu-toolchain-6.3.1.508-linux.any.x86_64/arm-none-eabi/bin/../lib/gcc/arm-none-eabi/6.3.1/../../../../arm-none-eabi/lib/thumb/v6-m/libc.a(lib_a-lock.o)
 .text.__retarget_lock_try_acquire_recursive
                0x0000000000000000        0x4 /home/afzal/work-zone/MPlab-x/gcc/gcc-64/arm-gnu-toolchain-6.3.1.508-linux.any.x86_64/arm-none-eabi/bin/../lib/gcc/arm-none-eabi/6.3.1/../../../../arm-none-eabi/lib/thumb/v6-m/libc.a(lib_a-lock.o)
 .text.__retarget_lock_release
                0x0000000000000000        0x4 /home/afzal/work-zone/MPlab-x/gcc/gcc-64/arm-gnu-toolchain-6.3.1.508-linux.any.x86_64/arm-none-eabi/bin/../lib/gcc/arm-none-eabi/6.3.1/../../../../arm-none-eabi/lib/thumb/v6-m/libc.a(lib_a-lock.o)
 .text          0x0000000000000000        0x0 /home/afzal/work-zone/MPlab-x/gcc/gcc-64/arm-gnu-toolchain-6.3.1.508-linux.any.x86_64/arm-none-eabi/bin/../lib/gcc/arm-none-eabi/6.3.1/../../../../arm-none-eabi/lib/thumb/v6-m/libc.a(lib_a-__atexit.o)
 .data          0x0000000000000000        0x0 /home/afzal/work-zone/MPlab-x/gcc/gcc-64/arm-gnu-toolchain-6.3.1.508-linux.any.x86_64/arm-none-eabi/bin/../lib/gcc/arm-none-eabi/6.3.1/../../../../arm-none-eabi/lib/thumb/v6-m/libc.a(lib_a-__atexit.o)
 .bss           0x0000000000000000        0x0 /home/afzal/work-zone/MPlab-x/gcc/gcc-64/arm-gnu-toolchain-6.3.1.508-linux.any.x86_64/arm-none-eabi/bin/../lib/gcc/arm-none-eabi/6.3.1/../../../../arm-none-eabi/lib/thumb/v6-m/libc.a(lib_a-__atexit.o)
 .text          0x0000000000000000        0x0 /home/afzal/work-zone/MPlab-x/gcc/gcc-64/arm-gnu-toolchain-6.3.1.508-linux.any.x86_64/arm-none-eabi/bin/../lib/gcc/arm-none-eabi/6.3.1/thumb/v6-m/crtend.o
 .data          0x0000000000000000        0x0 /home/afzal/work-zone/MPlab-x/gcc/gcc-64/arm-gnu-toolchain-6.3.1.508-linux.any.x86_64/arm-none-eabi/bin/../lib/gcc/arm-none-eabi/6.3.1/thumb/v6-m/crtend.o
 .bss           0x0000000000000000        0x0 /home/afzal/work-zone/MPlab-x/gcc/gcc-64/arm-gnu-toolchain-6.3.1.508-linux.any.x86_64/arm-none-eabi/bin/../lib/gcc/arm-none-eabi/6.3.1/thumb/v6-m/crtend.o
 .eh_frame      0x0000000000000000        0x4 /home/afzal/work-zone/MPlab-x/gcc/gcc-64/arm-gnu-toolchain-6.3.1.508-linux.any.x86_64/arm-none-eabi/bin/../lib/gcc/arm-none-eabi/6.3.1/thumb/v6-m/crtend.o
 .jcr           0x0000000000000000        0x4 /home/afzal/work-zone/MPlab-x/gcc/gcc-64/arm-gnu-toolchain-6.3.1.508-linux.any.x86_64/arm-none-eabi/bin/../lib/gcc/arm-none-eabi/6.3.1/thumb/v6-m/crtend.o
 .ARM.attributes
                0x0000000000000000       0x2c /home/afzal/work-zone/MPlab-x/gcc/gcc-64/arm-gnu-toolchain-6.3.1.508-linux.any.x86_64/arm-none-eabi/bin/../lib/gcc/arm-none-eabi/6.3.1/thumb/v6-m/crtend.o
 .text          0x0000000000000000        0x0 /home/afzal/work-zone/MPlab-x/gcc/gcc-64/arm-gnu-toolchain-6.3.1.508-linux.any.x86_64/arm-none-eabi/bin/../lib/gcc/arm-none-eabi/6.3.1/thumb/v6-m/crtn.o
 .data          0x0000000000000000        0x0 /home/afzal/work-zone/MPlab-x/gcc/gcc-64/arm-gnu-toolchain-6.3.1.508-linux.any.x86_64/arm-none-eabi/bin/../lib/gcc/arm-none-eabi/6.3.1/thumb/v6-m/crtn.o
 .bss           0x0000000000000000        0x0 /home/afzal/work-zone/MPlab-x/gcc/gcc-64/arm-gnu-toolchain-6.3.1.508-linux.any.x86_64/arm-none-eabi/bin/../lib/gcc/arm-none-eabi/6.3.1/thumb/v6-m/crtn.o

Memory Configuration

Name             Origin             Length             Attributes
rom              0x0000000000000000 0x0000000000040000 xr
ram              0x0000000020000000 0x0000000000008000 xrw
*default*        0x0000000000000000 0xffffffffffffffff

Linker script and memory map

LOAD /home/afzal/work-zone/MPlab-x/gcc/gcc-64/arm-gnu-toolchain-6.3.1.508-linux.any.x86_64/arm-none-eabi/bin/../lib/gcc/arm-none-eabi/6.3.1/thumb/v6-m/crti.o
LOAD /home/afzal/work-zone/MPlab-x/gcc/gcc-64/arm-gnu-toolchain-6.3.1.508-linux.any.x86_64/arm-none-eabi/bin/../lib/gcc/arm-none-eabi/6.3.1/thumb/v6-m/crtbegin.o
LOAD /home/afzal/work-zone/MPlab-x/gcc/gcc-64/arm-gnu-toolchain-6.3.1.508-linux.any.x86_64/arm-none-eabi/bin/../lib/gcc/arm-none-eabi/6.3.1/../../../../arm-none-eabi/lib/thumb/v6-m/crt0.o
LOAD build/toytrain-config/production/_ext/2068134214/plib_nvmctrl.o
LOAD build/toytrain-config/production/_ext/1936712154/plib_evsys.o
LOAD build/toytrain-config/production/_ext/1360937237/main.o
LOAD build/toytrain-config/production/_ext/1672823694/initialization.o
LOAD build/toytrain-config/production/_ext/1672823694/interrupts.o
LOAD build/toytrain-config/production/_ext/1672823694/exceptions.o
LOAD build/toytrain-config/production/_ext/1863268969/plib_port.o
LOAD build/toytrain-config/production/_ext/1938861640/plib_clock.o
LOAD build/toytrain-config/production/_ext/1863322120/plib_nvic.o
LOAD build/toytrain-config/production/_ext/1833659116/plib_systick.o
LOAD build/toytrain-config/production/_ext/1672823694/libc_syscalls.o
LOAD build/toytrain-config/production/_ext/1675061921/startup_gcc.o
LOAD build/toytrain-config/production/_ext/1675061921/gcc_monitor.o
LOAD build/toytrain-config/production/_ext/332908461/plib_sercom2_usart.o
LOAD build/toytrain-config/production/_ext/332908461/plib_sercom0_usart.o
LOAD build/toytrain-config/production/_ext/1239984807/AppGlobals.o
LOAD build/toytrain-config/production/_ext/1239984807/colorDetect.o
LOAD build/toytrain-config/production/_ext/1239984807/hallSensor.o
LOAD build/toytrain-config/production/_ext/1239984807/motorControl.o
LOAD build/toytrain-config/production/_ext/1239984807/rgbLed.o
LOAD build/toytrain-config/production/_ext/752838658/plib_tcc2.o
LOAD build/toytrain-config/production/_ext/752838658/plib_tcc0.o
LOAD build/toytrain-config/production/_ext/1963947771/plib_tc3.o
                0x0000000000000001                __MPLAB_BUILD = 0x1
START GROUP
LOAD /home/afzal/work-zone/MPlab-x/gcc/gcc-64/arm-gnu-toolchain-6.3.1.508-linux.any.x86_64/arm-none-eabi/bin/../lib/gcc/arm-none-eabi/6.3.1/thumb/v6-m/libgcc.a
LOAD /home/afzal/work-zone/MPlab-x/gcc/gcc-64/arm-gnu-toolchain-6.3.1.508-linux.any.x86_64/arm-none-eabi/bin/../lib/gcc/arm-none-eabi/6.3.1/../../../../arm-none-eabi/lib/thumb/v6-m/libc.a
END GROUP
START GROUP
LOAD /home/afzal/work-zone/MPlab-x/gcc/gcc-64/arm-gnu-toolchain-6.3.1.508-linux.any.x86_64/arm-none-eabi/bin/../lib/gcc/arm-none-eabi/6.3.1/thumb/v6-m/libgcc.a
LOAD /home/afzal/work-zone/MPlab-x/gcc/gcc-64/arm-gnu-toolchain-6.3.1.508-linux.any.x86_64/arm-none-eabi/bin/../lib/gcc/arm-none-eabi/6.3.1/../../../../arm-none-eabi/lib/thumb/v6-m/libc.a
LOAD /home/afzal/work-zone/MPlab-x/gcc/gcc-64/arm-gnu-toolchain-6.3.1.508-linux.any.x86_64/arm-none-eabi/bin/../lib/gcc/arm-none-eabi/6.3.1/../../../../arm-none-eabi/lib/thumb/v6-m/libnosys.a
END GROUP
LOAD /home/afzal/work-zone/MPlab-x/gcc/gcc-64/arm-gnu-toolchain-6.3.1.508-linux.any.x86_64/arm-none-eabi/bin/../lib/gcc/arm-none-eabi/6.3.1/thumb/v6-m/crtend.o
LOAD /home/afzal/work-zone/MPlab-x/gcc/gcc-64/arm-gnu-toolchain-6.3.1.508-linux.any.x86_64/arm-none-eabi/bin/../lib/gcc/arm-none-eabi/6.3.1/thumb/v6-m/crtn.o
                0x0000000000002000                STACK_SIZE = DEFINED (STACK_SIZE)?STACK_SIZE:DEFINED (__stack_size__)?__stack_size__:0x2000

.text           0x0000000000000000      0x940
                0x0000000000000000                . = ALIGN (0x4)
                0x0000000000000000                _sfixed = .
 *(.vectors .vectors.*)
 .vectors       0x0000000000000000       0xb0 build/toytrain-config/production/_ext/1672823694/interrupts.o
                0x0000000000000000                exception_table
 *(.text .text.* .gnu.linkonce.t.*)
 .text          0x00000000000000b0       0x60 /home/afzal/work-zone/MPlab-x/gcc/gcc-64/arm-gnu-toolchain-6.3.1.508-linux.any.x86_64/arm-none-eabi/bin/../lib/gcc/arm-none-eabi/6.3.1/thumb/v6-m/crtbegin.o
 .text.NVMCTRL_Initialize
                0x0000000000000110        0xc build/toytrain-config/production/_ext/2068134214/plib_nvmctrl.o
                0x0000000000000110                NVMCTRL_Initialize
 .text.EVSYS_Initialize
                0x000000000000011c        0x2 build/toytrain-config/production/_ext/1936712154/plib_evsys.o
                0x000000000000011c                EVSYS_Initialize
 *fill*         0x000000000000011e        0x2 
 .text.systickCallback
                0x0000000000000120       0x2c build/toytrain-config/production/_ext/1360937237/main.o
                0x0000000000000120                systickCallback
 .text.startup.main
                0x000000000000014c      0x140 build/toytrain-config/production/_ext/1360937237/main.o
                0x000000000000014c                main
 .text.SYS_Initialize
                0x000000000000028c       0x68 build/toytrain-config/production/_ext/1672823694/initialization.o
                0x000000000000028c                SYS_Initialize
 .text.Dummy_Handler
                0x00000000000002f4        0x2 build/toytrain-config/production/_ext/1672823694/interrupts.o
                0x00000000000002f4                SVCall_Handler
                0x00000000000002f4                DMAC_Handler
                0x00000000000002f4                AC_Handler
                0x00000000000002f4                PendSV_Handler
                0x00000000000002f4                SERCOM1_Handler
                0x00000000000002f4                ADC_Handler
                0x00000000000002f4                TCC1_Handler
                0x00000000000002f4                SERCOM2_Handler
                0x00000000000002f4                TCC0_Handler
                0x00000000000002f4                RTC_Handler
                0x00000000000002f4                EIC_Handler
                0x00000000000002f4                WDT_Handler
                0x00000000000002f4                TC4_Handler
                0x00000000000002f4                USB_Handler
                0x00000000000002f4                TC3_Handler
                0x00000000000002f4                Dummy_Handler
                0x00000000000002f4                PM_Handler
                0x00000000000002f4                SERCOM5_Handler
                0x00000000000002f4                TCC2_Handler
                0x00000000000002f4                EVSYS_Handler
                0x00000000000002f4                SERCOM3_Handler
                0x00000000000002f4                SERCOM4_Handler
                0x00000000000002f4                I2S_Handler
                0x00000000000002f4                NVMCTRL_Handler
                0x00000000000002f4                SERCOM0_Handler
                0x00000000000002f4                DAC_Handler
                0x00000000000002f4                PTC_Handler
                0x00000000000002f4                TC5_Handler
                0x00000000000002f4                SYSCTRL_Handler
 .text.NonMaskableInt_Handler
                0x00000000000002f6        0x2 build/toytrain-config/production/_ext/1672823694/exceptions.o
                0x00000000000002f6                NonMaskableInt_Handler
 .text.HardFault_Handler
                0x00000000000002f8        0x2 build/toytrain-config/production/_ext/1672823694/exceptions.o
                0x00000000000002f8                HardFault_Handler
 *fill*         0x00000000000002fa        0x2 
 .text.PORT_Initialize
                0x00000000000002fc       0x60 build/toytrain-config/production/_ext/1863268969/plib_port.o
                0x00000000000002fc                PORT_Initialize
 .text.CLOCK_Initialize
                0x000000000000035c       0x9c build/toytrain-config/production/_ext/1938861640/plib_clock.o
                0x000000000000035c                CLOCK_Initialize
 .text.NVIC_INT_Enable
                0x00000000000003f8        0x8 build/toytrain-config/production/_ext/1863322120/plib_nvic.o
                0x00000000000003f8                NVIC_INT_Enable
 .text.NVIC_Initialize
                0x0000000000000400        0xc build/toytrain-config/production/_ext/1863322120/plib_nvic.o
                0x0000000000000400                NVIC_Initialize
 .text.SYSTICK_TimerInitialize
                0x000000000000040c       0x24 build/toytrain-config/production/_ext/1833659116/plib_systick.o
                0x000000000000040c                SYSTICK_TimerInitialize
 .text.SYSTICK_TimerStart
                0x0000000000000430       0x14 build/toytrain-config/production/_ext/1833659116/plib_systick.o
                0x0000000000000430                SYSTICK_TimerStart
 .text.SYSTICK_DelayMs
                0x0000000000000444       0x38 build/toytrain-config/production/_ext/1833659116/plib_systick.o
                0x0000000000000444                SYSTICK_DelayMs
 .text.SYSTICK_TimerCallbackSet
                0x000000000000047c        0xc build/toytrain-config/production/_ext/1833659116/plib_systick.o
                0x000000000000047c                SYSTICK_TimerCallbackSet
 .text.SysTick_Handler
                0x0000000000000488       0x24 build/toytrain-config/production/_ext/1833659116/plib_systick.o
                0x0000000000000488                SysTick_Handler
 .text.Reset_Handler
                0x00000000000004ac       0x90 build/toytrain-config/production/_ext/1675061921/startup_gcc.o
                0x00000000000004ac                Reset_Handler
 .text.SERCOM2_USART_Initialize
                0x000000000000053c       0x30 build/toytrain-config/production/_ext/332908461/plib_sercom2_usart.o
                0x000000000000053c                SERCOM2_USART_Initialize
 .text.SERCOM0_USART_Initialize
                0x000000000000056c       0x30 build/toytrain-config/production/_ext/332908461/plib_sercom0_usart.o
                0x000000000000056c                SERCOM0_USART_Initialize
 .text.SERCOM0_USART_Write
                0x000000000000059c       0x3c build/toytrain-config/production/_ext/332908461/plib_sercom0_usart.o
                0x000000000000059c                SERCOM0_USART_Write
 .text.measureHallSensorValue
                0x00000000000005d8       0x58 build/toytrain-config/production/_ext/1239984807/hallSensor.o
                0x00000000000005d8                measureHallSensorValue
 .text.motorControl
                0x0000000000000630        0xc build/toytrain-config/production/_ext/1239984807/motorControl.o
                0x0000000000000630                motorControl
 .text.stopMotor
                0x000000000000063c       0x10 build/toytrain-config/production/_ext/1239984807/motorControl.o
                0x000000000000063c                stopMotor
 .text.TCC2_PWMInitialize
                0x000000000000064c       0x2c build/toytrain-config/production/_ext/752838658/plib_tcc2.o
                0x000000000000064c                TCC2_PWMInitialize
 .text.TCC2_PWMStart
                0x0000000000000678       0x18 build/toytrain-config/production/_ext/752838658/plib_tcc2.o
                0x0000000000000678                TCC2_PWMStart
 .text.TCC0_PWMInitialize
                0x0000000000000690       0x48 build/toytrain-config/production/_ext/752838658/plib_tcc0.o
                0x0000000000000690                TCC0_PWMInitialize
 .text.TCC0_PWMStart
                0x00000000000006d8       0x18 build/toytrain-config/production/_ext/752838658/plib_tcc0.o
                0x00000000000006d8                TCC0_PWMStart
 .text.TC3_CompareInitialize
                0x00000000000006f0       0x34 build/toytrain-config/production/_ext/1963947771/plib_tc3.o
                0x00000000000006f0                TC3_CompareInitialize
 .text.TC3_CompareStart
                0x0000000000000724       0x18 build/toytrain-config/production/_ext/1963947771/plib_tc3.o
                0x0000000000000724                TC3_CompareStart
 .text.TC3_Compare8bitMatch0Set
                0x000000000000073c       0x14 build/toytrain-config/production/_ext/1963947771/plib_tc3.o
                0x000000000000073c                TC3_Compare8bitMatch0Set
 .text.__libc_init_array
                0x0000000000000750       0x48 /home/afzal/work-zone/MPlab-x/gcc/gcc-64/arm-gnu-toolchain-6.3.1.508-linux.any.x86_64/arm-none-eabi/bin/../lib/gcc/arm-none-eabi/6.3.1/../../../../arm-none-eabi/lib/thumb/v6-m/libc.a(lib_a-init.o)
                0x0000000000000750                __libc_init_array
 .text.startup.register_fini
                0x0000000000000798       0x18 /home/afzal/work-zone/MPlab-x/gcc/gcc-64/arm-gnu-toolchain-6.3.1.508-linux.any.x86_64/arm-none-eabi/bin/../lib/gcc/arm-none-eabi/6.3.1/../../../../arm-none-eabi/lib/thumb/v6-m/libc.a(lib_a-__call_atexit.o)
 .text.atexit   0x00000000000007b0       0x10 /home/afzal/work-zone/MPlab-x/gcc/gcc-64/arm-gnu-toolchain-6.3.1.508-linux.any.x86_64/arm-none-eabi/bin/../lib/gcc/arm-none-eabi/6.3.1/../../../../arm-none-eabi/lib/thumb/v6-m/libc.a(lib_a-atexit.o)
                0x00000000000007b0                atexit
 .text.__libc_fini_array
                0x00000000000007c0       0x34 /home/afzal/work-zone/MPlab-x/gcc/gcc-64/arm-gnu-toolchain-6.3.1.508-linux.any.x86_64/arm-none-eabi/bin/../lib/gcc/arm-none-eabi/6.3.1/../../../../arm-none-eabi/lib/thumb/v6-m/libc.a(lib_a-fini.o)
                0x00000000000007c0                __libc_fini_array
 .text.__retarget_lock_acquire_recursive
                0x00000000000007f4        0x4 /home/afzal/work-zone/MPlab-x/gcc/gcc-64/arm-gnu-toolchain-6.3.1.508-linux.any.x86_64/arm-none-eabi/bin/../lib/gcc/arm-none-eabi/6.3.1/../../../../arm-none-eabi/lib/thumb/v6-m/libc.a(lib_a-lock.o)
                0x00000000000007f4                __retarget_lock_acquire_recursive
 .text.__retarget_lock_release_recursive
                0x00000000000007f8        0x4 /home/afzal/work-zone/MPlab-x/gcc/gcc-64/arm-gnu-toolchain-6.3.1.508-linux.any.x86_64/arm-none-eabi/bin/../lib/gcc/arm-none-eabi/6.3.1/../../../../arm-none-eabi/lib/thumb/v6-m/libc.a(lib_a-lock.o)
                0x00000000000007f8                __retarget_lock_release_recursive
 .text.__register_exitproc
                0x00000000000007fc       0xf4 /home/afzal/work-zone/MPlab-x/gcc/gcc-64/arm-gnu-toolchain-6.3.1.508-linux.any.x86_64/arm-none-eabi/bin/../lib/gcc/arm-none-eabi/6.3.1/../../../../arm-none-eabi/lib/thumb/v6-m/libc.a(lib_a-__atexit.o)
                0x00000000000007fc                __register_exitproc
 *(.glue_7t)
 .glue_7t       0x00000000000008f0        0x0 linker stubs
 *(.glue_7)
 .glue_7        0x00000000000008f0        0x0 linker stubs
 *(.rodata .rodata* .gnu.linkonce.r.*)
 .rodata.str1.1
                0x00000000000008f0       0x27 build/toytrain-config/production/_ext/1360937237/main.o
 *fill*         0x0000000000000917        0x1 
 .rodata._global_impure_ptr
                0x0000000000000918        0x4 /home/afzal/work-zone/MPlab-x/gcc/gcc-64/arm-gnu-toolchain-6.3.1.508-linux.any.x86_64/arm-none-eabi/bin/../lib/gcc/arm-none-eabi/6.3.1/../../../../arm-none-eabi/lib/thumb/v6-m/libc.a(lib_a-impure.o)
                0x0000000000000918                _global_impure_ptr
 *(.ARM.extab* .gnu.linkonce.armextab.*)
                0x000000000000091c                . = ALIGN (0x4)
 *(.init)
 .init          0x000000000000091c        0x4 /home/afzal/work-zone/MPlab-x/gcc/gcc-64/arm-gnu-toolchain-6.3.1.508-linux.any.x86_64/arm-none-eabi/bin/../lib/gcc/arm-none-eabi/6.3.1/thumb/v6-m/crti.o
                0x000000000000091c                _init
 .init          0x0000000000000920        0x8 /home/afzal/work-zone/MPlab-x/gcc/gcc-64/arm-gnu-toolchain-6.3.1.508-linux.any.x86_64/arm-none-eabi/bin/../lib/gcc/arm-none-eabi/6.3.1/thumb/v6-m/crtn.o
                0x0000000000000928                . = ALIGN (0x4)
                0x0000000000000928                __preinit_array_start = .
 *(.preinit_array)
                0x0000000000000928                __preinit_array_end = .
                0x0000000000000928                . = ALIGN (0x4)
                0x0000000000000928                __init_array_start = .
 *(SORT(.init_array.*))
 .init_array.00000
                0x0000000000000928        0x4 /home/afzal/work-zone/MPlab-x/gcc/gcc-64/arm-gnu-toolchain-6.3.1.508-linux.any.x86_64/arm-none-eabi/bin/../lib/gcc/arm-none-eabi/6.3.1/../../../../arm-none-eabi/lib/thumb/v6-m/libc.a(lib_a-__call_atexit.o)
 *(.init_array)
 .init_array    0x000000000000092c        0x4 /home/afzal/work-zone/MPlab-x/gcc/gcc-64/arm-gnu-toolchain-6.3.1.508-linux.any.x86_64/arm-none-eabi/bin/../lib/gcc/arm-none-eabi/6.3.1/thumb/v6-m/crtbegin.o
                0x0000000000000930                __init_array_end = .
                0x0000000000000930                . = ALIGN (0x4)
 *crtbegin.o(.ctors)
 *(EXCLUDE_FILE(*crtend.o) .ctors)
 *(SORT(.ctors.*))
 *crtend.o(.ctors)
                0x0000000000000930                . = ALIGN (0x4)
 *(.fini)
 .fini          0x0000000000000930        0x4 /home/afzal/work-zone/MPlab-x/gcc/gcc-64/arm-gnu-toolchain-6.3.1.508-linux.any.x86_64/arm-none-eabi/bin/../lib/gcc/arm-none-eabi/6.3.1/thumb/v6-m/crti.o
                0x0000000000000930                _fini
 .fini          0x0000000000000934        0x8 /home/afzal/work-zone/MPlab-x/gcc/gcc-64/arm-gnu-toolchain-6.3.1.508-linux.any.x86_64/arm-none-eabi/bin/../lib/gcc/arm-none-eabi/6.3.1/thumb/v6-m/crtn.o
                0x000000000000093c                . = ALIGN (0x4)
                0x000000000000093c                __fini_array_start = .
 *(.fini_array)
 .fini_array    0x000000000000093c        0x4 /home/afzal/work-zone/MPlab-x/gcc/gcc-64/arm-gnu-toolchain-6.3.1.508-linux.any.x86_64/arm-none-eabi/bin/../lib/gcc/arm-none-eabi/6.3.1/thumb/v6-m/crtbegin.o
 *(SORT(.fini_array.*))
                0x0000000000000940                __fini_array_end = .
 *crtbegin.o(.dtors)
 *(EXCLUDE_FILE(*crtend.o) .dtors)
 *(SORT(.dtors.*))
 *crtend.o(.dtors)
                0x0000000000000940                . = ALIGN (0x4)
                0x0000000000000940                _efixed = .
                [!provide]                        PROVIDE (__exidx_start, .)

.vfp11_veneer   0x0000000000000940        0x0
 .vfp11_veneer  0x0000000000000940        0x0 linker stubs

.v4_bx          0x0000000000000940        0x0
 .v4_bx         0x0000000000000940        0x0 linker stubs

.iplt           0x0000000000000940        0x0
 .iplt          0x0000000000000940        0x0 /home/afzal/work-zone/MPlab-x/gcc/gcc-64/arm-gnu-toolchain-6.3.1.508-linux.any.x86_64/arm-none-eabi/bin/../lib/gcc/arm-none-eabi/6.3.1/thumb/v6-m/crtbegin.o

.eh_frame       0x0000000000000940        0x0
 .eh_frame      0x0000000000000940        0x0 /home/afzal/work-zone/MPlab-x/gcc/gcc-64/arm-gnu-toolchain-6.3.1.508-linux.any.x86_64/arm-none-eabi/bin/../lib/gcc/arm-none-eabi/6.3.1/thumb/v6-m/crtbegin.o

.rel.dyn        0x0000000000000940        0x0
 .rel.iplt      0x0000000000000940        0x0 /home/afzal/work-zone/MPlab-x/gcc/gcc-64/arm-gnu-toolchain-6.3.1.508-linux.any.x86_64/arm-none-eabi/bin/../lib/gcc/arm-none-eabi/6.3.1/thumb/v6-m/crtbegin.o

.jcr            0x0000000000000940        0x0
 .jcr           0x0000000000000940        0x0 /home/afzal/work-zone/MPlab-x/gcc/gcc-64/arm-gnu-toolchain-6.3.1.508-linux.any.x86_64/arm-none-eabi/bin/../lib/gcc/arm-none-eabi/6.3.1/thumb/v6-m/crtbegin.o

.igot.plt       0x0000000000000940        0x0
 .igot.plt      0x0000000000000940        0x0 /home/afzal/work-zone/MPlab-x/gcc/gcc-64/arm-gnu-toolchain-6.3.1.508-linux.any.x86_64/arm-none-eabi/bin/../lib/gcc/arm-none-eabi/6.3.1/thumb/v6-m/crtbegin.o

.ARM.exidx
 *(.ARM.exidx* .gnu.linkonce.armexidx.*)
                [!provide]                        PROVIDE (__exidx_end, .)
                0x0000000000000940                . = ALIGN (0x4)
                0x0000000000000940                _etext = .

.relocate       0x0000000020000000      0x434 load address 0x0000000000000940
                0x0000000020000000                . = ALIGN (0x4)
                0x0000000020000000                _srelocate = .
 *(.ramfunc .ramfunc.*)
 *(.data .data.*)
 .data          0x0000000020000000        0x1 build/toytrain-config/production/_ext/1239984807/AppGlobals.o
                0x0000000020000000                global_hallReasultWaitCounter
 *fill*         0x0000000020000001        0x7 
 .data.impure_data
                0x0000000020000008      0x428 /home/afzal/work-zone/MPlab-x/gcc/gcc-64/arm-gnu-toolchain-6.3.1.508-linux.any.x86_64/arm-none-eabi/bin/../lib/gcc/arm-none-eabi/6.3.1/../../../../arm-none-eabi/lib/thumb/v6-m/libc.a(lib_a-impure.o)
 .data.__atexit_recursive_mutex
                0x0000000020000430        0x4 /home/afzal/work-zone/MPlab-x/gcc/gcc-64/arm-gnu-toolchain-6.3.1.508-linux.any.x86_64/arm-none-eabi/bin/../lib/gcc/arm-none-eabi/6.3.1/../../../../arm-none-eabi/lib/thumb/v6-m/libc.a(lib_a-__call_atexit.o)
                0x0000000020000430                __atexit_recursive_mutex
                0x0000000020000434                . = ALIGN (0x4)
                0x0000000020000434                _erelocate = .

.bss            0x0000000020000434       0x58 load address 0x0000000000000d74
                0x0000000020000434                . = ALIGN (0x4)
                0x0000000020000434                _sbss = .
                0x0000000020000434                _szero = .
 *(.bss .bss.*)
 .bss           0x0000000020000434       0x1c /home/afzal/work-zone/MPlab-x/gcc/gcc-64/arm-gnu-toolchain-6.3.1.508-linux.any.x86_64/arm-none-eabi/bin/../lib/gcc/arm-none-eabi/6.3.1/thumb/v6-m/crtbegin.o
 .bss           0x0000000020000450        0x1 build/toytrain-config/production/_ext/1360937237/main.o
                0x0000000020000450                pwmValue
 *fill*         0x0000000020000451        0x3 
 .bss           0x0000000020000454        0xc build/toytrain-config/production/_ext/1833659116/plib_systick.o
 .bss           0x0000000020000460        0x1 build/toytrain-config/production/_ext/1239984807/AppGlobals.o
                0x0000000020000460                global_hallSensorInertiaCounter
 *(COMMON)
 COMMON         0x0000000020000461        0x3 build/toytrain-config/production/_ext/1239984807/hallSensor.o
                0x0000000020000461                hallSensor
 COMMON         0x0000000020000464        0x4 build/toytrain-config/production/_ext/1239984807/motorControl.o
                0x0000000020000464                motor
 COMMON         0x0000000020000468       0x21 /home/afzal/work-zone/MPlab-x/gcc/gcc-64/arm-gnu-toolchain-6.3.1.508-linux.any.x86_64/arm-none-eabi/bin/../lib/gcc/arm-none-eabi/6.3.1/../../../../arm-none-eabi/lib/thumb/v6-m/libc.a(lib_a-lock.o)
                0x0000000020000468                __lock___atexit_recursive_mutex
                0x000000002000046c                __lock___arc4random_mutex
                0x0000000020000470                __lock___env_recursive_mutex
                0x0000000020000474                __lock___sinit_recursive_mutex
                0x0000000020000478                __lock___malloc_recursive_mutex
                0x000000002000047c                __lock___at_quick_exit_mutex
                0x0000000020000480                __lock___dd_hash_mutex
                0x0000000020000484                __lock___tz_mutex
                0x0000000020000488                __lock___sfp_recursive_mutex
                0x000000002000048c                . = ALIGN (0x4)
 *fill*         0x0000000020000489        0x3 
                0x000000002000048c                _ebss = .
                0x000000002000048c                _ezero = .

.stack          0x000000002000048c     0x2004 load address 0x0000000000000dcc
                0x0000000020000490                . = ALIGN (0x8)
 *fill*         0x000000002000048c        0x4 
                0x0000000020000490                _sstack = .
                0x0000000020002490                . = (. + STACK_SIZE)
 *fill*         0x0000000020000490     0x2000 
                0x0000000020002490                . = ALIGN (0x8)
                0x0000000020002490                _stack = .
                0x0000000020002490                . = ALIGN (0x4)
                0x0000000020002490                _end = .
OUTPUT(dist/toytrain-config/production/ttrain.X.production.elf elf32-littlearm)

.ARM.attributes
                0x0000000000000000       0x28
 .ARM.attributes
                0x0000000000000000       0x1e /home/afzal/work-zone/MPlab-x/gcc/gcc-64/arm-gnu-toolchain-6.3.1.508-linux.any.x86_64/arm-none-eabi/bin/../lib/gcc/arm-none-eabi/6.3.1/thumb/v6-m/crti.o
 .ARM.attributes
                0x000000000000001e       0x2c /home/afzal/work-zone/MPlab-x/gcc/gcc-64/arm-gnu-toolchain-6.3.1.508-linux.any.x86_64/arm-none-eabi/bin/../lib/gcc/arm-none-eabi/6.3.1/thumb/v6-m/crtbegin.o
 .ARM.attributes
                0x000000000000004a       0x32 build/toytrain-config/production/_ext/2068134214/plib_nvmctrl.o
 .ARM.attributes
                0x000000000000007c       0x32 build/toytrain-config/production/_ext/1936712154/plib_evsys.o
 .ARM.attributes
                0x00000000000000ae       0x32 build/toytrain-config/production/_ext/1360937237/main.o
 .ARM.attributes
                0x00000000000000e0       0x32 build/toytrain-config/production/_ext/1672823694/initialization.o
 .ARM.attributes
                0x0000000000000112       0x32 build/toytrain-config/production/_ext/1672823694/interrupts.o
 .ARM.attributes
                0x0000000000000144       0x32 build/toytrain-config/production/_ext/1672823694/exceptions.o
 .ARM.attributes
                0x0000000000000176       0x32 build/toytrain-config/production/_ext/1863268969/plib_port.o
 .ARM.attributes
                0x00000000000001a8       0x32 build/toytrain-config/production/_ext/1938861640/plib_clock.o
 .ARM.attributes
                0x00000000000001da       0x32 build/toytrain-config/production/_ext/1863322120/plib_nvic.o
 .ARM.attributes
                0x000000000000020c       0x32 build/toytrain-config/production/_ext/1833659116/plib_systick.o
 .ARM.attributes
                0x000000000000023e       0x32 build/toytrain-config/production/_ext/1675061921/startup_gcc.o
 .ARM.attributes
                0x0000000000000270       0x32 build/toytrain-config/production/_ext/332908461/plib_sercom2_usart.o
 .ARM.attributes
                0x00000000000002a2       0x32 build/toytrain-config/production/_ext/332908461/plib_sercom0_usart.o
 .ARM.attributes
                0x00000000000002d4       0x32 build/toytrain-config/production/_ext/1239984807/AppGlobals.o
 .ARM.attributes
                0x0000000000000306       0x32 build/toytrain-config/production/_ext/1239984807/hallSensor.o
 .ARM.attributes
                0x0000000000000338       0x32 build/toytrain-config/production/_ext/1239984807/motorControl.o
 .ARM.attributes
                0x000000000000036a       0x32 build/toytrain-config/production/_ext/752838658/plib_tcc2.o
 .ARM.attributes
                0x000000000000039c       0x32 build/toytrain-config/production/_ext/752838658/plib_tcc0.o
 .ARM.attributes
                0x00000000000003ce       0x32 build/toytrain-config/production/_ext/1963947771/plib_tc3.o
 .ARM.attributes
                0x0000000000000400       0x2c /home/afzal/work-zone/MPlab-x/gcc/gcc-64/arm-gnu-toolchain-6.3.1.508-linux.any.x86_64/arm-none-eabi/bin/../lib/gcc/arm-none-eabi/6.3.1/../../../../arm-none-eabi/lib/thumb/v6-m/libc.a(lib_a-impure.o)
 .ARM.attributes
                0x000000000000042c       0x2c /home/afzal/work-zone/MPlab-x/gcc/gcc-64/arm-gnu-toolchain-6.3.1.508-linux.any.x86_64/arm-none-eabi/bin/../lib/gcc/arm-none-eabi/6.3.1/../../../../arm-none-eabi/lib/thumb/v6-m/libc.a(lib_a-init.o)
 .ARM.attributes
                0x0000000000000458       0x2c /home/afzal/work-zone/MPlab-x/gcc/gcc-64/arm-gnu-toolchain-6.3.1.508-linux.any.x86_64/arm-none-eabi/bin/../lib/gcc/arm-none-eabi/6.3.1/../../../../arm-none-eabi/lib/thumb/v6-m/libc.a(lib_a-__call_atexit.o)
 .ARM.attributes
                0x0000000000000484       0x2c /home/afzal/work-zone/MPlab-x/gcc/gcc-64/arm-gnu-toolchain-6.3.1.508-linux.any.x86_64/arm-none-eabi/bin/../lib/gcc/arm-none-eabi/6.3.1/../../../../arm-none-eabi/lib/thumb/v6-m/libc.a(lib_a-atexit.o)
 .ARM.attributes
                0x00000000000004b0       0x2c /home/afzal/work-zone/MPlab-x/gcc/gcc-64/arm-gnu-toolchain-6.3.1.508-linux.any.x86_64/arm-none-eabi/bin/../lib/gcc/arm-none-eabi/6.3.1/../../../../arm-none-eabi/lib/thumb/v6-m/libc.a(lib_a-fini.o)
 .ARM.attributes
                0x00000000000004dc       0x2c /home/afzal/work-zone/MPlab-x/gcc/gcc-64/arm-gnu-toolchain-6.3.1.508-linux.any.x86_64/arm-none-eabi/bin/../lib/gcc/arm-none-eabi/6.3.1/../../../../arm-none-eabi/lib/thumb/v6-m/libc.a(lib_a-lock.o)
 .ARM.attributes
                0x0000000000000508       0x2c /home/afzal/work-zone/MPlab-x/gcc/gcc-64/arm-gnu-toolchain-6.3.1.508-linux.any.x86_64/arm-none-eabi/bin/../lib/gcc/arm-none-eabi/6.3.1/../../../../arm-none-eabi/lib/thumb/v6-m/libc.a(lib_a-__atexit.o)
 .ARM.attributes
                0x0000000000000534       0x1e /home/afzal/work-zone/MPlab-x/gcc/gcc-64/arm-gnu-toolchain-6.3.1.508-linux.any.x86_64/arm-none-eabi/bin/../lib/gcc/arm-none-eabi/6.3.1/thumb/v6-m/crtn.o

.comment        0x0000000000000000       0x59
 .comment       0x0000000000000000       0x59 build/toytrain-config/production/_ext/2068134214/plib_nvmctrl.o
                                         0x5a (size before relaxing)
 .comment       0x0000000000000059       0x5a build/toytrain-config/production/_ext/1936712154/plib_evsys.o
 .comment       0x0000000000000059       0x5a build/toytrain-config/production/_ext/1360937237/main.o
 .comment       0x0000000000000059       0x5a build/toytrain-config/production/_ext/1672823694/initialization.o
 .comment       0x0000000000000059       0x5a build/toytrain-config/production/_ext/1672823694/interrupts.o
 .comment       0x0000000000000059       0x5a build/toytrain-config/production/_ext/1672823694/exceptions.o
 .comment       0x0000000000000059       0x5a build/toytrain-config/production/_ext/1863268969/plib_port.o
 .comment       0x0000000000000059       0x5a build/toytrain-config/production/_ext/1938861640/plib_clock.o
 .comment       0x0000000000000059       0x5a build/toytrain-config/production/_ext/1863322120/plib_nvic.o
 .comment       0x0000000000000059       0x5a build/toytrain-config/production/_ext/1833659116/plib_systick.o
 .comment       0x0000000000000059       0x5a build/toytrain-config/production/_ext/1675061921/startup_gcc.o
 .comment       0x0000000000000059       0x5a build/toytrain-config/production/_ext/332908461/plib_sercom2_usart.o
 .comment       0x0000000000000059       0x5a build/toytrain-config/production/_ext/332908461/plib_sercom0_usart.o
 .comment       0x0000000000000059       0x5a build/toytrain-config/production/_ext/1239984807/AppGlobals.o
 .comment       0x0000000000000059       0x5a build/toytrain-config/production/_ext/1239984807/hallSensor.o
 .comment       0x0000000000000059       0x5a build/toytrain-config/production/_ext/1239984807/motorControl.o
 .comment       0x0000000000000059       0x5a build/toytrain-config/production/_ext/752838658/plib_tcc2.o
 .comment       0x0000000000000059       0x5a build/toytrain-config/production/_ext/752838658/plib_tcc0.o
 .comment       0x0000000000000059       0x5a build/toytrain-config/production/_ext/1963947771/plib_tc3.o

.debug_frame    0x0000000000000000      0x1c0
 .debug_frame   0x0000000000000000       0x2c /home/afzal/work-zone/MPlab-x/gcc/gcc-64/arm-gnu-toolchain-6.3.1.508-linux.any.x86_64/arm-none-eabi/bin/../lib/gcc/arm-none-eabi/6.3.1/../../../../arm-none-eabi/lib/thumb/v6-m/libc.a(lib_a-init.o)
 .debug_frame   0x000000000000002c       0x54 /home/afzal/work-zone/MPlab-x/gcc/gcc-64/arm-gnu-toolchain-6.3.1.508-linux.any.x86_64/arm-none-eabi/bin/../lib/gcc/arm-none-eabi/6.3.1/../../../../arm-none-eabi/lib/thumb/v6-m/libc.a(lib_a-__call_atexit.o)
 .debug_frame   0x0000000000000080       0x28 /home/afzal/work-zone/MPlab-x/gcc/gcc-64/arm-gnu-toolchain-6.3.1.508-linux.any.x86_64/arm-none-eabi/bin/../lib/gcc/arm-none-eabi/6.3.1/../../../../arm-none-eabi/lib/thumb/v6-m/libc.a(lib_a-atexit.o)
 .debug_frame   0x00000000000000a8       0x2c /home/afzal/work-zone/MPlab-x/gcc/gcc-64/arm-gnu-toolchain-6.3.1.508-linux.any.x86_64/arm-none-eabi/bin/../lib/gcc/arm-none-eabi/6.3.1/../../../../arm-none-eabi/lib/thumb/v6-m/libc.a(lib_a-fini.o)
 .debug_frame   0x00000000000000d4       0xb0 /home/afzal/work-zone/MPlab-x/gcc/gcc-64/arm-gnu-toolchain-6.3.1.508-linux.any.x86_64/arm-none-eabi/bin/../lib/gcc/arm-none-eabi/6.3.1/../../../../arm-none-eabi/lib/thumb/v6-m/libc.a(lib_a-lock.o)
 .debug_frame   0x0000000000000184       0x3c /home/afzal/work-zone/MPlab-x/gcc/gcc-64/arm-gnu-toolchain-6.3.1.508-linux.any.x86_64/arm-none-eabi/bin/../lib/gcc/arm-none-eabi/6.3.1/../../../../arm-none-eabi/lib/thumb/v6-m/libc.a(lib_a-__atexit.o)
