Archive member included to satisfy reference by file (symbol)

/home/afzal/work-zone/MPlab-x/gcc/gcc-64/arm-gnu-toolchain-6.3.1.508-linux.any.x86_64/arm-none-eabi/bin/../lib/gcc/arm-none-eabi/6.3.1/thumb/v6-m/libgcc.a(_thumb1_case_uqi.o)
                              build/toytrain-config/production/_ext/1239984807/colorDetect.o (__gnu_thumb1_case_uqi)
/home/afzal/work-zone/MPlab-x/gcc/gcc-64/arm-gnu-toolchain-6.3.1.508-linux.any.x86_64/arm-none-eabi/bin/../lib/gcc/arm-none-eabi/6.3.1/thumb/v6-m/libgcc.a(_divsi3.o)
                              build/toytrain-config/production/_ext/1239984807/colorDetect.o (__aeabi_idiv)
/home/afzal/work-zone/MPlab-x/gcc/gcc-64/arm-gnu-toolchain-6.3.1.508-linux.any.x86_64/arm-none-eabi/bin/../lib/gcc/arm-none-eabi/6.3.1/thumb/v6-m/libgcc.a(_dvmd_tls.o)
                              /home/afzal/work-zone/MPlab-x/gcc/gcc-64/arm-gnu-toolchain-6.3.1.508-linux.any.x86_64/arm-none-eabi/bin/../lib/gcc/arm-none-eabi/6.3.1/thumb/v6-m/libgcc.a(_divsi3.o) (__aeabi_idiv0)
/home/afzal/work-zone/MPlab-x/gcc/gcc-64/arm-gnu-toolchain-6.3.1.508-linux.any.x86_64/arm-none-eabi/bin/../lib/gcc/arm-none-eabi/6.3.1/thumb/v6-m/libgcc.a(_aeabi_uldivmod.o)
                              build/toytrain-config/production/_ext/332908461/plib_sercom2_usart.o (__aeabi_uldivmod)
/home/afzal/work-zone/MPlab-x/gcc/gcc-64/arm-gnu-toolchain-6.3.1.508-linux.any.x86_64/arm-none-eabi/bin/../lib/gcc/arm-none-eabi/6.3.1/thumb/v6-m/libgcc.a(_muldi3.o)
                              build/toytrain-config/production/_ext/332908461/plib_sercom2_usart.o (__aeabi_lmul)
/home/afzal/work-zone/MPlab-x/gcc/gcc-64/arm-gnu-toolchain-6.3.1.508-linux.any.x86_64/arm-none-eabi/bin/../lib/gcc/arm-none-eabi/6.3.1/thumb/v6-m/libgcc.a(_udivmoddi4.o)
                              /home/afzal/work-zone/MPlab-x/gcc/gcc-64/arm-gnu-toolchain-6.3.1.508-linux.any.x86_64/arm-none-eabi/bin/../lib/gcc/arm-none-eabi/6.3.1/thumb/v6-m/libgcc.a(_aeabi_uldivmod.o) (__udivmoddi4)
/home/afzal/work-zone/MPlab-x/gcc/gcc-64/arm-gnu-toolchain-6.3.1.508-linux.any.x86_64/arm-none-eabi/bin/../lib/gcc/arm-none-eabi/6.3.1/thumb/v6-m/libgcc.a(_clzdi2.o)
                              /home/afzal/work-zone/MPlab-x/gcc/gcc-64/arm-gnu-toolchain-6.3.1.508-linux.any.x86_64/arm-none-eabi/bin/../lib/gcc/arm-none-eabi/6.3.1/thumb/v6-m/libgcc.a(_udivmoddi4.o) (__clzdi2)
/home/afzal/work-zone/MPlab-x/gcc/gcc-64/arm-gnu-toolchain-6.3.1.508-linux.any.x86_64/arm-none-eabi/bin/../lib/gcc/arm-none-eabi/6.3.1/thumb/v6-m/libgcc.a(_clzsi2.o)
                              /home/afzal/work-zone/MPlab-x/gcc/gcc-64/arm-gnu-toolchain-6.3.1.508-linux.any.x86_64/arm-none-eabi/bin/../lib/gcc/arm-none-eabi/6.3.1/thumb/v6-m/libgcc.a(_clzdi2.o) (__clzsi2)
/home/afzal/work-zone/MPlab-x/gcc/gcc-64/arm-gnu-toolchain-6.3.1.508-linux.any.x86_64/arm-none-eabi/bin/../lib/gcc/arm-none-eabi/6.3.1/../../../../arm-none-eabi/lib/thumb/v6-m/libc.a(lib_a-exit.o)
                              /home/afzal/work-zone/MPlab-x/gcc/gcc-64/arm-gnu-toolchain-6.3.1.508-linux.any.x86_64/arm-none-eabi/bin/../lib/gcc/arm-none-eabi/6.3.1/../../../../arm-none-eabi/lib/thumb/v6-m/crt0.o (exit)
/home/afzal/work-zone/MPlab-x/gcc/gcc-64/arm-gnu-toolchain-6.3.1.508-linux.any.x86_64/arm-none-eabi/bin/../lib/gcc/arm-none-eabi/6.3.1/../../../../arm-none-eabi/lib/thumb/v6-m/libc.a(lib_a-impure.o)
                              /home/afzal/work-zone/MPlab-x/gcc/gcc-64/arm-gnu-toolchain-6.3.1.508-linux.any.x86_64/arm-none-eabi/bin/../lib/gcc/arm-none-eabi/6.3.1/../../../../arm-none-eabi/lib/thumb/v6-m/libc.a(lib_a-exit.o) (_global_impure_ptr)
/home/afzal/work-zone/MPlab-x/gcc/gcc-64/arm-gnu-toolchain-6.3.1.508-linux.any.x86_64/arm-none-eabi/bin/../lib/gcc/arm-none-eabi/6.3.1/../../../../arm-none-eabi/lib/thumb/v6-m/libc.a(lib_a-init.o)
                              /home/afzal/work-zone/MPlab-x/gcc/gcc-64/arm-gnu-toolchain-6.3.1.508-linux.any.x86_64/arm-none-eabi/bin/../lib/gcc/arm-none-eabi/6.3.1/../../../../arm-none-eabi/lib/thumb/v6-m/crt0.o (__libc_init_array)
/home/afzal/work-zone/MPlab-x/gcc/gcc-64/arm-gnu-toolchain-6.3.1.508-linux.any.x86_64/arm-none-eabi/bin/../lib/gcc/arm-none-eabi/6.3.1/../../../../arm-none-eabi/lib/thumb/v6-m/libc.a(lib_a-memcpy-stub.o)
                              build/toytrain-config/production/_ext/2068134214/plib_nvmctrl.o (memcpy)
/home/afzal/work-zone/MPlab-x/gcc/gcc-64/arm-gnu-toolchain-6.3.1.508-linux.any.x86_64/arm-none-eabi/bin/../lib/gcc/arm-none-eabi/6.3.1/../../../../arm-none-eabi/lib/thumb/v6-m/libc.a(lib_a-memset.o)
                              /home/afzal/work-zone/MPlab-x/gcc/gcc-64/arm-gnu-toolchain-6.3.1.508-linux.any.x86_64/arm-none-eabi/bin/../lib/gcc/arm-none-eabi/6.3.1/../../../../arm-none-eabi/lib/thumb/v6-m/crt0.o (memset)
/home/afzal/work-zone/MPlab-x/gcc/gcc-64/arm-gnu-toolchain-6.3.1.508-linux.any.x86_64/arm-none-eabi/bin/../lib/gcc/arm-none-eabi/6.3.1/../../../../arm-none-eabi/lib/thumb/v6-m/libc.a(lib_a-strcpy.o)
[...]
Memory Configuration

Name             Origin             Length             Attributes
rom              0x0000000000000000 0x0000000000040000 xr
ram              0x0000000020000000 0x0000000000008000 xrw
*default*        0x0000000000000000 0xffffffffffffffff

Linker script and memory map

LOAD /home/afzal/work-zone/MPlab-x/gcc/gcc-64/arm-gnu-toolchain-6.3.1.508-linux.any.x86_64/arm-none-eabi/bin/../lib/gcc/arm-none-eabi/6.3.1/thumb/v6-m/crti.o
LOAD /home/afzal/work-zone/MPlab-x/gcc/gcc-64/arm-gnu-toolchain-6.3.1.508-linux.any.x86_64/arm-none-eabi/bin/../lib/gcc/arm-none-eabi/6.3.1/thumb/v6-m/crtbegin.o
LOAD /home/afzal/work-zone/MPlab-x/gcc/gcc-64/arm-gnu-toolchain-6.3.1.508-linux.any.x86_64/arm-none-eabi/bin/../lib/gcc/arm-none-eabi/6.3.1/../../../../arm-none-eabi/lib/thumb/v6-m/crt0.o
LOAD build/toytrain-config/production/_ext/1239984807/AppGlobals.o
LOAD build/toytrain-config/production/_ext/1239984807/colorDetect.o
LOAD build/toytrain-config/production/_ext/1239984807/hallSensor.o
LOAD build/toytrain-config/production/_ext/1239984807/motorControl.o
LOAD build/toytrain-config/production/_ext/1239984807/rgbLed.o
LOAD build/toytrain-config/production/_ext/1239984807/bluetooth.o
LOAD build/toytrain-config/production/_ext/1239984807/music.o
LOAD build/toytrain-config/production/_ext/752856886/plib_adc.o
LOAD build/toytrain-config/production/_ext/1938861640/plib_clock.o
LOAD build/toytrain-config/production/_ext/752854096/plib_dac.o
LOAD build/toytrain-config/production/_ext/1936712154/plib_evsys.o
LOAD build/toytrain-config/production/_ext/1863322120/plib_nvic.o
LOAD build/toytrain-config/production/_ext/2068134214/plib_nvmctrl.o
LOAD build/toytrain-config/production/_ext/1863268969/plib_port.o
LOAD build/toytrain-config/production/_ext/332908461/plib_sercom2_usart.o
LOAD build/toytrain-config/production/_ext/332908461/plib_sercom0_usart.o
LOAD build/toytrain-config/production/_ext/1833659116/plib_systick.o
LOAD build/toytrain-config/production/_ext/1963947771/plib_tc3.o
LOAD build/toytrain-config/production/_ext/1963947771/plib_tc4.o
LOAD build/toytrain-config/production/_ext/752838658/plib_tcc2.o
LOAD build/toytrain-config/production/_ext/752838658/plib_tcc0.o
LOAD build/toytrain-config/production/_ext/1675061921/gcc_monitor.o
LOAD build/toytrain-config/production/_ext/1672823694/initialization.o
LOAD build/toytrain-config/production/_ext/1672823694/interrupts.o
LOAD build/toytrain-config/production/_ext/1672823694/exceptions.o
LOAD build/toytrain-config/production/_ext/1672823694/libc_syscalls.o
LOAD build/toytrain-config/production/_ext/1675061921/startup_gcc.o
LOAD build/toytrain-config/production/_ext/1360937237/main.o
                0x0000000000000001                __MPLAB_BUILD = 0x1
START GROUP
LOAD /home/afzal/work-zone/MPlab-x/gcc/gcc-64/arm-gnu-toolchain-6.3.1.508-linux.any.x86_64/arm-none-eabi/bin/../lib/gcc/arm-none-eabi/6.3.1/thumb/v6-m/libgcc.a
LOAD /home/afzal/work-zone/MPlab-x/gcc/gcc-64/arm-gnu-toolchain-6.3.1.508-linux.any.x86_64/arm-none-eabi/bin/../lib/gcc/arm-none-eabi/6.3.1/../../../../arm-none-eabi/lib/thumb/v6-m/libc.a
END GROUP
START GROUP
LOAD /home/afzal/work-zone/MPlab-x/gcc/gcc-64/arm-gnu-toolchain-6.3.1.508-linux.any.x86_64/arm-none-eabi/bin/../lib/gcc/arm-none-eabi/6.3.1/thumb/v6-m/libgcc.a
LOAD /home/afzal/work-zone/MPlab-x/gcc/gcc-64/arm-gnu-toolchain-6.3.1.508-linux.any.x86_64/arm-none-eabi/bin/../lib/gcc/arm-none-eabi/6.3.1/../../../../arm-none-eabi/lib/thumb/v6-m/libc.a
LOAD /home/afzal/work-zone/MPlab-x/gcc/gcc-64/arm-gnu-toolchain-6.3.1.508-linux.any.x86_64/arm-none-eabi/bin/../lib/gcc/arm-none-eabi/6.3.1/../../../../arm-none-eabi/lib/thumb/v6-m/libnosys.a
END GROUP
LOAD /home/afzal/work-zone/MPlab-x/gcc/gcc-64/arm-gnu-toolchain-6.3.1.508-linux.any.x86_64/arm-none-eabi/bin/../lib/gcc/arm-none-eabi/6.3.1/thumb/v6-m/crtend.o
LOAD /home/afzal/work-zone/MPlab-x/gcc/gcc-64/arm-gnu-toolchain-6.3.1.508-linux.any.x86_64/arm-none-eabi/bin/../lib/gcc/arm-none-eabi/6.3.1/thumb/v6-m/crtn.o
                0x0000000000002000                STACK_SIZE = DEFINED (STACK_SIZE)?STACK_SIZE:DEFINED (__stack_size__)?__stack_size__:0x2000

.text           0x0000000000000000    0x349e8
                0x0000000000000000                . = ALIGN (0x4)
                0x0000000000000000                _sfixed = .
 *(.vectors .vectors.*)
 .vectors       0x0000000000000000       0xb0 build/toytrain-config/production/_ext/1672823694/interrupts.o
                0x0000000000000000                exception_table
 *(.text .text.* .gnu.linkonce.t.*)
 .text          0x00000000000000b0       0x60 /home/afzal/work-zone/MPlab-x/gcc/gcc-64/arm-gnu-toolchain-6.3.1.508-linux.any.x86_64/arm-none-eabi/bin/../lib/gcc/arm-none-eabi/6.3.1/thumb/v6-m/crtbegin.o
 .text.TCC0_PWM24bitDutySet
                0x0000000000000110       0x28 build/toytrain-config/production/_ext/1239984807/motorControl.o
 .text.initMotorPeripheral
                0x0000000000000138       0x20 build/toytrain-config/production/_ext/1239984807/motorControl.o
                0x0000000000000138                initMotorPeripheral
 .text.TCC2_PWM16bitDutySet
                0x0000000000000158       0x24 build/toytrain-config/production/_ext/1239984807/rgbLed.o
 .text.initRGBPeripheral
                0x000000000000017c       0x30 build/toytrain-config/production/_ext/1239984807/rgbLed.o
                0x000000000000017c                initRGBPeripheral
 .text.sercom2WriteCallBack
                0x00000000000001ac        0xc build/toytrain-config/production/_ext/1239984807/bluetooth.o
                0x00000000000001ac                sercom2WriteCallBack
 .text.sercom2ReadCallBack
                0x00000000000001b8       0x20 build/toytrain-config/production/_ext/1239984807/bluetooth.o
                0x00000000000001b8                sercom2ReadCallBack
 .text.initBluetoothSerial
                0x00000000000001d8       0x34 build/toytrain-config/production/_ext/1239984807/bluetooth.o
                0x00000000000001d8                initBluetoothSerial
 .text.sample1Size
                0x000000000000020c        0x8 build/toytrain-config/production/_ext/1239984807/music.o
                0x000000000000020c                sample1Size
 .text.ADC_Initialize
                0x0000000000000214       0x78 build/toytrain-config/production/_ext/752856886/plib_adc.o
                0x0000000000000214                ADC_Initialize
 .text.ADC_Enable
                0x000000000000028c       0x18 build/toytrain-config/production/_ext/752856886/plib_adc.o
                0x000000000000028c                ADC_Enable
 .text.ADC_ChannelSelect
                0x00000000000002a4       0x24 build/toytrain-config/production/_ext/752856886/plib_adc.o
                0x00000000000002a4                ADC_ChannelSelect
 .text.ADC_ConversionResultGet
                0x00000000000002c8        0xc build/toytrain-config/production/_ext/752856886/plib_adc.o
                0x00000000000002c8                ADC_ConversionResultGet
 .text.ADC_CallbackRegister
                0x00000000000002d4        0xc build/toytrain-config/production/_ext/752856886/plib_adc.o
                0x00000000000002d4                ADC_CallbackRegister
 .text.ADC_InterruptHandler
                0x00000000000002e0       0x24 build/toytrain-config/production/_ext/752856886/plib_adc.o
                0x00000000000002e0                ADC_InterruptHandler
 .text.CLOCK_Initialize
                0x0000000000000304       0xb4 build/toytrain-config/production/_ext/1938861640/plib_clock.o
                0x0000000000000304                CLOCK_Initialize
 .text.DAC_Initialize
                0x00000000000003b8       0x1c build/toytrain-config/production/_ext/752854096/plib_dac.o
                0x00000000000003b8                DAC_Initialize
 .text.DAC_DataWrite
                0x00000000000003d4       0x14 build/toytrain-config/production/_ext/752854096/plib_dac.o
                0x00000000000003d4                DAC_DataWrite
 .text.EVSYS_Initialize
                0x00000000000003e8        0x2 build/toytrain-config/production/_ext/1936712154/plib_evsys.o
                0x00000000000003e8                EVSYS_Initialize
 *fill*         0x00000000000003ea        0x2 
 .text.NVIC_Initialize
                0x00000000000003ec       0x4c build/toytrain-config/production/_ext/1863322120/plib_nvic.o
                0x00000000000003ec                NVIC_Initialize
 .text.NVMCTRL_Initialize
                0x0000000000000438        0xc build/toytrain-config/production/_ext/2068134214/plib_nvmctrl.o
                0x0000000000000438                NVMCTRL_Initialize
 .text.PORT_Initialize
                0x0000000000000444       0x64 build/toytrain-config/production/_ext/1863268969/plib_port.o
                0x0000000000000444                PORT_Initialize
 .text.SERCOM2_USART_ErrorClear
                0x00000000000004a8       0x24 build/toytrain-config/production/_ext/332908461/plib_sercom2_usart.o
 .text.SERCOM2_USART_Initialize
                0x00000000000004cc       0x50 build/toytrain-config/production/_ext/332908461/plib_sercom2_usart.o
                0x00000000000004cc                SERCOM2_USART_Initialize
 .text.SERCOM2_USART_ErrorGet
                0x000000000000051c       0x10 build/toytrain-config/production/_ext/332908461/plib_sercom2_usart.o
                0x000000000000051c                SERCOM2_USART_ErrorGet
 .text.SERCOM2_USART_WriteCallbackRegister
                0x000000000000052c        0xc build/toytrain-config/production/_ext/332908461/plib_sercom2_usart.o
                0x000000000000052c                SERCOM2_USART_WriteCallbackRegister
 .text.SERCOM2_USART_Read
                0x0000000000000538       0x44 build/toytrain-config/production/_ext/332908461/plib_sercom2_usart.o
                0x0000000000000538                SERCOM2_USART_Read
 .text.SERCOM2_USART_ReadCallbackRegister
                0x000000000000057c        0xc build/toytrain-config/production/_ext/332908461/plib_sercom2_usart.o
                0x000000000000057c                SERCOM2_USART_ReadCallbackRegister
 .text.SERCOM2_USART_InterruptHandler
                0x0000000000000588      0x138 build/toytrain-config/production/_ext/332908461/plib_sercom2_usart.o
                0x0000000000000588                SERCOM2_USART_InterruptHandler
 .text.SERCOM0_USART_Initialize
                0x00000000000006c0       0x30 build/toytrain-config/production/_ext/332908461/plib_sercom0_usart.o
                0x00000000000006c0                SERCOM0_USART_Initialize
 .text.SYSTICK_TimerInitialize
                0x00000000000006f0       0x24 build/toytrain-config/production/_ext/1833659116/plib_systick.o
                0x00000000000006f0                SYSTICK_TimerInitialize
 .text.SYSTICK_TimerStart
                0x0000000000000714       0x14 build/toytrain-config/production/_ext/1833659116/plib_systick.o
                0x0000000000000714                SYSTICK_TimerStart
 .text.SYSTICK_DelayMs
                0x0000000000000728       0x38 build/toytrain-config/production/_ext/1833659116/plib_systick.o
                0x0000000000000728                SYSTICK_DelayMs
 .text.SYSTICK_TimerCallbackSet
                0x0000000000000760        0xc build/toytrain-config/production/_ext/1833659116/plib_systick.o
                0x0000000000000760                SYSTICK_TimerCallbackSet
 .text.SysTick_Handler
                0x000000000000076c       0x24 build/toytrain-config/production/_ext/1833659116/plib_systick.o
                0x000000000000076c                SysTick_Handler
 .text.TC3_CompareInitialize
                0x0000000000000790       0x34 build/toytrain-config/production/_ext/1963947771/plib_tc3.o
                0x0000000000000790                TC3_CompareInitialize
 .text.TC3_CompareStart
                0x00000000000007c4       0x18 build/toytrain-config/production/_ext/1963947771/plib_tc3.o
                0x00000000000007c4                TC3_CompareStart
 .text.TC3_Compare8bitMatch0Set
                0x00000000000007dc       0x14 build/toytrain-config/production/_ext/1963947771/plib_tc3.o
                0x00000000000007dc                TC3_Compare8bitMatch0Set
 .text.TC4_TimerInitialize
                0x00000000000007f0       0x38 build/toytrain-config/production/_ext/1963947771/plib_tc4.o
                0x00000000000007f0                TC4_TimerInitialize
 .text.TC4_TimerStart
                0x0000000000000828       0x18 build/toytrain-config/production/_ext/1963947771/plib_tc4.o
                0x0000000000000828                TC4_TimerStart
 .text.TC4_TimerCallbackRegister
                0x0000000000000840        0xc build/toytrain-config/production/_ext/1963947771/plib_tc4.o
                0x0000000000000840                TC4_TimerCallbackRegister
 .text.TC4_TimerInterruptHandler
                0x000000000000084c       0x24 build/toytrain-config/production/_ext/1963947771/plib_tc4.o
                0x000000000000084c                TC4_TimerInterruptHandler
 .text.TCC2_PWMInitialize
                0x0000000000000870       0x2c build/toytrain-config/production/_ext/752838658/plib_tcc2.o
                0x0000000000000870                TCC2_PWMInitialize
 .text.TCC2_PWMStart
                0x000000000000089c       0x18 build/toytrain-config/production/_ext/752838658/plib_tcc2.o
                0x000000000000089c                TCC2_PWMStart
 .text.TCC0_PWMInitialize
                0x00000000000008b4       0x44 build/toytrain-config/production/_ext/752838658/plib_tcc0.o
                0x00000000000008b4                TCC0_PWMInitialize
 .text.TCC0_PWMStart
                0x00000000000008f8       0x18 build/toytrain-config/production/_ext/752838658/plib_tcc0.o
                0x00000000000008f8                TCC0_PWMStart
 .text.SYS_Initialize
                0x0000000000000910       0x80 build/toytrain-config/production/_ext/1672823694/initialization.o
                0x0000000000000910                SYS_Initialize
 .text.Dummy_Handler
                0x0000000000000990        0x2 build/toytrain-config/production/_ext/1672823694/interrupts.o
                0x0000000000000990                SVCall_Handler
                0x0000000000000990                DMAC_Handler
                0x0000000000000990                AC_Handler
                0x0000000000000990                PendSV_Handler
                0x0000000000000990                SERCOM1_Handler
                0x0000000000000990                TCC1_Handler
                0x0000000000000990                TCC0_Handler
                0x0000000000000990                RTC_Handler
                0x0000000000000990                EIC_Handler
                0x0000000000000990                WDT_Handler
                0x0000000000000990                USB_Handler
                0x0000000000000990                TC3_Handler
                0x0000000000000990                Dummy_Handler
                0x0000000000000990                PM_Handler
                0x0000000000000990                SERCOM5_Handler
                0x0000000000000990                TCC2_Handler
                0x0000000000000990                EVSYS_Handler
                0x0000000000000990                SERCOM3_Handler
                0x0000000000000990                SERCOM4_Handler
                0x0000000000000990                I2S_Handler
                0x0000000000000990                NVMCTRL_Handler
                0x0000000000000990                SERCOM0_Handler
                0x0000000000000990                DAC_Handler
                0x0000000000000990                PTC_Handler
                0x0000000000000990                TC5_Handler
                0x0000000000000990                SYSCTRL_Handler
 .text.NonMaskableInt_Handler
                0x0000000000000992        0x2 build/toytrain-config/production/_ext/1672823694/exceptions.o
                0x0000000000000992                NonMaskableInt_Handler
 .text.HardFault_Handler
                0x0000000000000994        0x2 build/toytrain-config/production/_ext/1672823694/exceptions.o
                0x0000000000000994                HardFault_Handler
 *fill*         0x0000000000000996        0x2 
 .text.Reset_Handler
                0x0000000000000998       0x90 build/toytrain-config/production/_ext/1675061921/startup_gcc.o
                0x0000000000000998                Reset_Handler
 .text.adcCallBack
                0x0000000000000a28       0x14 build/toytrain-config/production/_ext/1360937237/main.o
                0x0000000000000a28                adcCallBack
 .text.TC4DacCallBack
                0x0000000000000a3c       0x30 build/toytrain-config/production/_ext/1360937237/main.o
                0x0000000000000a3c                TC4DacCallBack
 .text.systickCallback
                0x0000000000000a6c       0x58 build/toytrain-config/production/_ext/1360937237/main.o
                0x0000000000000a6c                systickCallback
 .text.startup.main
                0x0000000000000ac4       0x9c build/toytrain-config/production/_ext/1360937237/main.o
                0x0000000000000ac4                main
 .text.__libc_init_array
                0x0000000000000b60       0x48 /home/afzal/work-zone/MPlab-x/gcc/gcc-64/arm-gnu-toolchain-6.3.1.508-linux.any.x86_64/arm-none-eabi/bin/../lib/gcc/arm-none-eabi/6.3.1/../../../../arm-none-eabi/lib/thumb/v6-m/libc.a(lib_a-init.o)
                0x0000000000000b60                __libc_init_array
 .text.startup.register_fini
                0x0000000000000ba8       0x18 /home/afzal/work-zone/MPlab-x/gcc/gcc-64/arm-gnu-toolchain-6.3.1.508-linux.any.x86_64/arm-none-eabi/bin/../lib/gcc/arm-none-eabi/6.3.1/../../../../arm-none-eabi/lib/thumb/v6-m/libc.a(lib_a-__call_atexit.o)
 .text.atexit   0x0000000000000bc0       0x10 /home/afzal/work-zone/MPlab-x/gcc/gcc-64/arm-gnu-toolchain-6.3.1.508-linux.any.x86_64/arm-none-eabi/bin/../lib/gcc/arm-none-eabi/6.3.1/../../../../arm-none-eabi/lib/thumb/v6-m/libc.a(lib_a-atexit.o)
                0x0000000000000bc0                atexit
 .text.__libc_fini_array
                0x0000000000000bd0       0x34 /home/afzal/work-zone/MPlab-x/gcc/gcc-64/arm-gnu-toolchain-6.3.1.508-linux.any.x86_64/arm-none-eabi/bin/../lib/gcc/arm-none-eabi/6.3.1/../../../../arm-none-eabi/lib/thumb/v6-m/libc.a(lib_a-fini.o)
                0x0000000000000bd0                __libc_fini_array
 .text.__retarget_lock_acquire_recursive
                0x0000000000000c04        0x4 /home/afzal/work-zone/MPlab-x/gcc/gcc-64/arm-gnu-toolchain-6.3.1.508-linux.any.x86_64/arm-none-eabi/bin/../lib/gcc/arm-none-eabi/6.3.1/../../../../arm-none-eabi/lib/thumb/v6-m/libc.a(lib_a-lock.o)
                0x0000000000000c04                __retarget_lock_acquire_recursive
 .text.__retarget_lock_release_recursive
                0x0000000000000c08        0x4 /home/afzal/work-zone/MPlab-x/gcc/gcc-64/arm-gnu-toolchain-6.3.1.508-linux.any.x86_64/arm-none-eabi/bin/../lib/gcc/arm-none-eabi/6.3.1/../../../../arm-none-eabi/lib/thumb/v6-m/libc.a(lib_a-lock.o)
                0x0000000000000c08                __retarget_lock_release_recursive
 .text.__register_exitproc
                0x0000000000000c0c       0xf4 /home/afzal/work-zone/MPlab-x/gcc/gcc-64/arm-gnu-toolchain-6.3.1.508-linux.any.x86_64/arm-none-eabi/bin/../lib/gcc/arm-none-eabi/6.3.1/../../../../arm-none-eabi/lib/thumb/v6-m/libc.a(lib_a-__atexit.o)
                0x0000000000000c0c                __register_exitproc
 *(.glue_7t)
 .glue_7t       0x0000000000000d00        0x0 linker stubs
 *(.glue_7)
 .glue_7        0x0000000000000d00        0x0 linker stubs
 *(.rodata .rodata* .gnu.linkonce.r.*)
 .rodata        0x0000000000000d00    0x33cbe build/toytrain-config/production/_ext/1239984807/music.o
                0x0000000000000d00                sample9
                0x0000000000000d60                sample8
                0x0000000000000dc0                sample7
                0x0000000000000e20                sample6
                0x0000000000002b3a                sample5
                0x0000000000003d5c                sample4
                0x0000000000004bc2                sample3
                0x000000000000c9e0                sample2
                0x0000000000015516                sample1
 *fill*         0x00000000000349be        0x2 
 .rodata._global_impure_ptr
                0x00000000000349c0        0x4 /home/afzal/work-zone/MPlab-x/gcc/gcc-64/arm-gnu-toolchain-6.3.1.508-linux.any.x86_64/arm-none-eabi/bin/../lib/gcc/arm-none-eabi/6.3.1/../../../../arm-none-eabi/lib/thumb/v6-m/libc.a(lib_a-impure.o)
                0x00000000000349c0                _global_impure_ptr
 *(.ARM.extab* .gnu.linkonce.armextab.*)
                0x00000000000349c4                . = ALIGN (0x4)
 *(.init)
 .init          0x00000000000349c4        0x4 /home/afzal/work-zone/MPlab-x/gcc/gcc-64/arm-gnu-toolchain-6.3.1.508-linux.any.x86_64/arm-none-eabi/bin/../lib/gcc/arm-none-eabi/6.3.1/thumb/v6-m/crti.o
                0x00000000000349c4                _init
 .init          0x00000000000349c8        0x8 /home/afzal/work-zone/MPlab-x/gcc/gcc-64/arm-gnu-toolchain-6.3.1.508-linux.any.x86_64/arm-none-eabi/bin/../lib/gcc/arm-none-eabi/6.3.1/thumb/v6-m/crtn.o
                0x00000000000349d0                . = ALIGN (0x4)
                0x00000000000349d0                __preinit_array_start = .
 *(.preinit_array)
                0x00000000000349d0                __preinit_array_end = .
                0x00000000000349d0                . = ALIGN (0x4)
                0x00000000000349d0                __init_array_start = .
 *(SORT(.init_array.*))
 .init_array.00000
                0x00000000000349d0        0x4 /home/afzal/work-zone/MPlab-x/gcc/gcc-64/arm-gnu-toolchain-6.3.1.508-linux.any.x86_64/arm-none-eabi/bin/../lib/gcc/arm-none-eabi/6.3.1/../../../../arm-none-eabi/lib/thumb/v6-m/libc.a(lib_a-__call_atexit.o)
 *(.init_array)
 .init_array    0x00000000000349d4        0x4 /home/afzal/work-zone/MPlab-x/gcc/gcc-64/arm-gnu-toolchain-6.3.1.508-linux.any.x86_64/arm-none-eabi/bin/../lib/gcc/arm-none-eabi/6.3.1/thumb/v6-m/crtbegin.o
                0x00000000000349d8                __init_array_end = .
                0x00000000000349d8                . = ALIGN (0x4)
 *crtbegin.o(.ctors)
 *(EXCLUDE_FILE(*crtend.o) .ctors)
 *(SORT(.ctors.*))
 *crtend.o(.ctors)
                0x00000000000349d8                . = ALIGN (0x4)
 *(.fini)
 .fini          0x00000000000349d8        0x4 /home/afzal/work-zone/MPlab-x/gcc/gcc-64/arm-gnu-toolchain-6.3.1.508-linux.any.x86_64/arm-none-eabi/bin/../lib/gcc/arm-none-eabi/6.3.1/thumb/v6-m/crti.o
                0x00000000000349d8                _fini
 .fini          0x00000000000349dc        0x8 /home/afzal/work-zone/MPlab-x/gcc/gcc-64/arm-gnu-toolchain-6.3.1.508-linux.any.x86_64/arm-none-eabi/bin/../lib/gcc/arm-none-eabi/6.3.1/thumb/v6-m/crtn.o
                0x00000000000349e4                . = ALIGN (0x4)
                0x00000000000349e4                __fini_array_start = .
 *(.fini_array)
 .fini_array    0x00000000000349e4        0x4 /home/afzal/work-zone/MPlab-x/gcc/gcc-64/arm-gnu-toolchain-6.3.1.508-linux.any.x86_64/arm-none-eabi/bin/../lib/gcc/arm-none-eabi/6.3.1/thumb/v6-m/crtbegin.o
 *(SORT(.fini_array.*))
                0x00000000000349e8                __fini_array_end = .
 *crtbegin.o(.dtors)
 *(EXCLUDE_FILE(*crtend.o) .dtors)
 *(SORT(.dtors.*))
 *crtend.o(.dtors)
                0x00000000000349e8                . = ALIGN (0x4)
                0x00000000000349e8                _efixed = .
                [!provide]                        PROVIDE (__exidx_start, .)

.vfp11_veneer   0x00000000000349e8        0x0
 .vfp11_veneer  0x00000000000349e8        0x0 linker stubs

.v4_bx          0x00000000000349e8        0x0
 .v4_bx         0x00000000000349e8        0x0 linker stubs

.iplt           0x00000000000349e8        0x0
 .iplt          0x00000000000349e8        0x0 /home/afzal/work-zone/MPlab-x/gcc/gcc-64/arm-gnu-toolchain-6.3.1.508-linux.any.x86_64/arm-none-eabi/bin/../lib/gcc/arm-none-eabi/6.3.1/thumb/v6-m/crtbegin.o

.eh_frame       0x00000000000349e8        0x0
 .eh_frame      0x00000000000349e8        0x0 /home/afzal/work-zone/MPlab-x/gcc/gcc-64/arm-gnu-toolchain-6.3.1.508-linux.any.x86_64/arm-none-eabi/bin/../lib/gcc/arm-none-eabi/6.3.1/thumb/v6-m/crtbegin.o

.rel.dyn        0x00000000000349e8        0x0
 .rel.iplt      0x00000000000349e8        0x0 /home/afzal/work-zone/MPlab-x/gcc/gcc-64/arm-gnu-toolchain-6.3.1.508-linux.any.x86_64/arm-none-eabi/bin/../lib/gcc/arm-none-eabi/6.3.1/thumb/v6-m/crtbegin.o

.jcr            0x00000000000349e8        0x0
 .jcr           0x00000000000349e8        0x0 /home/afzal/work-zone/MPlab-x/gcc/gcc-64/arm-gnu-toolchain-6.3.1.508-linux.any.x86_64/arm-none-eabi/bin/../lib/gcc/arm-none-eabi/6.3.1/thumb/v6-m/crtbegin.o

.igot.plt       0x00000000000349e8        0x0
 .igot.plt      0x00000000000349e8        0x0 /home/afzal/work-zone/MPlab-x/gcc/gcc-64/arm-gnu-toolchain-6.3.1.508-linux.any.x86_64/arm-none-eabi/bin/../lib/gcc/arm-none-eabi/6.3.1/thumb/v6-m/crtbegin.o

.ARM.exidx
 *(.ARM.exidx* .gnu.linkonce.armexidx.*)
                [!provide]                        PROVIDE (__exidx_end, .)
                0x00000000000349e8                . = ALIGN (0x4)
                0x00000000000349e8                _etext = .

.relocate       0x0000000020000000      0x434 load address 0x00000000000349e8
                0x0000000020000000                . = ALIGN (0x4)
                0x0000000020000000                _srelocate = .
 *(.ramfunc .ramfunc.*)
 *(.data .data.*)
 .data          0x0000000020000000        0x3 build/toytrain-config/production/_ext/1239984807/AppGlobals.o
                0x0000000020000000                global_carWashWaitTime
                0x0000000020000002                global_hallReasultWaitCounter
 *fill*         0x0000000020000003        0x5 
 .data.impure_data
                0x0000000020000008      0x428 /home/afzal/work-zone/MPlab-x/gcc/gcc-64/arm-gnu-toolchain-6.3.1.508-linux.any.x86_64/arm-none-eabi/bin/../lib/gcc/arm-none-eabi/6.3.1/../../../../arm-none-eabi/lib/thumb/v6-m/libc.a(lib_a-impure.o)
 .data.__atexit_recursive_mutex
                0x0000000020000430        0x4 /home/afzal/work-zone/MPlab-x/gcc/gcc-64/arm-gnu-toolchain-6.3.1.508-linux.any.x86_64/arm-none-eabi/bin/../lib/gcc/arm-none-eabi/6.3.1/../../../../arm-none-eabi/lib/thumb/v6-m/libc.a(lib_a-__call_atexit.o)
                0x0000000020000430                __atexit_recursive_mutex
                0x0000000020000434                . = ALIGN (0x4)
                0x0000000020000434                _erelocate = .

.bss            0x0000000020000434       0xbc load address 0x0000000000034e1c
                0x0000000020000434                . = ALIGN (0x4)
                0x0000000020000434                _sbss = .
                0x0000000020000434                _szero = .
 *(.bss .bss.*)
 .bss           0x0000000020000434       0x1c /home/afzal/work-zone/MPlab-x/gcc/gcc-64/arm-gnu-toolchain-6.3.1.508-linux.any.x86_64/arm-none-eabi/bin/../lib/gcc/arm-none-eabi/6.3.1/thumb/v6-m/crtbegin.o
 .bss           0x0000000020000450        0x6 build/toytrain-config/production/_ext/1239984807/AppGlobals.o
                0x0000000020000450                global_photoDiodeLastReadInterval
                0x0000000020000452                global_hallSensorInertiaCounter
                0x0000000020000454                adcValue
 .bss           0x0000000020000456        0x3 build/toytrain-config/production/_ext/1239984807/bluetooth.o
                0x0000000020000456                writeStatus
                0x0000000020000457                errorStatus
                0x0000000020000458                bluetoohSerialFlag
 *fill*         0x0000000020000459        0x3 
 .bss           0x000000002000045c       0x30 build/toytrain-config/production/_ext/332908461/plib_sercom2_usart.o
 .bss           0x000000002000048c        0xc build/toytrain-config/production/_ext/1833659116/plib_systick.o
 .bss           0x0000000020000498        0x9 build/toytrain-config/production/_ext/1360937237/main.o
                0x0000000020000498                musicSampleCounter
                0x000000002000049c                sample2Size
                0x00000000200004a0                dbgCounter
 *(COMMON)
 COMMON         0x00000000200004a1       0x18 build/toytrain-config/production/_ext/1239984807/bluetooth.o
                0x00000000200004a1                bluetooth
                0x00000000200004a5                blutoothSerialData
                0x00000000200004af                blutoothCommand
 *fill*         0x00000000200004b9        0x3 
 COMMON         0x00000000200004bc        0x8 build/toytrain-config/production/_ext/752856886/plib_adc.o
                0x00000000200004bc                ADC_CallbackObject
 COMMON         0x00000000200004c4        0x8 build/toytrain-config/production/_ext/1963947771/plib_tc4.o
                0x00000000200004c4                TC4_CallbackObject
 COMMON         0x00000000200004cc       0x21 /home/afzal/work-zone/MPlab-x/gcc/gcc-64/arm-gnu-toolchain-6.3.1.508-linux.any.x86_64/arm-none-eabi/bin/../lib/gcc/arm-none-eabi/6.3.1/../../../../arm-none-eabi/lib/thumb/v6-m/libc.a(lib_a-lock.o)
                0x00000000200004cc                __lock___atexit_recursive_mutex
                0x00000000200004d0                __lock___arc4random_mutex
                0x00000000200004d4                __lock___env_recursive_mutex
                0x00000000200004d8                __lock___sinit_recursive_mutex
                0x00000000200004dc                __lock___malloc_recursive_mutex
                0x00000000200004e0                __lock___at_quick_exit_mutex
                0x00000000200004e4                __lock___dd_hash_mutex
                0x00000000200004e8                __lock___tz_mutex
                0x00000000200004ec                __lock___sfp_recursive_mutex
                0x00000000200004f0                . = ALIGN (0x4)
 *fill*         0x00000000200004ed        0x3 
                0x00000000200004f0                _ebss = .
                0x00000000200004f0                _ezero = .

.stack          0x00000000200004f0     0x2000 load address 0x0000000000034ed8
                0x00000000200004f0                . = ALIGN (0x8)
                0x00000000200004f0                _sstack = .
                0x00000000200024f0                . = (. + STACK_SIZE)
 *fill*         0x00000000200004f0     0x2000 
                0x00000000200024f0                . = ALIGN (0x8)
                0x00000000200024f0                _stack = .
                0x00000000200024f0                . = ALIGN (0x4)
                0x00000000200024f0                _end = .
OUTPUT(dist/toytrain-config/production/ttrain.X.production.elf elf32-littlearm)

.ARM.attributes
                0x0000000000000000       0x28
 .ARM.attributes
                0x0000000000000000       0x1e /home/afzal/work-zone/MPlab-x/gcc/gcc-64/arm-gnu-toolchain-6.3.1.508-linux.any.x86_64/arm-none-eabi/bin/../lib/gcc/arm-none-eabi/6.3.1/thumb/v6-m/crti.o
 .ARM.attributes
                0x000000000000001e       0x2c /home/afzal/work-zone/MPlab-x/gcc/gcc-64/arm-gnu-toolchain-6.3.1.508-linux.any.x86_64/arm-none-eabi/bin/../lib/gcc/arm-none-eabi/6.3.1/thumb/v6-m/crtbegin.o
 .ARM.attributes
                0x000000000000004a       0x32 build/toytrain-config/production/_ext/1239984807/AppGlobals.o
 .ARM.attributes
                0x000000000000007c       0x32 build/toytrain-config/production/_ext/1239984807/motorControl.o
 .ARM.attributes
                0x00000000000000ae       0x32 build/toytrain-config/production/_ext/1239984807/rgbLed.o
 .ARM.attributes
                0x00000000000000e0       0x32 build/toytrain-config/production/_ext/1239984807/bluetooth.o
 .ARM.attributes
                0x0000000000000112       0x32 build/toytrain-config/production/_ext/1239984807/music.o
 .ARM.attributes
                0x0000000000000144       0x32 build/toytrain-config/production/_ext/752856886/plib_adc.o
 .ARM.attributes
                0x0000000000000176       0x32 build/toytrain-config/production/_ext/1938861640/plib_clock.o
 .ARM.attributes
                0x00000000000001a8       0x32 build/toytrain-config/production/_ext/752854096/plib_dac.o
 .ARM.attributes
                0x00000000000001da       0x32 build/toytrain-config/production/_ext/1936712154/plib_evsys.o
 .ARM.attributes
                0x000000000000020c       0x32 build/toytrain-config/production/_ext/1863322120/plib_nvic.o
 .ARM.attributes
                0x000000000000023e       0x32 build/toytrain-config/production/_ext/2068134214/plib_nvmctrl.o
 .ARM.attributes
                0x0000000000000270       0x32 build/toytrain-config/production/_ext/1863268969/plib_port.o
 .ARM.attributes
                0x00000000000002a2       0x32 build/toytrain-config/production/_ext/332908461/plib_sercom2_usart.o
 .ARM.attributes
                0x00000000000002d4       0x32 build/toytrain-config/production/_ext/332908461/plib_sercom0_usart.o
 .ARM.attributes
                0x0000000000000306       0x32 build/toytrain-config/production/_ext/1833659116/plib_systick.o
 .ARM.attributes
                0x0000000000000338       0x32 build/toytrain-config/production/_ext/1963947771/plib_tc3.o
 .ARM.attributes
                0x000000000000036a       0x32 build/toytrain-config/production/_ext/1963947771/plib_tc4.o
 .ARM.attributes
                0x000000000000039c       0x32 build/toytrain-config/production/_ext/752838658/plib_tcc2.o
 .ARM.attributes
                0x00000000000003ce       0x32 build/toytrain-config/production/_ext/752838658/plib_tcc0.o
 .ARM.attributes
                0x0000000000000400       0x32 build/toytrain-config/production/_ext/1672823694/initialization.o
 .ARM.attributes
                0x0000000000000432       0x32 build/toytrain-config/production/_ext/1672823694/interrupts.o
 .ARM.attributes
                0x0000000000000464       0x32 build/toytrain-config/production/_ext/1672823694/exceptions.o
 .ARM.attributes
                0x0000000000000496       0x32 build/toytrain-config/production/_ext/1675061921/startup_gcc.o
 .ARM.attributes
                0x00000000000004c8       0x32 build/toytrain-config/production/_ext/1360937237/main.o
 .ARM.attributes
                0x00000000000004fa       0x2c /home/afzal/work-zone/MPlab-x/gcc/gcc-64/arm-gnu-toolchain-6.3.1.508-linux.any.x86_64/arm-none-eabi/bin/../lib/gcc/arm-none-eabi/6.3.1/../../../../arm-none-eabi/lib/thumb/v6-m/libc.a(lib_a-impure.o)
 .ARM.attributes
                0x0000000000000526       0x2c /home/afzal/work-zone/MPlab-x/gcc/gcc-64/arm-gnu-toolchain-6.3.1.508-linux.any.x86_64/arm-none-eabi/bin/../lib/gcc/arm-none-eabi/6.3.1/../../../../arm-none-eabi/lib/thumb/v6-m/libc.a(lib_a-init.o)
 .ARM.attributes
                0x0000000000000552       0x2c /home/afzal/work-zone/MPlab-x/gcc/gcc-64/arm-gnu-toolchain-6.3.1.508-linux.any.x86_64/arm-none-eabi/bin/../lib/gcc/arm-none-eabi/6.3.1/../../../../arm-none-eabi/lib/thumb/v6-m/libc.a(lib_a-__call_atexit.o)
 .ARM.attributes
                0x000000000000057e       0x2c /home/afzal/work-zone/MPlab-x/gcc/gcc-64/arm-gnu-toolchain-6.3.1.508-linux.any.x86_64/arm-none-eabi/bin/../lib/gcc/arm-none-eabi/6.3.1/../../../../arm-none-eabi/lib/thumb/v6-m/libc.a(lib_a-atexit.o)
 .ARM.attributes
                0x00000000000005aa       0x2c /home/afzal/work-zone/MPlab-x/gcc/gcc-64/arm-gnu-toolchain-6.3.1.508-linux.any.x86_64/arm-none-eabi/bin/../lib/gcc/arm-none-eabi/6.3.1/../../../../arm-none-eabi/lib/thumb/v6-m/libc.a(lib_a-fini.o)
 .ARM.attributes
                0x00000000000005d6       0x2c /home/afzal/work-zone/MPlab-x/gcc/gcc-64/arm-gnu-toolchain-6.3.1.508-linux.any.x86_64/arm-none-eabi/bin/../lib/gcc/arm-none-eabi/6.3.1/../../../../arm-none-eabi/lib/thumb/v6-m/libc.a(lib_a-lock.o)
 .ARM.attributes
                0x0000000000000602       0x2c /home/afzal/work-zone/MPlab-x/gcc/gcc-64/arm-gnu-toolchain-6.3.1.508-linux.any.x86_64/arm-none-eabi/bin/../lib/gcc/arm-none-eabi/6.3.1/../../../../arm-none-eabi/lib/thumb/v6-m/libc.a(lib_a-__atexit.o)
 .ARM.attributes
                0x000000000000062e       0x1e /home/afzal/work-zone/MPlab-x/gcc/gcc-64/arm-gnu-toolchain-6.3.1.508-linux.any.x86_64/arm-none-eabi/bin/../lib/gcc/arm-none-eabi/6.3.1/thumb/v6-m/crtn.o

.comment        0x0000000000000000       0x59
 .comment       0x0000000000000000       0x59 build/toytrain-config/production/_ext/1239984807/AppGlobals.o
                                         0x5a (size before relaxing)
 .comment       0x0000000000000059       0x5a build/toytrain-config/production/_ext/1239984807/motorControl.o
 .comment       0x0000000000000059       0x5a build/toytrain-config/production/_ext/1239984807/rgbLed.o
 .comment       0x0000000000000059       0x5a build/toytrain-config/production/_ext/1239984807/bluetooth.o
 .comment       0x0000000000000059       0x5a build/toytrain-config/production/_ext/1239984807/music.o
 .comment       0x0000000000000059       0x5a build/toytrain-config/production/_ext/752856886/plib_adc.o
 .comment       0x0000000000000059       0x5a build/toytrain-config/production/_ext/1938861640/plib_clock.o
 .comment       0x0000000000000059       0x5a build/toytrain-config/production/_ext/752854096/plib_dac.o
 .comment       0x0000000000000059       0x5a build/toytrain-config/production/_ext/1936712154/plib_evsys.o
 .comment       0x0000000000000059       0x5a build/toytrain-config/production/_ext/1863322120/plib_nvic.o
 .comment       0x0000000000000059       0x5a build/toytrain-config/production/_ext/2068134214/plib_nvmctrl.o
 .comment       0x0000000000000059       0x5a build/toytrain-config/production/_ext/1863268969/plib_port.o
 .comment       0x0000000000000059       0x5a build/toytrain-config/production/_ext/332908461/plib_sercom2_usart.o
 .comment       0x0000000000000059       0x5a build/toytrain-config/production/_ext/332908461/plib_sercom0_usart.o
 .comment       0x0000000000000059       0x5a build/toytrain-config/production/_ext/1833659116/plib_systick.o
 .comment       0x0000000000000059       0x5a build/toytrain-config/production/_ext/1963947771/plib_tc3.o
 .comment       0x0000000000000059       0x5a build/toytrain-config/production/_ext/1963947771/plib_tc4.o
 .comment       0x0000000000000059       0x5a build/toytrain-config/production/_ext/752838658/plib_tcc2.o
 .comment       0x0000000000000059       0x5a build/toytrain-config/production/_ext/752838658/plib_tcc0.o
 .comment       0x0000000000000059       0x5a build/toytrain-config/production/_ext/1672823694/initialization.o
 .comment       0x0000000000000059       0x5a build/toytrain-config/production/_ext/1672823694/interrupts.o
 .comment       0x0000000000000059       0x5a build/toytrain-config/production/_ext/1672823694/exceptions.o
 .comment       0x0000000000000059       0x5a build/toytrain-config/production/_ext/1675061921/startup_gcc.o
 .comment       0x0000000000000059       0x5a build/toytrain-config/production/_ext/1360937237/main.o

.debug_frame    0x0000000000000000      0x1c0
 .debug_frame   0x0000000000000000       0x2c /home/afzal/work-zone/MPlab-x/gcc/gcc-64/arm-gnu-toolchain-6.3.1.508-linux.any.x86_64/arm-none-eabi/bin/../lib/gcc/arm-none-eabi/6.3.1/../../../../arm-none-eabi/lib/thumb/v6-m/libc.a(lib_a-init.o)
 .debug_frame   0x000000000000002c       0x54 /home/afzal/work-zone/MPlab-x/gcc/gcc-64/arm-gnu-toolchain-6.3.1.508-linux.any.x86_64/arm-none-eabi/bin/../lib/gcc/arm-none-eabi/6.3.1/../../../../arm-none-eabi/lib/thumb/v6-m/libc.a(lib_a-__call_atexit.o)
 .debug_frame   0x0000000000000080       0x28 /home/afzal/work-zone/MPlab-x/gcc/gcc-64/arm-gnu-toolchain-6.3.1.508-linux.any.x86_64/arm-none-eabi/bin/../lib/gcc/arm-none-eabi/6.3.1/../../../../arm-none-eabi/lib/thumb/v6-m/libc.a(lib_a-atexit.o)
 .debug_frame   0x00000000000000a8       0x2c /home/afzal/work-zone/MPlab-x/gcc/gcc-64/arm-gnu-toolchain-6.3.1.508-linux.any.x86_64/arm-none-eabi/bin/../lib/gcc/arm-none-eabi/6.3.1/../../../../arm-none-eabi/lib/thumb/v6-m/libc.a(lib_a-fini.o)
 .debug_frame   0x00000000000000d4       0xb0 /home/afzal/work-zone/MPlab-x/gcc/gcc-64/arm-gnu-toolchain-6.3.1.508-linux.any.x86_64/arm-none-eabi/bin/../lib/gcc/arm-none-eabi/6.3.1/../../../../arm-none-eabi/lib/thumb/v6-m/libc.a(lib_a-lock.o)
 .debug_frame   0x0000000000000184       0x3c /home/afzal/work-zone/MPlab-x/gcc/gcc-64/arm-gnu-toolchain-6.3.1.508-linux.any.x86_64/arm-none-eabi/bin/../lib/gcc/arm-none-eabi/6.3.1/../../../../arm-none-eabi/lib/thumb/v6-m/libc.a(lib_a-__atexit.o)
