Archive member included to satisfy reference by file (symbol)

/home/afzal/work-zone/MPlab-x/gcc/gcc-64/arm-gnu-toolchain-6.3.1.508-linux.any.x86_64/arm-none-eabi/bin/../lib/gcc/arm-none-eabi/6.3.1/thumb/v6-m/libgcc.a(_thumb1_case_uqi.o)
                              build/toytrain-config/production/_ext/1239984807/colorDetect.o (__gnu_thumb1_case_uqi)
/home/afzal/work-zone/MPlab-x/gcc/gcc-64/arm-gnu-toolchain-6.3.1.508-linux.any.x86_64/arm-none-eabi/bin/../lib/gcc/arm-none-eabi/6.3.1/thumb/v6-m/libgcc.a(_divsi3.o)
                              build/toytrain-config/production/_ext/1239984807/colorDetect.o (__aeabi_idiv)
/home/afzal/work-zone/MPlab-x/gcc/gcc-64/arm-gnu-toolchain-6.3.1.508-linux.any.x86_64/arm-none-eabi/bin/../lib/gcc/arm-none-eabi/6.3.1/thumb/v6-m/libgcc.a(_dvmd_tls.o)
                              /home/afzal/work-zone/MPlab-x/gcc/gcc-64/arm-gnu-toolchain-6.3.1.508-linux.any.x86_64/arm-none-eabi/bin/../lib/gcc/arm-none-eabi/6.3.1/thumb/v6-m/libgcc.a(_divsi3.o) (__aeabi_idiv0)
/home/afzal/work-zone/MPlab-x/gcc/gcc-64/arm-gnu-toolchain-6.3.1.508-linux.any.x86_64/arm-none-eabi/bin/../lib/gcc/arm-none-eabi/6.3.1/thumb/v6-m/libgcc.a(_aeabi_uldivmod.o)
                              build/toytrain-config/production/_ext/332908461/plib_sercom2_usart.o (__aeabi_uldivmod)
/home/afzal/work-zone/MPlab-x/gcc/gcc-64/arm-gnu-toolchain-6.3.1.508-linux.any.x86_64/arm-none-eabi/bin/../lib/gcc/arm-none-eabi/6.3.1/thumb/v6-m/libgcc.a(_muldi3.o)
                              build/toytrain-config/production/_ext/332908461/plib_sercom2_usart.o (__aeabi_lmul)
/home/afzal/work-zone/MPlab-x/gcc/gcc-64/arm-gnu-toolchain-6.3.1.508-linux.any.x86_64/arm-none-eabi/bin/../lib/gcc/arm-none-eabi/6.3.1/thumb/v6-m/libgcc.a(_udivmoddi4.o)
                              /home/afzal/work-zone/MPlab-x/gcc/gcc-64/arm-gnu-toolchain-6.3.1.508-linux.any.x86_64/arm-none-eabi/bin/../lib/gcc/arm-none-eabi/6.3.1/thumb/v6-m/libgcc.a(_aeabi_uldivmod.o) (__udivmoddi4)
/home/afzal/work-zone/MPlab-x/gcc/gcc-64/arm-gnu-toolchain-6.3.1.508-linux.any.x86_64/arm-none-eabi/bin/../lib/gcc/arm-none-eabi/6.3.1/thumb/v6-m/libgcc.a(_clzdi2.o)
                              /home/afzal/work-zone/MPlab-x/gcc/gcc-64/arm-gnu-toolchain-6.3.1.508-linux.any.x86_64/arm-none-eabi/bin/../lib/gcc/arm-none-eabi/6.3.1/thumb/v6-m/libgcc.a(_udivmoddi4.o) (__clzdi2)
/home/afzal/work-zone/MPlab-x/gcc/gcc-64/arm-gnu-toolchain-6.3.1.508-linux.any.x86_64/arm-none-eabi/bin/../lib/gcc/arm-none-eabi/6.3.1/thumb/v6-m/libgcc.a(_clzsi2.o)
                              /home/afzal/work-zone/MPlab-x/gcc/gcc-64/arm-gnu-toolchain-6.3.1.508-linux.any.x86_64/arm-none-eabi/bin/../lib/gcc/arm-none-eabi/6.3.1/thumb/v6-m/libgcc.a(_clzdi2.o) (__clzsi2)
/home/afzal/work-zone/MPlab-x/gcc/gcc-64/arm-gnu-toolchain-6.3.1.508-linux.any.x86_64/arm-none-eabi/bin/../lib/gcc/arm-none-eabi/6.3.1/../../../../arm-none-eabi/lib/thumb/v6-m/libc.a(lib_a-exit.o)
                              /home/afzal/work-zone/MPlab-x/gcc/gcc-64/arm-gnu-toolchain-6.3.1.508-linux.any.x86_64/arm-none-eabi/bin/../lib/gcc/arm-none-eabi/6.3.1/../../../../arm-none-eabi/lib/thumb/v6-m/crt0.o (exit)
/home/afzal/work-zone/MPlab-x/gcc/gcc-64/arm-gnu-toolchain-6.3.1.508-linux.any.x86_64/arm-none-eabi/bin/../lib/gcc/arm-none-eabi/6.3.1/../../../../arm-none-eabi/lib/thumb/v6-m/libc.a(lib_a-impure.o)
                              /home/afzal/work-zone/MPlab-x/gcc/gcc-64/arm-gnu-toolchain-6.3.1.508-linux.any.x86_64/arm-none-eabi/bin/../lib/gcc/arm-none-eabi/6.3.1/../../../../arm-none-eabi/lib/thumb/v6-m/libc.a(lib_a-exit.o) (_global_impure_ptr)
/home/afzal/work-zone/MPlab-x/gcc/gcc-64/arm-gnu-toolchain-6.3.1.508-linux.any.x86_64/arm-none-eabi/bin/../lib/gcc/arm-none-eabi/6.3.1/../../../../arm-none-eabi/lib/thumb/v6-m/libc.a(lib_a-init.o)
                              /home/afzal/work-zone/MPlab-x/gcc/gcc-64/arm-gnu-toolchain-6.3.1.508-linux.any.x86_64/arm-none-eabi/bin/../lib/gcc/arm-none-eabi/6.3.1/../../../../arm-none-eabi/lib/thumb/v6-m/crt0.o (__libc_init_array)
/home/afzal/work-zone/MPlab-x/gcc/gcc-64/arm-gnu-toolchain-6.3.1.508-linux.any.x86_64/arm-none-eabi/bin/../lib/gcc/arm-none-eabi/6.3.1/../../../../arm-none-eabi/lib/thumb/v6-m/libc.a(lib_a-memcpy-stub.o)
                              build/toytrain-config/production/_ext/1239984807/bluetooth.o (memcpy)
/home/afzal/work-zone/MPlab-x/gcc/gcc-64/arm-gnu-toolchain-6.3.1.508-linux.any.x86_64/arm-none-eabi/bin/../lib/gcc/arm-none-eabi/6.3.1/../../../../arm-none-eabi/lib/thumb/v6-m/libc.a(lib_a-memset.o)
                              /home/afzal/work-zone/MPlab-x/gcc/gcc-64/arm-gnu-toolchain-6.3.1.508-linux.any.x86_64/arm-none-eabi/bin/../lib/gcc/arm-none-eabi/6.3.1/../../../../arm-none-eabi/lib/thumb/v6-m/crt0.o (memset)
/home/afzal/work-zone/MPlab-x/gcc/gcc-64/arm-gnu-toolchain-6.3.1.508-linux.any.x86_64/arm-none-eabi/bin/../lib/gcc/arm-none-eabi/6.3.1/../../../../arm-none-eabi/lib/thumb/v6-m/libc.a(lib_a-__call_atexit.o)
[...]
Memory Configuration

Name             Origin             Length             Attributes
rom              0x0000000000000000 0x0000000000040000 xr
ram              0x0000000020000000 0x0000000000008000 xrw
*default*        0x0000000000000000 0xffffffffffffffff

Linker script and memory map

LOAD /home/afzal/work-zone/MPlab-x/gcc/gcc-64/arm-gnu-toolchain-6.3.1.508-linux.any.x86_64/arm-none-eabi/bin/../lib/gcc/arm-none-eabi/6.3.1/thumb/v6-m/crti.o
LOAD /home/afzal/work-zone/MPlab-x/gcc/gcc-64/arm-gnu-toolchain-6.3.1.508-linux.any.x86_64/arm-none-eabi/bin/../lib/gcc/arm-none-eabi/6.3.1/thumb/v6-m/crtbegin.o
LOAD /home/afzal/work-zone/MPlab-x/gcc/gcc-64/arm-gnu-toolchain-6.3.1.508-linux.any.x86_64/arm-none-eabi/bin/../lib/gcc/arm-none-eabi/6.3.1/../../../../arm-none-eabi/lib/thumb/v6-m/crt0.o
LOAD build/toytrain-config/production/_ext/1239984807/AppGlobals.o
LOAD build/toytrain-config/production/_ext/1239984807/colorDetect.o
LOAD build/toytrain-config/production/_ext/1239984807/hallSensor.o
LOAD build/toytrain-config/production/_ext/1239984807/motorControl.o
LOAD build/toytrain-config/production/_ext/1239984807/rgbLed.o
LOAD build/toytrain-config/production/_ext/1239984807/bluetooth.o
LOAD build/toytrain-config/production/_ext/1239984807/music.o
LOAD build/toytrain-config/production/_ext/752856886/plib_adc.o
LOAD build/toytrain-config/production/_ext/1938861640/plib_clock.o
LOAD build/toytrain-config/production/_ext/752854096/plib_dac.o
LOAD build/toytrain-config/production/_ext/1936712154/plib_evsys.o
LOAD build/toytrain-config/production/_ext/1863322120/plib_nvic.o
LOAD build/toytrain-config/production/_ext/2068134214/plib_nvmctrl.o
LOAD build/toytrain-config/production/_ext/1863268969/plib_port.o
LOAD build/toytrain-config/production/_ext/332908461/plib_sercom2_usart.o
LOAD build/toytrain-config/production/_ext/332908461/plib_sercom0_usart.o
LOAD build/toytrain-config/production/_ext/1833659116/plib_systick.o
LOAD build/toytrain-config/production/_ext/1963947771/plib_tc3.o
LOAD build/toytrain-config/production/_ext/1963947771/plib_tc4.o
LOAD build/toytrain-config/production/_ext/752838658/plib_tcc2.o
LOAD build/toytrain-config/production/_ext/752838658/plib_tcc0.o
LOAD build/toytrain-config/production/_ext/1675061921/gcc_monitor.o
LOAD build/toytrain-config/production/_ext/1672823694/initialization.o
LOAD build/toytrain-config/production/_ext/1672823694/interrupts.o
LOAD build/toytrain-config/production/_ext/1672823694/exceptions.o
LOAD build/toytrain-config/production/_ext/1672823694/libc_syscalls.o
LOAD build/toytrain-config/production/_ext/1675061921/startup_gcc.o
LOAD build/toytrain-config/production/_ext/1360937237/main.o
LOAD build/toytrain-config/production/_ext/1239984807/audio.o
LOAD build/toytrain-config/production/_ext/1239984807/bleOnMusic.o
LOAD build/toytrain-config/production/_ext/1239984807/bleOffMusic.o
LOAD build/toytrain-config/production/_ext/1239984807/sampleMusicTwo.o
LOAD build/toytrain-config/production/_ext/1239984807/sampleMusicOne.o
LOAD build/toytrain-config/production/_ext/1239984807/powerOnMusic.o
LOAD build/toytrain-config/production/_ext/1239984807/powerOffMusic.o
LOAD build/toytrain-config/production/_ext/1239984807/hornMusic.o
LOAD build/toytrain-config/production/_ext/1239984807/bellMusic.o
LOAD build/toytrain-config/production/_ext/1239984807/carWashMusic.o
                0x0000000000000001                __MPLAB_BUILD = 0x1
START GROUP
LOAD /home/afzal/work-zone/MPlab-x/gcc/gcc-64/arm-gnu-toolchain-6.3.1.508-linux.any.x86_64/arm-none-eabi/bin/../lib/gcc/arm-none-eabi/6.3.1/thumb/v6-m/libgcc.a
LOAD /home/afzal/work-zone/MPlab-x/gcc/gcc-64/arm-gnu-toolchain-6.3.1.508-linux.any.x86_64/arm-none-eabi/bin/../lib/gcc/arm-none-eabi/6.3.1/../../../../arm-none-eabi/lib/thumb/v6-m/libc.a
END GROUP
START GROUP
LOAD /home/afzal/work-zone/MPlab-x/gcc/gcc-64/arm-gnu-toolchain-6.3.1.508-linux.any.x86_64/arm-none-eabi/bin/../lib/gcc/arm-none-eabi/6.3.1/thumb/v6-m/libgcc.a
LOAD /home/afzal/work-zone/MPlab-x/gcc/gcc-64/arm-gnu-toolchain-6.3.1.508-linux.any.x86_64/arm-none-eabi/bin/../lib/gcc/arm-none-eabi/6.3.1/../../../../arm-none-eabi/lib/thumb/v6-m/libc.a
LOAD /home/afzal/work-zone/MPlab-x/gcc/gcc-64/arm-gnu-toolchain-6.3.1.508-linux.any.x86_64/arm-none-eabi/bin/../lib/gcc/arm-none-eabi/6.3.1/../../../../arm-none-eabi/lib/thumb/v6-m/libnosys.a
END GROUP
LOAD /home/afzal/work-zone/MPlab-x/gcc/gcc-64/arm-gnu-toolchain-6.3.1.508-linux.any.x86_64/arm-none-eabi/bin/../lib/gcc/arm-none-eabi/6.3.1/thumb/v6-m/crtend.o
LOAD /home/afzal/work-zone/MPlab-x/gcc/gcc-64/arm-gnu-toolchain-6.3.1.508-linux.any.x86_64/arm-none-eabi/bin/../lib/gcc/arm-none-eabi/6.3.1/thumb/v6-m/crtn.o
                0x0000000000002000                STACK_SIZE = DEFINED (STACK_SIZE)?STACK_SIZE:DEFINED (__stack_size__)?__stack_size__:0x2000

.text           0x0000000000000000    0x354f4
                0x0000000000000000                . = ALIGN (0x4)
                0x0000000000000000                _sfixed = .
 *(.vectors .vectors.*)
 .vectors       0x0000000000000000       0xb0 build/toytrain-config/production/_ext/1672823694/interrupts.o
                0x0000000000000000                exception_table
 *(.text .text.* .gnu.linkonce.t.*)
 .text          0x00000000000000b0       0x60 /home/afzal/work-zone/MPlab-x/gcc/gcc-64/arm-gnu-toolchain-6.3.1.508-linux.any.x86_64/arm-none-eabi/bin/../lib/gcc/arm-none-eabi/6.3.1/thumb/v6-m/crtbegin.o
 .text.generateColor
                0x0000000000000110      0x1a4 build/toytrain-config/production/_ext/1239984807/colorDetect.o
                0x0000000000000110                generateColor
 .text.PDColourRead
                0x00000000000002b4       0xd0 build/toytrain-config/production/_ext/1239984807/colorDetect.o
                0x00000000000002b4                PDColourRead
 .text.measureHallSensorValue
                0x0000000000000384       0x58 build/toytrain-config/production/_ext/1239984807/hallSensor.o
                0x0000000000000384                measureHallSensorValue
 .text.setHallSensorReadDelay
                0x00000000000003dc        0xc build/toytrain-config/production/_ext/1239984807/hallSensor.o
                0x00000000000003dc                setHallSensorReadDelay
 .text.setHallNoReasultInterval
                0x00000000000003e8        0xc build/toytrain-config/production/_ext/1239984807/hallSensor.o
                0x00000000000003e8                setHallNoReasultInterval
 .text.TCC0_PWM24bitDutySet
                0x00000000000003f4       0x28 build/toytrain-config/production/_ext/1239984807/motorControl.o
 .text.initMotorPeripheral
                0x000000000000041c       0x20 build/toytrain-config/production/_ext/1239984807/motorControl.o
                0x000000000000041c                initMotorPeripheral
 .text.motorControl
                0x000000000000043c       0x3c build/toytrain-config/production/_ext/1239984807/motorControl.o
                0x000000000000043c                motorControl
 .text.accelerateMotor
                0x0000000000000478       0x38 build/toytrain-config/production/_ext/1239984807/motorControl.o
                0x0000000000000478                accelerateMotor
 .text.reverseMotor
                0x00000000000004b0       0x10 build/toytrain-config/production/_ext/1239984807/motorControl.o
                0x00000000000004b0                reverseMotor
 .text.stopMotor
                0x00000000000004c0       0x10 build/toytrain-config/production/_ext/1239984807/motorControl.o
                0x00000000000004c0                stopMotor
 .text.decelerateMotor
                0x00000000000004d0       0x38 build/toytrain-config/production/_ext/1239984807/motorControl.o
                0x00000000000004d0                decelerateMotor
 .text.getMotorDirection
                0x0000000000000508        0xc build/toytrain-config/production/_ext/1239984807/motorControl.o
                0x0000000000000508                getMotorDirection
 .text.TCC2_PWM16bitDutySet
                0x0000000000000514       0x24 build/toytrain-config/production/_ext/1239984807/rgbLed.o
 .text.initRGBPeripheral
                0x0000000000000538       0x30 build/toytrain-config/production/_ext/1239984807/rgbLed.o
                0x0000000000000538                initRGBPeripheral
 .text.RGBcolorWrite
                0x0000000000000568       0x24 build/toytrain-config/production/_ext/1239984807/rgbLed.o
                0x0000000000000568                RGBcolorWrite
 .text.RGBsetColor
                0x000000000000058c       0x44 build/toytrain-config/production/_ext/1239984807/rgbLed.o
                0x000000000000058c                RGBsetColor
 .text.sercom2WriteCallBack
                0x00000000000005d0        0xc build/toytrain-config/production/_ext/1239984807/bluetooth.o
                0x00000000000005d0                sercom2WriteCallBack
 .text.sercom2ReadCallBack
                0x00000000000005dc       0x20 build/toytrain-config/production/_ext/1239984807/bluetooth.o
                0x00000000000005dc                sercom2ReadCallBack
 .text.initBluetoothSerial
                0x00000000000005fc       0x34 build/toytrain-config/production/_ext/1239984807/bluetooth.o
                0x00000000000005fc                initBluetoothSerial
 .text.convertToHex
                0x0000000000000630       0x1a build/toytrain-config/production/_ext/1239984807/bluetooth.o
                0x0000000000000630                convertToHex
 *fill*         0x000000000000064a        0x2 
 .text.checkBlutoothCommand
                0x000000000000064c       0xc0 build/toytrain-config/production/_ext/1239984807/bluetooth.o
                0x000000000000064c                checkBlutoothCommand
 .text.ADC_Initialize
                0x000000000000070c       0x78 build/toytrain-config/production/_ext/752856886/plib_adc.o
                0x000000000000070c                ADC_Initialize
 .text.ADC_Enable
                0x0000000000000784       0x18 build/toytrain-config/production/_ext/752856886/plib_adc.o
                0x0000000000000784                ADC_Enable
 .text.ADC_ChannelSelect
                0x000000000000079c       0x24 build/toytrain-config/production/_ext/752856886/plib_adc.o
                0x000000000000079c                ADC_ChannelSelect
 .text.ADC_ConversionResultGet
                0x00000000000007c0        0xc build/toytrain-config/production/_ext/752856886/plib_adc.o
                0x00000000000007c0                ADC_ConversionResultGet
 .text.ADC_CallbackRegister
                0x00000000000007cc        0xc build/toytrain-config/production/_ext/752856886/plib_adc.o
                0x00000000000007cc                ADC_CallbackRegister
 .text.ADC_InterruptHandler
                0x00000000000007d8       0x24 build/toytrain-config/production/_ext/752856886/plib_adc.o
                0x00000000000007d8                ADC_InterruptHandler
 .text.CLOCK_Initialize
                0x00000000000007fc       0xb4 build/toytrain-config/production/_ext/1938861640/plib_clock.o
                0x00000000000007fc                CLOCK_Initialize
 .text.DAC_Initialize
                0x00000000000008b0       0x1c build/toytrain-config/production/_ext/752854096/plib_dac.o
                0x00000000000008b0                DAC_Initialize
 .text.DAC_DataWrite
                0x00000000000008cc       0x14 build/toytrain-config/production/_ext/752854096/plib_dac.o
                0x00000000000008cc                DAC_DataWrite
 .text.EVSYS_Initialize
                0x00000000000008e0        0x2 build/toytrain-config/production/_ext/1936712154/plib_evsys.o
                0x00000000000008e0                EVSYS_Initialize
 *fill*         0x00000000000008e2        0x2 
 .text.NVIC_Initialize
                0x00000000000008e4       0x4c build/toytrain-config/production/_ext/1863322120/plib_nvic.o
                0x00000000000008e4                NVIC_Initialize
 .text.NVMCTRL_Initialize
                0x0000000000000930        0xc build/toytrain-config/production/_ext/2068134214/plib_nvmctrl.o
                0x0000000000000930                NVMCTRL_Initialize
 .text.PORT_Initialize
                0x000000000000093c       0x64 build/toytrain-config/production/_ext/1863268969/plib_port.o
                0x000000000000093c                PORT_Initialize
 .text.SERCOM2_USART_ErrorClear
                0x00000000000009a0       0x24 build/toytrain-config/production/_ext/332908461/plib_sercom2_usart.o
 .text.SERCOM2_USART_Initialize
                0x00000000000009c4       0x50 build/toytrain-config/production/_ext/332908461/plib_sercom2_usart.o
                0x00000000000009c4                SERCOM2_USART_Initialize
 .text.SERCOM2_USART_ErrorGet
                0x0000000000000a14       0x10 build/toytrain-config/production/_ext/332908461/plib_sercom2_usart.o
                0x0000000000000a14                SERCOM2_USART_ErrorGet
 .text.SERCOM2_USART_WriteCallbackRegister
                0x0000000000000a24        0xc build/toytrain-config/production/_ext/332908461/plib_sercom2_usart.o
                0x0000000000000a24                SERCOM2_USART_WriteCallbackRegister
 .text.SERCOM2_USART_Read
                0x0000000000000a30       0x44 build/toytrain-config/production/_ext/332908461/plib_sercom2_usart.o
                0x0000000000000a30                SERCOM2_USART_Read
 .text.SERCOM2_USART_ReadCallbackRegister
                0x0000000000000a74        0xc build/toytrain-config/production/_ext/332908461/plib_sercom2_usart.o
                0x0000000000000a74                SERCOM2_USART_ReadCallbackRegister
 .text.SERCOM2_USART_InterruptHandler
                0x0000000000000a80      0x138 build/toytrain-config/production/_ext/332908461/plib_sercom2_usart.o
                0x0000000000000a80                SERCOM2_USART_InterruptHandler
 .text.SERCOM0_USART_Initialize
                0x0000000000000bb8       0x30 build/toytrain-config/production/_ext/332908461/plib_sercom0_usart.o
                0x0000000000000bb8                SERCOM0_USART_Initialize
 .text.SERCOM0_USART_Write
                0x0000000000000be8       0x3c build/toytrain-config/production/_ext/332908461/plib_sercom0_usart.o
                0x0000000000000be8                SERCOM0_USART_Write
 .text.SYSTICK_TimerInitialize
                0x0000000000000c24       0x24 build/toytrain-config/production/_ext/1833659116/plib_systick.o
                0x0000000000000c24                SYSTICK_TimerInitialize
 .text.SYSTICK_TimerStart
                0x0000000000000c48       0x14 build/toytrain-config/production/_ext/1833659116/plib_systick.o
                0x0000000000000c48                SYSTICK_TimerStart
 .text.SYSTICK_TimerCallbackSet
                0x0000000000000c5c        0xc build/toytrain-config/production/_ext/1833659116/plib_systick.o
                0x0000000000000c5c                SYSTICK_TimerCallbackSet
 .text.SysTick_Handler
                0x0000000000000c68       0x24 build/toytrain-config/production/_ext/1833659116/plib_systick.o
                0x0000000000000c68                SysTick_Handler
 .text.TC3_CompareInitialize
                0x0000000000000c8c       0x34 build/toytrain-config/production/_ext/1963947771/plib_tc3.o
                0x0000000000000c8c                TC3_CompareInitialize
 .text.TC3_CompareStart
                0x0000000000000cc0       0x18 build/toytrain-config/production/_ext/1963947771/plib_tc3.o
                0x0000000000000cc0                TC3_CompareStart
 .text.TC3_Compare8bitMatch0Set
                0x0000000000000cd8       0x14 build/toytrain-config/production/_ext/1963947771/plib_tc3.o
                0x0000000000000cd8                TC3_Compare8bitMatch0Set
 .text.TC4_TimerInitialize
                0x0000000000000cec       0x38 build/toytrain-config/production/_ext/1963947771/plib_tc4.o
                0x0000000000000cec                TC4_TimerInitialize
 .text.TC4_TimerStart
                0x0000000000000d24       0x18 build/toytrain-config/production/_ext/1963947771/plib_tc4.o
                0x0000000000000d24                TC4_TimerStart
 .text.TC4_TimerCallbackRegister
                0x0000000000000d3c        0xc build/toytrain-config/production/_ext/1963947771/plib_tc4.o
                0x0000000000000d3c                TC4_TimerCallbackRegister
 .text.TC4_TimerInterruptHandler
                0x0000000000000d48       0x24 build/toytrain-config/production/_ext/1963947771/plib_tc4.o
                0x0000000000000d48                TC4_TimerInterruptHandler
 .text.TCC2_PWMInitialize
                0x0000000000000d6c       0x2c build/toytrain-config/production/_ext/752838658/plib_tcc2.o
                0x0000000000000d6c                TCC2_PWMInitialize
 .text.TCC2_PWMStart
                0x0000000000000d98       0x18 build/toytrain-config/production/_ext/752838658/plib_tcc2.o
                0x0000000000000d98                TCC2_PWMStart
 .text.TCC0_PWMInitialize
                0x0000000000000db0       0x44 build/toytrain-config/production/_ext/752838658/plib_tcc0.o
                0x0000000000000db0                TCC0_PWMInitialize
 .text.TCC0_PWMStart
                0x0000000000000df4       0x18 build/toytrain-config/production/_ext/752838658/plib_tcc0.o
                0x0000000000000df4                TCC0_PWMStart
 .text.SYS_Initialize
                0x0000000000000e0c       0x80 build/toytrain-config/production/_ext/1672823694/initialization.o
                0x0000000000000e0c                SYS_Initialize
 .text.Dummy_Handler
                0x0000000000000e8c        0x2 build/toytrain-config/production/_ext/1672823694/interrupts.o
                0x0000000000000e8c                SVCall_Handler
                0x0000000000000e8c                DMAC_Handler
                0x0000000000000e8c                AC_Handler
                0x0000000000000e8c                PendSV_Handler
                0x0000000000000e8c                SERCOM1_Handler
                0x0000000000000e8c                TCC1_Handler
                0x0000000000000e8c                TCC0_Handler
                0x0000000000000e8c                RTC_Handler
                0x0000000000000e8c                EIC_Handler
                0x0000000000000e8c                WDT_Handler
                0x0000000000000e8c                USB_Handler
                0x0000000000000e8c                TC3_Handler
                0x0000000000000e8c                Dummy_Handler
                0x0000000000000e8c                PM_Handler
                0x0000000000000e8c                SERCOM5_Handler
                0x0000000000000e8c                TCC2_Handler
                0x0000000000000e8c                EVSYS_Handler
                0x0000000000000e8c                SERCOM3_Handler
                0x0000000000000e8c                SERCOM4_Handler
                0x0000000000000e8c                I2S_Handler
                0x0000000000000e8c                NVMCTRL_Handler
                0x0000000000000e8c                SERCOM0_Handler
                0x0000000000000e8c                DAC_Handler
                0x0000000000000e8c                PTC_Handler
                0x0000000000000e8c                TC5_Handler
                0x0000000000000e8c                SYSCTRL_Handler
 .text.NonMaskableInt_Handler
                0x0000000000000e8e        0x2 build/toytrain-config/production/_ext/1672823694/exceptions.o
                0x0000000000000e8e                NonMaskableInt_Handler
 .text.HardFault_Handler
                0x0000000000000e90        0x2 build/toytrain-config/production/_ext/1672823694/exceptions.o
                0x0000000000000e90                HardFault_Handler
 *fill*         0x0000000000000e92        0x2 
 .text.Reset_Handler
                0x0000000000000e94       0x90 build/toytrain-config/production/_ext/1675061921/startup_gcc.o
                0x0000000000000e94                Reset_Handler
 .text.adcCallBack
                0x0000000000000f24       0x14 build/toytrain-config/production/_ext/1360937237/main.o
                0x0000000000000f24                adcCallBack
 .text.systickCallback
                0x0000000000000f38       0x74 build/toytrain-config/production/_ext/1360937237/main.o
                0x0000000000000f38                systickCallback
 .text.startup.main
                0x0000000000000fac      0x244 build/toytrain-config/production/_ext/1360937237/main.o
                0x0000000000000fac                main
 .text.TC4DacCallBack
                0x00000000000011f0       0x2c build/toytrain-config/production/_ext/1239984807/audio.o
                0x00000000000011f0                TC4DacCallBack
 .text.initAudioPeripheral
                0x000000000000121c       0xe8 build/toytrain-config/production/_ext/1239984807/audio.o
                0x000000000000121c                initAudioPeripheral
 .text.playAudio
                0x0000000000001304       0x28 build/toytrain-config/production/_ext/1239984807/audio.o
                0x0000000000001304                playAudio
 .text.sizeOfBleOnMusic
                0x000000000000132c        0x8 build/toytrain-config/production/_ext/1239984807/bleOnMusic.o
                0x000000000000132c                sizeOfBleOnMusic
 .text.sizeOfBleOffMusic
                0x0000000000001334        0x8 build/toytrain-config/production/_ext/1239984807/bleOffMusic.o
                0x0000000000001334                sizeOfBleOffMusic
 .text.sizeOfSampleTwoMusic
                0x000000000000133c        0x8 build/toytrain-config/production/_ext/1239984807/sampleMusicTwo.o
                0x000000000000133c                sizeOfSampleTwoMusic
 .text.sizeOfSampleOneMusic
                0x0000000000001344        0x4 build/toytrain-config/production/_ext/1239984807/sampleMusicOne.o
                0x0000000000001344                sizeOfSampleOneMusic
 .text.sizeOfPowerOnMusic
                0x0000000000001348        0x8 build/toytrain-config/production/_ext/1239984807/powerOnMusic.o
                0x0000000000001348                sizeOfPowerOnMusic
 .text.sizeOfPowerOffMusic
                0x0000000000001350        0x8 build/toytrain-config/production/_ext/1239984807/powerOffMusic.o
                0x0000000000001350                sizeOfPowerOffMusic
 .text.sizeOfHornMusic
                0x0000000000001358        0x4 build/toytrain-config/production/_ext/1239984807/hornMusic.o
                0x0000000000001358                sizeOfHornMusic
 .text.sizeOfBellMusic
                0x000000000000135c        0x4 build/toytrain-config/production/_ext/1239984807/bellMusic.o
                0x000000000000135c                sizeOfBellMusic
 .text.sizeOfCarWashMusic
                0x0000000000001360        0x8 build/toytrain-config/production/_ext/1239984807/carWashMusic.o
                0x0000000000001360                sizeOfCarWashMusic
 .text          0x0000000000001368       0x14 /home/afzal/work-zone/MPlab-x/gcc/gcc-64/arm-gnu-toolchain-6.3.1.508-linux.any.x86_64/arm-none-eabi/bin/../lib/gcc/arm-none-eabi/6.3.1/thumb/v6-m/libgcc.a(_thumb1_case_uqi.o)
                0x0000000000001368                __gnu_thumb1_case_uqi
 .text          0x000000000000137c      0x1d4 /home/afzal/work-zone/MPlab-x/gcc/gcc-64/arm-gnu-toolchain-6.3.1.508-linux.any.x86_64/arm-none-eabi/bin/../lib/gcc/arm-none-eabi/6.3.1/thumb/v6-m/libgcc.a(_divsi3.o)
                0x000000000000137c                __aeabi_idiv
                0x000000000000137c                __divsi3
                0x0000000000001548                __aeabi_idivmod
 .text          0x0000000000001550        0x4 /home/afzal/work-zone/MPlab-x/gcc/gcc-64/arm-gnu-toolchain-6.3.1.508-linux.any.x86_64/arm-none-eabi/bin/../lib/gcc/arm-none-eabi/6.3.1/thumb/v6-m/libgcc.a(_dvmd_tls.o)
                0x0000000000001550                __aeabi_ldiv0
                0x0000000000001550                __aeabi_idiv0
 .text.__libc_init_array
                0x0000000000001554       0x48 /home/afzal/work-zone/MPlab-x/gcc/gcc-64/arm-gnu-toolchain-6.3.1.508-linux.any.x86_64/arm-none-eabi/bin/../lib/gcc/arm-none-eabi/6.3.1/../../../../arm-none-eabi/lib/thumb/v6-m/libc.a(lib_a-init.o)
                0x0000000000001554                __libc_init_array
 .text.memcpy   0x000000000000159c       0x84 /home/afzal/work-zone/MPlab-x/gcc/gcc-64/arm-gnu-toolchain-6.3.1.508-linux.any.x86_64/arm-none-eabi/bin/../lib/gcc/arm-none-eabi/6.3.1/../../../../arm-none-eabi/lib/thumb/v6-m/libc.a(lib_a-memcpy-stub.o)
                0x000000000000159c                memcpy
 .text.memset   0x0000000000001620       0x94 /home/afzal/work-zone/MPlab-x/gcc/gcc-64/arm-gnu-toolchain-6.3.1.508-linux.any.x86_64/arm-none-eabi/bin/../lib/gcc/arm-none-eabi/6.3.1/../../../../arm-none-eabi/lib/thumb/v6-m/libc.a(lib_a-memset.o)
                0x0000000000001620                memset
 .text.startup.register_fini
                0x00000000000016b4       0x18 /home/afzal/work-zone/MPlab-x/gcc/gcc-64/arm-gnu-toolchain-6.3.1.508-linux.any.x86_64/arm-none-eabi/bin/../lib/gcc/arm-none-eabi/6.3.1/../../../../arm-none-eabi/lib/thumb/v6-m/libc.a(lib_a-__call_atexit.o)
 .text.atexit   0x00000000000016cc       0x10 /home/afzal/work-zone/MPlab-x/gcc/gcc-64/arm-gnu-toolchain-6.3.1.508-linux.any.x86_64/arm-none-eabi/bin/../lib/gcc/arm-none-eabi/6.3.1/../../../../arm-none-eabi/lib/thumb/v6-m/libc.a(lib_a-atexit.o)
                0x00000000000016cc                atexit
 .text.__libc_fini_array
                0x00000000000016dc       0x34 /home/afzal/work-zone/MPlab-x/gcc/gcc-64/arm-gnu-toolchain-6.3.1.508-linux.any.x86_64/arm-none-eabi/bin/../lib/gcc/arm-none-eabi/6.3.1/../../../../arm-none-eabi/lib/thumb/v6-m/libc.a(lib_a-fini.o)
                0x00000000000016dc                __libc_fini_array
 .text.__retarget_lock_acquire_recursive
                0x0000000000001710        0x4 /home/afzal/work-zone/MPlab-x/gcc/gcc-64/arm-gnu-toolchain-6.3.1.508-linux.any.x86_64/arm-none-eabi/bin/../lib/gcc/arm-none-eabi/6.3.1/../../../../arm-none-eabi/lib/thumb/v6-m/libc.a(lib_a-lock.o)
                0x0000000000001710                __retarget_lock_acquire_recursive
 .text.__retarget_lock_release_recursive
                0x0000000000001714        0x4 /home/afzal/work-zone/MPlab-x/gcc/gcc-64/arm-gnu-toolchain-6.3.1.508-linux.any.x86_64/arm-none-eabi/bin/../lib/gcc/arm-none-eabi/6.3.1/../../../../arm-none-eabi/lib/thumb/v6-m/libc.a(lib_a-lock.o)
                0x0000000000001714                __retarget_lock_release_recursive
 .text.__register_exitproc
                0x0000000000001718       0xf4 /home/afzal/work-zone/MPlab-x/gcc/gcc-64/arm-gnu-toolchain-6.3.1.508-linux.any.x86_64/arm-none-eabi/bin/../lib/gcc/arm-none-eabi/6.3.1/../../../../arm-none-eabi/lib/thumb/v6-m/libc.a(lib_a-__atexit.o)
                0x0000000000001718                __register_exitproc
 *(.glue_7t)
 .glue_7t       0x000000000000180c        0x0 linker stubs
 *(.glue_7)
 .glue_7        0x000000000000180c        0x0 linker stubs
 *(.rodata .rodata* .gnu.linkonce.r.*)
 .rodata        0x000000000000180c        0x1 build/toytrain-config/production/_ext/1239984807/music.o
                0x000000000000180c                __nullMusic
 .rodata        0x000000000000180d     0x7e1e build/toytrain-config/production/_ext/1239984807/bleOnMusic.o
                0x000000000000180d                __bleOnMusic
 .rodata        0x000000000000962b      0xe66 build/toytrain-config/production/_ext/1239984807/bleOffMusic.o
                0x000000000000962b                __bleOffMusic
 .rodata        0x000000000000a491     0x1222 build/toytrain-config/production/_ext/1239984807/sampleMusicTwo.o
                0x000000000000a491                __sampleTwoMusic
 .rodata        0x000000000000b6b3       0x60 build/toytrain-config/production/_ext/1239984807/sampleMusicOne.o
                0x000000000000b6b3                __sampleOneMusic
 .rodata        0x000000000000b713    0x1f4a8 build/toytrain-config/production/_ext/1239984807/powerOnMusic.o
                0x000000000000b713                __powerOnMusic
 .rodata        0x000000000002abbb     0x8b36 build/toytrain-config/production/_ext/1239984807/powerOffMusic.o
                0x000000000002abbb                __powerOffMusic
 .rodata        0x00000000000336f1       0x60 build/toytrain-config/production/_ext/1239984807/hornMusic.o
                0x00000000000336f1                __hornMusic
 .rodata        0x0000000000033751       0x60 build/toytrain-config/production/_ext/1239984807/bellMusic.o
                0x0000000000033751                __bellMusic
 .rodata        0x00000000000337b1     0x1d1a build/toytrain-config/production/_ext/1239984807/carWashMusic.o
                0x00000000000337b1                __carWashMusic
 *fill*         0x00000000000354cb        0x1 
 .rodata._global_impure_ptr
                0x00000000000354cc        0x4 /home/afzal/work-zone/MPlab-x/gcc/gcc-64/arm-gnu-toolchain-6.3.1.508-linux.any.x86_64/arm-none-eabi/bin/../lib/gcc/arm-none-eabi/6.3.1/../../../../arm-none-eabi/lib/thumb/v6-m/libc.a(lib_a-impure.o)
                0x00000000000354cc                _global_impure_ptr
 *(.ARM.extab* .gnu.linkonce.armextab.*)
                0x00000000000354d0                . = ALIGN (0x4)
 *(.init)
 .init          0x00000000000354d0        0x4 /home/afzal/work-zone/MPlab-x/gcc/gcc-64/arm-gnu-toolchain-6.3.1.508-linux.any.x86_64/arm-none-eabi/bin/../lib/gcc/arm-none-eabi/6.3.1/thumb/v6-m/crti.o
                0x00000000000354d0                _init
 .init          0x00000000000354d4        0x8 /home/afzal/work-zone/MPlab-x/gcc/gcc-64/arm-gnu-toolchain-6.3.1.508-linux.any.x86_64/arm-none-eabi/bin/../lib/gcc/arm-none-eabi/6.3.1/thumb/v6-m/crtn.o
                0x00000000000354dc                . = ALIGN (0x4)
                0x00000000000354dc                __preinit_array_start = .
 *(.preinit_array)
                0x00000000000354dc                __preinit_array_end = .
                0x00000000000354dc                . = ALIGN (0x4)
                0x00000000000354dc                __init_array_start = .
 *(SORT(.init_array.*))
 .init_array.00000
                0x00000000000354dc        0x4 /home/afzal/work-zone/MPlab-x/gcc/gcc-64/arm-gnu-toolchain-6.3.1.508-linux.any.x86_64/arm-none-eabi/bin/../lib/gcc/arm-none-eabi/6.3.1/../../../../arm-none-eabi/lib/thumb/v6-m/libc.a(lib_a-__call_atexit.o)
 *(.init_array)
 .init_array    0x00000000000354e0        0x4 /home/afzal/work-zone/MPlab-x/gcc/gcc-64/arm-gnu-toolchain-6.3.1.508-linux.any.x86_64/arm-none-eabi/bin/../lib/gcc/arm-none-eabi/6.3.1/thumb/v6-m/crtbegin.o
                0x00000000000354e4                __init_array_end = .
                0x00000000000354e4                . = ALIGN (0x4)
 *crtbegin.o(.ctors)
 *(EXCLUDE_FILE(*crtend.o) .ctors)
 *(SORT(.ctors.*))
 *crtend.o(.ctors)
                0x00000000000354e4                . = ALIGN (0x4)
 *(.fini)
 .fini          0x00000000000354e4        0x4 /home/afzal/work-zone/MPlab-x/gcc/gcc-64/arm-gnu-toolchain-6.3.1.508-linux.any.x86_64/arm-none-eabi/bin/../lib/gcc/arm-none-eabi/6.3.1/thumb/v6-m/crti.o
                0x00000000000354e4                _fini
 .fini          0x00000000000354e8        0x8 /home/afzal/work-zone/MPlab-x/gcc/gcc-64/arm-gnu-toolchain-6.3.1.508-linux.any.x86_64/arm-none-eabi/bin/../lib/gcc/arm-none-eabi/6.3.1/thumb/v6-m/crtn.o
                0x00000000000354f0                . = ALIGN (0x4)
                0x00000000000354f0                __fini_array_start = .
 *(.fini_array)
 .fini_array    0x00000000000354f0        0x4 /home/afzal/work-zone/MPlab-x/gcc/gcc-64/arm-gnu-toolchain-6.3.1.508-linux.any.x86_64/arm-none-eabi/bin/../lib/gcc/arm-none-eabi/6.3.1/thumb/v6-m/crtbegin.o
 *(SORT(.fini_array.*))
                0x00000000000354f4                __fini_array_end = .
 *crtbegin.o(.dtors)
 *(EXCLUDE_FILE(*crtend.o) .dtors)
 *(SORT(.dtors.*))
 *crtend.o(.dtors)
                0x00000000000354f4                . = ALIGN (0x4)
                0x00000000000354f4                _efixed = .
                [!provide]                        PROVIDE (__exidx_start, .)

.vfp11_veneer   0x00000000000354f4        0x0
 .vfp11_veneer  0x00000000000354f4        0x0 linker stubs

.v4_bx          0x00000000000354f4        0x0
 .v4_bx         0x00000000000354f4        0x0 linker stubs

.iplt           0x00000000000354f4        0x0
 .iplt          0x00000000000354f4        0x0 /home/afzal/work-zone/MPlab-x/gcc/gcc-64/arm-gnu-toolchain-6.3.1.508-linux.any.x86_64/arm-none-eabi/bin/../lib/gcc/arm-none-eabi/6.3.1/thumb/v6-m/crtbegin.o

.eh_frame       0x00000000000354f4        0x0
 .eh_frame      0x00000000000354f4        0x0 /home/afzal/work-zone/MPlab-x/gcc/gcc-64/arm-gnu-toolchain-6.3.1.508-linux.any.x86_64/arm-none-eabi/bin/../lib/gcc/arm-none-eabi/6.3.1/thumb/v6-m/crtbegin.o

.rel.dyn        0x00000000000354f4        0x0
 .rel.iplt      0x00000000000354f4        0x0 /home/afzal/work-zone/MPlab-x/gcc/gcc-64/arm-gnu-toolchain-6.3.1.508-linux.any.x86_64/arm-none-eabi/bin/../lib/gcc/arm-none-eabi/6.3.1/thumb/v6-m/crtbegin.o

.jcr            0x00000000000354f4        0x0
 .jcr           0x00000000000354f4        0x0 /home/afzal/work-zone/MPlab-x/gcc/gcc-64/arm-gnu-toolchain-6.3.1.508-linux.any.x86_64/arm-none-eabi/bin/../lib/gcc/arm-none-eabi/6.3.1/thumb/v6-m/crtbegin.o

.igot.plt       0x00000000000354f4        0x0
 .igot.plt      0x00000000000354f4        0x0 /home/afzal/work-zone/MPlab-x/gcc/gcc-64/arm-gnu-toolchain-6.3.1.508-linux.any.x86_64/arm-none-eabi/bin/../lib/gcc/arm-none-eabi/6.3.1/thumb/v6-m/crtbegin.o

.ARM.exidx
 *(.ARM.exidx* .gnu.linkonce.armexidx.*)
                [!provide]                        PROVIDE (__exidx_end, .)
                0x00000000000354f4                . = ALIGN (0x4)
                0x00000000000354f4                _etext = .

.relocate       0x0000000020000000      0x434 load address 0x00000000000354f4
                0x0000000020000000                . = ALIGN (0x4)
                0x0000000020000000                _srelocate = .
 *(.ramfunc .ramfunc.*)
 *(.data .data.*)
 .data          0x0000000020000000        0x3 build/toytrain-config/production/_ext/1239984807/AppGlobals.o
                0x0000000020000000                global_carWashWaitTime
                0x0000000020000002                global_hallReasultWaitCounter
 *fill*         0x0000000020000003        0x5 
 .data.impure_data
                0x0000000020000008      0x428 /home/afzal/work-zone/MPlab-x/gcc/gcc-64/arm-gnu-toolchain-6.3.1.508-linux.any.x86_64/arm-none-eabi/bin/../lib/gcc/arm-none-eabi/6.3.1/../../../../arm-none-eabi/lib/thumb/v6-m/libc.a(lib_a-impure.o)
 .data.__atexit_recursive_mutex
                0x0000000020000430        0x4 /home/afzal/work-zone/MPlab-x/gcc/gcc-64/arm-gnu-toolchain-6.3.1.508-linux.any.x86_64/arm-none-eabi/bin/../lib/gcc/arm-none-eabi/6.3.1/../../../../arm-none-eabi/lib/thumb/v6-m/libc.a(lib_a-__call_atexit.o)
                0x0000000020000430                __atexit_recursive_mutex
                0x0000000020000434                . = ALIGN (0x4)
                0x0000000020000434                _erelocate = .

.bss            0x0000000020000434      0x130 load address 0x0000000000035928
                0x0000000020000434                . = ALIGN (0x4)
                0x0000000020000434                _sbss = .
                0x0000000020000434                _szero = .
 *(.bss .bss.*)
 .bss           0x0000000020000434       0x1c /home/afzal/work-zone/MPlab-x/gcc/gcc-64/arm-gnu-toolchain-6.3.1.508-linux.any.x86_64/arm-none-eabi/bin/../lib/gcc/arm-none-eabi/6.3.1/thumb/v6-m/crtbegin.o
 .bss           0x0000000020000450        0x8 build/toytrain-config/production/_ext/1239984807/AppGlobals.o
                0x0000000020000450                global_defaultMusicTimeout
                0x0000000020000452                global_photoDiodeLastReadInterval
                0x0000000020000454                global_hallSensorInertiaCounter
                0x0000000020000456                adcValue
 .bss           0x0000000020000458       0x10 build/toytrain-config/production/_ext/1239984807/colorDetect.o
                0x0000000020000458                lastColor
                0x000000002000045c                colorCount
 .bss           0x0000000020000468        0x3 build/toytrain-config/production/_ext/1239984807/bluetooth.o
                0x0000000020000468                writeStatus
                0x0000000020000469                errorStatus
                0x000000002000046a                bluetoohSerialFlag
 *fill*         0x000000002000046b        0x1 
 .bss           0x000000002000046c       0x30 build/toytrain-config/production/_ext/332908461/plib_sercom2_usart.o
 .bss           0x000000002000049c        0xc build/toytrain-config/production/_ext/1833659116/plib_systick.o
 *(COMMON)
 COMMON         0x00000000200004a8        0xa build/toytrain-config/production/_ext/1239984807/colorDetect.o
                0x00000000200004a8                pdColor
 COMMON         0x00000000200004b2        0x3 build/toytrain-config/production/_ext/1239984807/hallSensor.o
                0x00000000200004b2                hallSensor
 COMMON         0x00000000200004b5        0x4 build/toytrain-config/production/_ext/1239984807/motorControl.o
                0x00000000200004b5                motor
 COMMON         0x00000000200004b9       0x19 build/toytrain-config/production/_ext/1239984807/bluetooth.o
                0x00000000200004b9                bluetooth
                0x00000000200004be                blutoothSerialData
                0x00000000200004c8                blutoothCommand
 *fill*         0x00000000200004d2        0x2 
 COMMON         0x00000000200004d4        0x8 build/toytrain-config/production/_ext/752856886/plib_adc.o
                0x00000000200004d4                ADC_CallbackObject
 COMMON         0x00000000200004dc        0x8 build/toytrain-config/production/_ext/1963947771/plib_tc4.o
                0x00000000200004dc                TC4_CallbackObject
 COMMON         0x00000000200004e4       0x5c build/toytrain-config/production/_ext/1239984807/audio.o
                0x00000000200004e4                musicFileAray
                0x000000002000050c                audioTrack
                0x0000000020000518                musicSizeArray
 COMMON         0x0000000020000540       0x21 /home/afzal/work-zone/MPlab-x/gcc/gcc-64/arm-gnu-toolchain-6.3.1.508-linux.any.x86_64/arm-none-eabi/bin/../lib/gcc/arm-none-eabi/6.3.1/../../../../arm-none-eabi/lib/thumb/v6-m/libc.a(lib_a-lock.o)
                0x0000000020000540                __lock___atexit_recursive_mutex
                0x0000000020000544                __lock___arc4random_mutex
                0x0000000020000548                __lock___env_recursive_mutex
                0x000000002000054c                __lock___sinit_recursive_mutex
                0x0000000020000550                __lock___malloc_recursive_mutex
                0x0000000020000554                __lock___at_quick_exit_mutex
                0x0000000020000558                __lock___dd_hash_mutex
                0x000000002000055c                __lock___tz_mutex
                0x0000000020000560                __lock___sfp_recursive_mutex
                0x0000000020000564                . = ALIGN (0x4)
 *fill*         0x0000000020000561        0x3 
                0x0000000020000564                _ebss = .
                0x0000000020000564                _ezero = .

.stack          0x0000000020000564     0x2004 load address 0x0000000000035a58
                0x0000000020000568                . = ALIGN (0x8)
 *fill*         0x0000000020000564        0x4 
                0x0000000020000568                _sstack = .
                0x0000000020002568                . = (. + STACK_SIZE)
 *fill*         0x0000000020000568     0x2000 
                0x0000000020002568                . = ALIGN (0x8)
                0x0000000020002568                _stack = .
                0x0000000020002568                . = ALIGN (0x4)
                0x0000000020002568                _end = .
OUTPUT(dist/toytrain-config/production/ttrain.X.production.elf elf32-littlearm)

.ARM.attributes
                0x0000000000000000       0x28
 .ARM.attributes
                0x0000000000000000       0x1e /home/afzal/work-zone/MPlab-x/gcc/gcc-64/arm-gnu-toolchain-6.3.1.508-linux.any.x86_64/arm-none-eabi/bin/../lib/gcc/arm-none-eabi/6.3.1/thumb/v6-m/crti.o
 .ARM.attributes
                0x000000000000001e       0x2c /home/afzal/work-zone/MPlab-x/gcc/gcc-64/arm-gnu-toolchain-6.3.1.508-linux.any.x86_64/arm-none-eabi/bin/../lib/gcc/arm-none-eabi/6.3.1/thumb/v6-m/crtbegin.o
 .ARM.attributes
                0x000000000000004a       0x32 build/toytrain-config/production/_ext/1239984807/AppGlobals.o
 .ARM.attributes
                0x000000000000007c       0x32 build/toytrain-config/production/_ext/1239984807/colorDetect.o
 .ARM.attributes
                0x00000000000000ae       0x32 build/toytrain-config/production/_ext/1239984807/hallSensor.o
 .ARM.attributes
                0x00000000000000e0       0x32 build/toytrain-config/production/_ext/1239984807/motorControl.o
 .ARM.attributes
                0x0000000000000112       0x32 build/toytrain-config/production/_ext/1239984807/rgbLed.o
 .ARM.attributes
                0x0000000000000144       0x32 build/toytrain-config/production/_ext/1239984807/bluetooth.o
 .ARM.attributes
                0x0000000000000176       0x32 build/toytrain-config/production/_ext/1239984807/music.o
 .ARM.attributes
                0x00000000000001a8       0x32 build/toytrain-config/production/_ext/752856886/plib_adc.o
 .ARM.attributes
                0x00000000000001da       0x32 build/toytrain-config/production/_ext/1938861640/plib_clock.o
 .ARM.attributes
                0x000000000000020c       0x32 build/toytrain-config/production/_ext/752854096/plib_dac.o
 .ARM.attributes
                0x000000000000023e       0x32 build/toytrain-config/production/_ext/1936712154/plib_evsys.o
 .ARM.attributes
                0x0000000000000270       0x32 build/toytrain-config/production/_ext/1863322120/plib_nvic.o
 .ARM.attributes
                0x00000000000002a2       0x32 build/toytrain-config/production/_ext/2068134214/plib_nvmctrl.o
 .ARM.attributes
                0x00000000000002d4       0x32 build/toytrain-config/production/_ext/1863268969/plib_port.o
 .ARM.attributes
                0x0000000000000306       0x32 build/toytrain-config/production/_ext/332908461/plib_sercom2_usart.o
 .ARM.attributes
                0x0000000000000338       0x32 build/toytrain-config/production/_ext/332908461/plib_sercom0_usart.o
 .ARM.attributes
                0x000000000000036a       0x32 build/toytrain-config/production/_ext/1833659116/plib_systick.o
 .ARM.attributes
                0x000000000000039c       0x32 build/toytrain-config/production/_ext/1963947771/plib_tc3.o
 .ARM.attributes
                0x00000000000003ce       0x32 build/toytrain-config/production/_ext/1963947771/plib_tc4.o
 .ARM.attributes
                0x0000000000000400       0x32 build/toytrain-config/production/_ext/752838658/plib_tcc2.o
 .ARM.attributes
                0x0000000000000432       0x32 build/toytrain-config/production/_ext/752838658/plib_tcc0.o
 .ARM.attributes
                0x0000000000000464       0x32 build/toytrain-config/production/_ext/1672823694/initialization.o
 .ARM.attributes
                0x0000000000000496       0x32 build/toytrain-config/production/_ext/1672823694/interrupts.o
 .ARM.attributes
                0x00000000000004c8       0x32 build/toytrain-config/production/_ext/1672823694/exceptions.o
 .ARM.attributes
                0x00000000000004fa       0x32 build/toytrain-config/production/_ext/1675061921/startup_gcc.o
 .ARM.attributes
                0x000000000000052c       0x32 build/toytrain-config/production/_ext/1360937237/main.o
 .ARM.attributes
                0x000000000000055e       0x32 build/toytrain-config/production/_ext/1239984807/audio.o
 .ARM.attributes
                0x0000000000000590       0x32 build/toytrain-config/production/_ext/1239984807/bleOnMusic.o
 .ARM.attributes
                0x00000000000005c2       0x32 build/toytrain-config/production/_ext/1239984807/bleOffMusic.o
 .ARM.attributes
                0x00000000000005f4       0x32 build/toytrain-config/production/_ext/1239984807/sampleMusicTwo.o
 .ARM.attributes
                0x0000000000000626       0x32 build/toytrain-config/production/_ext/1239984807/sampleMusicOne.o
 .ARM.attributes
                0x0000000000000658       0x32 build/toytrain-config/production/_ext/1239984807/powerOnMusic.o
 .ARM.attributes
                0x000000000000068a       0x32 build/toytrain-config/production/_ext/1239984807/powerOffMusic.o
 .ARM.attributes
                0x00000000000006bc       0x32 build/toytrain-config/production/_ext/1239984807/hornMusic.o
 .ARM.attributes
                0x00000000000006ee       0x32 build/toytrain-config/production/_ext/1239984807/bellMusic.o
 .ARM.attributes
                0x0000000000000720       0x32 build/toytrain-config/production/_ext/1239984807/carWashMusic.o
 .ARM.attributes
                0x0000000000000752       0x1e /home/afzal/work-zone/MPlab-x/gcc/gcc-64/arm-gnu-toolchain-6.3.1.508-linux.any.x86_64/arm-none-eabi/bin/../lib/gcc/arm-none-eabi/6.3.1/thumb/v6-m/libgcc.a(_thumb1_case_uqi.o)
 .ARM.attributes
                0x0000000000000770       0x1e /home/afzal/work-zone/MPlab-x/gcc/gcc-64/arm-gnu-toolchain-6.3.1.508-linux.any.x86_64/arm-none-eabi/bin/../lib/gcc/arm-none-eabi/6.3.1/thumb/v6-m/libgcc.a(_divsi3.o)
 .ARM.attributes
                0x000000000000078e       0x1e /home/afzal/work-zone/MPlab-x/gcc/gcc-64/arm-gnu-toolchain-6.3.1.508-linux.any.x86_64/arm-none-eabi/bin/../lib/gcc/arm-none-eabi/6.3.1/thumb/v6-m/libgcc.a(_dvmd_tls.o)
 .ARM.attributes
                0x00000000000007ac       0x2c /home/afzal/work-zone/MPlab-x/gcc/gcc-64/arm-gnu-toolchain-6.3.1.508-linux.any.x86_64/arm-none-eabi/bin/../lib/gcc/arm-none-eabi/6.3.1/../../../../arm-none-eabi/lib/thumb/v6-m/libc.a(lib_a-impure.o)
 .ARM.attributes
                0x00000000000007d8       0x2c /home/afzal/work-zone/MPlab-x/gcc/gcc-64/arm-gnu-toolchain-6.3.1.508-linux.any.x86_64/arm-none-eabi/bin/../lib/gcc/arm-none-eabi/6.3.1/../../../../arm-none-eabi/lib/thumb/v6-m/libc.a(lib_a-init.o)
 .ARM.attributes
                0x0000000000000804       0x2c /home/afzal/work-zone/MPlab-x/gcc/gcc-64/arm-gnu-toolchain-6.3.1.508-linux.any.x86_64/arm-none-eabi/bin/../lib/gcc/arm-none-eabi/6.3.1/../../../../arm-none-eabi/lib/thumb/v6-m/libc.a(lib_a-memcpy-stub.o)
 .ARM.attributes
                0x0000000000000830       0x2c /home/afzal/work-zone/MPlab-x/gcc/gcc-64/arm-gnu-toolchain-6.3.1.508-linux.any.x86_64/arm-none-eabi/bin/../lib/gcc/arm-none-eabi/6.3.1/../../../../arm-none-eabi/lib/thumb/v6-m/libc.a(lib_a-memset.o)
 .ARM.attributes
                0x000000000000085c       0x2c /home/afzal/work-zone/MPlab-x/gcc/gcc-64/arm-gnu-toolchain-6.3.1.508-linux.any.x86_64/arm-none-eabi/bin/../lib/gcc/arm-none-eabi/6.3.1/../../../../arm-none-eabi/lib/thumb/v6-m/libc.a(lib_a-__call_atexit.o)
 .ARM.attributes
                0x0000000000000888       0x2c /home/afzal/work-zone/MPlab-x/gcc/gcc-64/arm-gnu-toolchain-6.3.1.508-linux.any.x86_64/arm-none-eabi/bin/../lib/gcc/arm-none-eabi/6.3.1/../../../../arm-none-eabi/lib/thumb/v6-m/libc.a(lib_a-atexit.o)
 .ARM.attributes
                0x00000000000008b4       0x2c /home/afzal/work-zone/MPlab-x/gcc/gcc-64/arm-gnu-toolchain-6.3.1.508-linux.any.x86_64/arm-none-eabi/bin/../lib/gcc/arm-none-eabi/6.3.1/../../../../arm-none-eabi/lib/thumb/v6-m/libc.a(lib_a-fini.o)
 .ARM.attributes
                0x00000000000008e0       0x2c /home/afzal/work-zone/MPlab-x/gcc/gcc-64/arm-gnu-toolchain-6.3.1.508-linux.any.x86_64/arm-none-eabi/bin/../lib/gcc/arm-none-eabi/6.3.1/../../../../arm-none-eabi/lib/thumb/v6-m/libc.a(lib_a-lock.o)
 .ARM.attributes
                0x000000000000090c       0x2c /home/afzal/work-zone/MPlab-x/gcc/gcc-64/arm-gnu-toolchain-6.3.1.508-linux.any.x86_64/arm-none-eabi/bin/../lib/gcc/arm-none-eabi/6.3.1/../../../../arm-none-eabi/lib/thumb/v6-m/libc.a(lib_a-__atexit.o)
 .ARM.attributes
                0x0000000000000938       0x1e /home/afzal/work-zone/MPlab-x/gcc/gcc-64/arm-gnu-toolchain-6.3.1.508-linux.any.x86_64/arm-none-eabi/bin/../lib/gcc/arm-none-eabi/6.3.1/thumb/v6-m/crtn.o

.comment        0x0000000000000000       0x59
 .comment       0x0000000000000000       0x59 build/toytrain-config/production/_ext/1239984807/AppGlobals.o
                                         0x5a (size before relaxing)
 .comment       0x0000000000000059       0x5a build/toytrain-config/production/_ext/1239984807/colorDetect.o
 .comment       0x0000000000000059       0x5a build/toytrain-config/production/_ext/1239984807/hallSensor.o
 .comment       0x0000000000000059       0x5a build/toytrain-config/production/_ext/1239984807/motorControl.o
 .comment       0x0000000000000059       0x5a build/toytrain-config/production/_ext/1239984807/rgbLed.o
 .comment       0x0000000000000059       0x5a build/toytrain-config/production/_ext/1239984807/bluetooth.o
 .comment       0x0000000000000059       0x5a build/toytrain-config/production/_ext/1239984807/music.o
 .comment       0x0000000000000059       0x5a build/toytrain-config/production/_ext/752856886/plib_adc.o
 .comment       0x0000000000000059       0x5a build/toytrain-config/production/_ext/1938861640/plib_clock.o
 .comment       0x0000000000000059       0x5a build/toytrain-config/production/_ext/752854096/plib_dac.o
 .comment       0x0000000000000059       0x5a build/toytrain-config/production/_ext/1936712154/plib_evsys.o
 .comment       0x0000000000000059       0x5a build/toytrain-config/production/_ext/1863322120/plib_nvic.o
 .comment       0x0000000000000059       0x5a build/toytrain-config/production/_ext/2068134214/plib_nvmctrl.o
 .comment       0x0000000000000059       0x5a build/toytrain-config/production/_ext/1863268969/plib_port.o
 .comment       0x0000000000000059       0x5a build/toytrain-config/production/_ext/332908461/plib_sercom2_usart.o
 .comment       0x0000000000000059       0x5a build/toytrain-config/production/_ext/332908461/plib_sercom0_usart.o
 .comment       0x0000000000000059       0x5a build/toytrain-config/production/_ext/1833659116/plib_systick.o
 .comment       0x0000000000000059       0x5a build/toytrain-config/production/_ext/1963947771/plib_tc3.o
 .comment       0x0000000000000059       0x5a build/toytrain-config/production/_ext/1963947771/plib_tc4.o
 .comment       0x0000000000000059       0x5a build/toytrain-config/production/_ext/752838658/plib_tcc2.o
 .comment       0x0000000000000059       0x5a build/toytrain-config/production/_ext/752838658/plib_tcc0.o
 .comment       0x0000000000000059       0x5a build/toytrain-config/production/_ext/1672823694/initialization.o
 .comment       0x0000000000000059       0x5a build/toytrain-config/production/_ext/1672823694/interrupts.o
 .comment       0x0000000000000059       0x5a build/toytrain-config/production/_ext/1672823694/exceptions.o
 .comment       0x0000000000000059       0x5a build/toytrain-config/production/_ext/1675061921/startup_gcc.o
 .comment       0x0000000000000059       0x5a build/toytrain-config/production/_ext/1360937237/main.o
 .comment       0x0000000000000059       0x5a build/toytrain-config/production/_ext/1239984807/audio.o
 .comment       0x0000000000000059       0x5a build/toytrain-config/production/_ext/1239984807/bleOnMusic.o
 .comment       0x0000000000000059       0x5a build/toytrain-config/production/_ext/1239984807/bleOffMusic.o
 .comment       0x0000000000000059       0x5a build/toytrain-config/production/_ext/1239984807/sampleMusicTwo.o
 .comment       0x0000000000000059       0x5a build/toytrain-config/production/_ext/1239984807/sampleMusicOne.o
 .comment       0x0000000000000059       0x5a build/toytrain-config/production/_ext/1239984807/powerOnMusic.o
 .comment       0x0000000000000059       0x5a build/toytrain-config/production/_ext/1239984807/powerOffMusic.o
 .comment       0x0000000000000059       0x5a build/toytrain-config/production/_ext/1239984807/hornMusic.o
 .comment       0x0000000000000059       0x5a build/toytrain-config/production/_ext/1239984807/bellMusic.o
 .comment       0x0000000000000059       0x5a build/toytrain-config/production/_ext/1239984807/carWashMusic.o

.debug_frame    0x0000000000000000      0x240
 .debug_frame   0x0000000000000000       0x20 /home/afzal/work-zone/MPlab-x/gcc/gcc-64/arm-gnu-toolchain-6.3.1.508-linux.any.x86_64/arm-none-eabi/bin/../lib/gcc/arm-none-eabi/6.3.1/thumb/v6-m/libgcc.a(_divsi3.o)
 .debug_frame   0x0000000000000020       0x2c /home/afzal/work-zone/MPlab-x/gcc/gcc-64/arm-gnu-toolchain-6.3.1.508-linux.any.x86_64/arm-none-eabi/bin/../lib/gcc/arm-none-eabi/6.3.1/../../../../arm-none-eabi/lib/thumb/v6-m/libc.a(lib_a-init.o)
 .debug_frame   0x000000000000004c       0x30 /home/afzal/work-zone/MPlab-x/gcc/gcc-64/arm-gnu-toolchain-6.3.1.508-linux.any.x86_64/arm-none-eabi/bin/../lib/gcc/arm-none-eabi/6.3.1/../../../../arm-none-eabi/lib/thumb/v6-m/libc.a(lib_a-memcpy-stub.o)
 .debug_frame   0x000000000000007c       0x30 /home/afzal/work-zone/MPlab-x/gcc/gcc-64/arm-gnu-toolchain-6.3.1.508-linux.any.x86_64/arm-none-eabi/bin/../lib/gcc/arm-none-eabi/6.3.1/../../../../arm-none-eabi/lib/thumb/v6-m/libc.a(lib_a-memset.o)
 .debug_frame   0x00000000000000ac       0x54 /home/afzal/work-zone/MPlab-x/gcc/gcc-64/arm-gnu-toolchain-6.3.1.508-linux.any.x86_64/arm-none-eabi/bin/../lib/gcc/arm-none-eabi/6.3.1/../../../../arm-none-eabi/lib/thumb/v6-m/libc.a(lib_a-__call_atexit.o)
 .debug_frame   0x0000000000000100       0x28 /home/afzal/work-zone/MPlab-x/gcc/gcc-64/arm-gnu-toolchain-6.3.1.508-linux.any.x86_64/arm-none-eabi/bin/../lib/gcc/arm-none-eabi/6.3.1/../../../../arm-none-eabi/lib/thumb/v6-m/libc.a(lib_a-atexit.o)
 .debug_frame   0x0000000000000128       0x2c /home/afzal/work-zone/MPlab-x/gcc/gcc-64/arm-gnu-toolchain-6.3.1.508-linux.any.x86_64/arm-none-eabi/bin/../lib/gcc/arm-none-eabi/6.3.1/../../../../arm-none-eabi/lib/thumb/v6-m/libc.a(lib_a-fini.o)
 .debug_frame   0x0000000000000154       0xb0 /home/afzal/work-zone/MPlab-x/gcc/gcc-64/arm-gnu-toolchain-6.3.1.508-linux.any.x86_64/arm-none-eabi/bin/../lib/gcc/arm-none-eabi/6.3.1/../../../../arm-none-eabi/lib/thumb/v6-m/libc.a(lib_a-lock.o)
 .debug_frame   0x0000000000000204       0x3c /home/afzal/work-zone/MPlab-x/gcc/gcc-64/arm-gnu-toolchain-6.3.1.508-linux.any.x86_64/arm-none-eabi/bin/../lib/gcc/arm-none-eabi/6.3.1/../../../../arm-none-eabi/lib/thumb/v6-m/libc.a(lib_a-__atexit.o)
