Archive member included to satisfy reference by file (symbol)

/home/afzal/work-zone/MPlab-x/gcc/gcc-64/arm-gnu-toolchain-6.3.1.508-linux.any.x86_64/arm-none-eabi/bin/../lib/gcc/arm-none-eabi/6.3.1/thumb/v6-m/libgcc.a(_thumb1_case_uqi.o)
                              build/toytrain-config/production/_ext/1239984807/colorDetect.o (__gnu_thumb1_case_uqi)
/home/afzal/work-zone/MPlab-x/gcc/gcc-64/arm-gnu-toolchain-6.3.1.508-linux.any.x86_64/arm-none-eabi/bin/../lib/gcc/arm-none-eabi/6.3.1/thumb/v6-m/libgcc.a(_divsi3.o)
                              build/toytrain-config/production/_ext/1239984807/colorDetect.o (__aeabi_idiv)
/home/afzal/work-zone/MPlab-x/gcc/gcc-64/arm-gnu-toolchain-6.3.1.508-linux.any.x86_64/arm-none-eabi/bin/../lib/gcc/arm-none-eabi/6.3.1/thumb/v6-m/libgcc.a(_dvmd_tls.o)
                              /home/afzal/work-zone/MPlab-x/gcc/gcc-64/arm-gnu-toolchain-6.3.1.508-linux.any.x86_64/arm-none-eabi/bin/../lib/gcc/arm-none-eabi/6.3.1/thumb/v6-m/libgcc.a(_divsi3.o) (__aeabi_idiv0)
/home/afzal/work-zone/MPlab-x/gcc/gcc-64/arm-gnu-toolchain-6.3.1.508-linux.any.x86_64/arm-none-eabi/bin/../lib/gcc/arm-none-eabi/6.3.1/thumb/v6-m/libgcc.a(_aeabi_uldivmod.o)
                              build/toytrain-config/production/_ext/332908461/plib_sercom2_usart.o (__aeabi_uldivmod)
/home/afzal/work-zone/MPlab-x/gcc/gcc-64/arm-gnu-toolchain-6.3.1.508-linux.any.x86_64/arm-none-eabi/bin/../lib/gcc/arm-none-eabi/6.3.1/thumb/v6-m/libgcc.a(_muldi3.o)
                              build/toytrain-config/production/_ext/332908461/plib_sercom2_usart.o (__aeabi_lmul)
/home/afzal/work-zone/MPlab-x/gcc/gcc-64/arm-gnu-toolchain-6.3.1.508-linux.any.x86_64/arm-none-eabi/bin/../lib/gcc/arm-none-eabi/6.3.1/thumb/v6-m/libgcc.a(_udivmoddi4.o)
                              /home/afzal/work-zone/MPlab-x/gcc/gcc-64/arm-gnu-toolchain-6.3.1.508-linux.any.x86_64/arm-none-eabi/bin/../lib/gcc/arm-none-eabi/6.3.1/thumb/v6-m/libgcc.a(_aeabi_uldivmod.o) (__udivmoddi4)
/home/afzal/work-zone/MPlab-x/gcc/gcc-64/arm-gnu-toolchain-6.3.1.508-linux.any.x86_64/arm-none-eabi/bin/../lib/gcc/arm-none-eabi/6.3.1/thumb/v6-m/libgcc.a(_clzdi2.o)
                              /home/afzal/work-zone/MPlab-x/gcc/gcc-64/arm-gnu-toolchain-6.3.1.508-linux.any.x86_64/arm-none-eabi/bin/../lib/gcc/arm-none-eabi/6.3.1/thumb/v6-m/libgcc.a(_udivmoddi4.o) (__clzdi2)
/home/afzal/work-zone/MPlab-x/gcc/gcc-64/arm-gnu-toolchain-6.3.1.508-linux.any.x86_64/arm-none-eabi/bin/../lib/gcc/arm-none-eabi/6.3.1/thumb/v6-m/libgcc.a(_clzsi2.o)
                              /home/afzal/work-zone/MPlab-x/gcc/gcc-64/arm-gnu-toolchain-6.3.1.508-linux.any.x86_64/arm-none-eabi/bin/../lib/gcc/arm-none-eabi/6.3.1/thumb/v6-m/libgcc.a(_clzdi2.o) (__clzsi2)
/home/afzal/work-zone/MPlab-x/gcc/gcc-64/arm-gnu-toolchain-6.3.1.508-linux.any.x86_64/arm-none-eabi/bin/../lib/gcc/arm-none-eabi/6.3.1/../../../../arm-none-eabi/lib/thumb/v6-m/libc.a(lib_a-exit.o)
                              /home/afzal/work-zone/MPlab-x/gcc/gcc-64/arm-gnu-toolchain-6.3.1.508-linux.any.x86_64/arm-none-eabi/bin/../lib/gcc/arm-none-eabi/6.3.1/../../../../arm-none-eabi/lib/thumb/v6-m/crt0.o (exit)
/home/afzal/work-zone/MPlab-x/gcc/gcc-64/arm-gnu-toolchain-6.3.1.508-linux.any.x86_64/arm-none-eabi/bin/../lib/gcc/arm-none-eabi/6.3.1/../../../../arm-none-eabi/lib/thumb/v6-m/libc.a(lib_a-impure.o)
                              /home/afzal/work-zone/MPlab-x/gcc/gcc-64/arm-gnu-toolchain-6.3.1.508-linux.any.x86_64/arm-none-eabi/bin/../lib/gcc/arm-none-eabi/6.3.1/../../../../arm-none-eabi/lib/thumb/v6-m/libc.a(lib_a-exit.o) (_global_impure_ptr)
/home/afzal/work-zone/MPlab-x/gcc/gcc-64/arm-gnu-toolchain-6.3.1.508-linux.any.x86_64/arm-none-eabi/bin/../lib/gcc/arm-none-eabi/6.3.1/../../../../arm-none-eabi/lib/thumb/v6-m/libc.a(lib_a-init.o)
                              /home/afzal/work-zone/MPlab-x/gcc/gcc-64/arm-gnu-toolchain-6.3.1.508-linux.any.x86_64/arm-none-eabi/bin/../lib/gcc/arm-none-eabi/6.3.1/../../../../arm-none-eabi/lib/thumb/v6-m/crt0.o (__libc_init_array)
/home/afzal/work-zone/MPlab-x/gcc/gcc-64/arm-gnu-toolchain-6.3.1.508-linux.any.x86_64/arm-none-eabi/bin/../lib/gcc/arm-none-eabi/6.3.1/../../../../arm-none-eabi/lib/thumb/v6-m/libc.a(lib_a-memcpy-stub.o)
                              build/toytrain-config/production/_ext/2068134214/plib_nvmctrl.o (memcpy)
/home/afzal/work-zone/MPlab-x/gcc/gcc-64/arm-gnu-toolchain-6.3.1.508-linux.any.x86_64/arm-none-eabi/bin/../lib/gcc/arm-none-eabi/6.3.1/../../../../arm-none-eabi/lib/thumb/v6-m/libc.a(lib_a-memset.o)
                              /home/afzal/work-zone/MPlab-x/gcc/gcc-64/arm-gnu-toolchain-6.3.1.508-linux.any.x86_64/arm-none-eabi/bin/../lib/gcc/arm-none-eabi/6.3.1/../../../../arm-none-eabi/lib/thumb/v6-m/crt0.o (memset)
/home/afzal/work-zone/MPlab-x/gcc/gcc-64/arm-gnu-toolchain-6.3.1.508-linux.any.x86_64/arm-none-eabi/bin/../lib/gcc/arm-none-eabi/6.3.1/../../../../arm-none-eabi/lib/thumb/v6-m/libc.a(lib_a-__call_atexit.o)
                              /home/afzal/work-zone/MPlab-x/gcc/gcc-64/arm-gnu-toolchain-6.3.1.508-linux.any.x86_64/arm-none-eabi/bin/../lib/gcc/arm-none-eabi/6.3.1/../../../../arm-none-eabi/lib/thumb/v6-m/libc.a(lib_a-exit.o) (__call_exitprocs)
/home/afzal/work-zone/MPlab-x/gcc/gcc-64/arm-gnu-toolchain-6.3.1.508-linux.any.x86_64/arm-none-eabi/bin/../lib/gcc/arm-none-eabi/6.3.1/../../../../arm-none-eabi/lib/thumb/v6-m/libc.a(lib_a-atexit.o)
                              /home/afzal/work-zone/MPlab-x/gcc/gcc-64/arm-gnu-toolchain-6.3.1.508-linux.any.x86_64/arm-none-eabi/bin/../lib/gcc/arm-none-eabi/6.3.1/../../../../arm-none-eabi/lib/thumb/v6-m/libc.a(lib_a-__call_atexit.o) (atexit)
/home/afzal/work-zone/MPlab-x/gcc/gcc-64/arm-gnu-toolchain-6.3.1.508-linux.any.x86_64/arm-none-eabi/bin/../lib/gcc/arm-none-eabi/6.3.1/../../../../arm-none-eabi/lib/thumb/v6-m/libc.a(lib_a-fini.o)
                              /home/afzal/work-zone/MPlab-x/gcc/gcc-64/arm-gnu-toolchain-6.3.1.508-linux.any.x86_64/arm-none-eabi/bin/../lib/gcc/arm-none-eabi/6.3.1/../../../../arm-none-eabi/lib/thumb/v6-m/libc.a(lib_a-__call_atexit.o) (__libc_fini_array)
/home/afzal/work-zone/MPlab-x/gcc/gcc-64/arm-gnu-toolchain-6.3.1.508-linux.any.x86_64/arm-none-eabi/bin/../lib/gcc/arm-none-eabi/6.3.1/../../../../arm-none-eabi/lib/thumb/v6-m/libc.a(lib_a-lock.o)
                              /home/afzal/work-zone/MPlab-x/gcc/gcc-64/arm-gnu-toolchain-6.3.1.508-linux.any.x86_64/arm-none-eabi/bin/../lib/gcc/arm-none-eabi/6.3.1/../../../../arm-none-eabi/lib/thumb/v6-m/libc.a(lib_a-__call_atexit.o) (__retarget_lock_acquire_recursive)
/home/afzal/work-zone/MPlab-x/gcc/gcc-64/arm-gnu-toolchain-6.3.1.508-linux.any.x86_64/arm-none-eabi/bin/../lib/gcc/arm-none-eabi/6.3.1/../../../../arm-none-eabi/lib/thumb/v6-m/libc.a(lib_a-__atexit.o)
                              /home/afzal/work-zone/MPlab-x/gcc/gcc-64/arm-gnu-toolchain-6.3.1.508-linux.any.x86_64/arm-none-eabi/bin/../lib/gcc/arm-none-eabi/6.3.1/../../../../arm-none-eabi/lib/thumb/v6-m/libc.a(lib_a-atexit.o) (__register_exitproc)

Allocating common symbols
Common symbol       size              file

__lock___atexit_recursive_mutex
                    0x1               /home/afzal/work-zone/MPlab-x/gcc/gcc-64/arm-gnu-toolchain-6.3.1.508-linux.any.x86_64/arm-none-eabi/bin/../lib/gcc/arm-none-eabi/6.3.1/../../../../arm-none-eabi/lib/thumb/v6-m/libc.a(lib_a-lock.o)
__lock___arc4random_mutex
                    0x1               /home/afzal/work-zone/MPlab-x/gcc/gcc-64/arm-gnu-toolchain-6.3.1.508-linux.any.x86_64/arm-none-eabi/bin/../lib/gcc/arm-none-eabi/6.3.1/../../../../arm-none-eabi/lib/thumb/v6-m/libc.a(lib_a-lock.o)
dbg_str_ambient     0x6               build/toytrain-config/production/_ext/1360937237/main.o
pdColor             0xa               build/toytrain-config/production/_ext/1239984807/colorDetect.o
dbg_str_white       0x6               build/toytrain-config/production/_ext/1360937237/main.o
dbg_str_blue        0x6               build/toytrain-config/production/_ext/1360937237/main.o
__lock___env_recursive_mutex
                    0x1               /home/afzal/work-zone/MPlab-x/gcc/gcc-64/arm-gnu-toolchain-6.3.1.508-linux.any.x86_64/arm-none-eabi/bin/../lib/gcc/arm-none-eabi/6.3.1/../../../../arm-none-eabi/lib/thumb/v6-m/libc.a(lib_a-lock.o)
__lock___sinit_recursive_mutex
                    0x1               /home/afzal/work-zone/MPlab-x/gcc/gcc-64/arm-gnu-toolchain-6.3.1.508-linux.any.x86_64/arm-none-eabi/bin/../lib/gcc/arm-none-eabi/6.3.1/../../../../arm-none-eabi/lib/thumb/v6-m/libc.a(lib_a-lock.o)
hallSensor          0x3               build/toytrain-config/production/_ext/1239984807/hallSensor.o
dbg_str_red         0x6               build/toytrain-config/production/_ext/1360937237/main.o
__lock___malloc_recursive_mutex
                    0x1               /home/afzal/work-zone/MPlab-x/gcc/gcc-64/arm-gnu-toolchain-6.3.1.508-linux.any.x86_64/arm-none-eabi/bin/../lib/gcc/arm-none-eabi/6.3.1/../../../../arm-none-eabi/lib/thumb/v6-m/libc.a(lib_a-lock.o)
dbg_buffer          0x16              build/toytrain-config/production/_ext/1360937237/main.o
dbg_adc_str_value   0x6               build/toytrain-config/production/_ext/1360937237/main.o
dbg_str_green       0x6               build/toytrain-config/production/_ext/1360937237/main.o
motor               0x4               build/toytrain-config/production/_ext/1239984807/motorControl.o
__lock___at_quick_exit_mutex
                    0x1               /home/afzal/work-zone/MPlab-x/gcc/gcc-64/arm-gnu-toolchain-6.3.1.508-linux.any.x86_64/arm-none-eabi/bin/../lib/gcc/arm-none-eabi/6.3.1/../../../../arm-none-eabi/lib/thumb/v6-m/libc.a(lib_a-lock.o)
__lock___dd_hash_mutex
                    0x1               /home/afzal/work-zone/MPlab-x/gcc/gcc-64/arm-gnu-toolchain-6.3.1.508-linux.any.x86_64/arm-none-eabi/bin/../lib/gcc/arm-none-eabi/6.3.1/../../../../arm-none-eabi/lib/thumb/v6-m/libc.a(lib_a-lock.o)
__lock___tz_mutex   0x1               /home/afzal/work-zone/MPlab-x/gcc/gcc-64/arm-gnu-toolchain-6.3.1.508-linux.any.x86_64/arm-none-eabi/bin/../lib/gcc/arm-none-eabi/6.3.1/../../../../arm-none-eabi/lib/thumb/v6-m/libc.a(lib_a-lock.o)
ADC_CallbackObject  0x8               build/toytrain-config/production/_ext/752856886/plib_adc.o
__lock___sfp_recursive_mutex
                    0x1               /home/afzal/work-zone/MPlab-x/gcc/gcc-64/arm-gnu-toolchain-6.3.1.508-linux.any.x86_64/arm-none-eabi/bin/../lib/gcc/arm-none-eabi/6.3.1/../../../../arm-none-eabi/lib/thumb/v6-m/libc.a(lib_a-lock.o)

Discarded input sections

 .text          0x0000000000000000        0x0 /home/afzal/work-zone/MPlab-x/gcc/gcc-64/arm-gnu-toolchain-6.3.1.508-linux.any.x86_64/arm-none-eabi/bin/../lib/gcc/arm-none-eabi/6.3.1/thumb/v6-m/crti.o
 .data          0x0000000000000000        0x0 /home/afzal/work-zone/MPlab-x/gcc/gcc-64/arm-gnu-toolchain-6.3.1.508-linux.any.x86_64/arm-none-eabi/bin/../lib/gcc/arm-none-eabi/6.3.1/thumb/v6-m/crti.o
 .bss           0x0000000000000000        0x0 /home/afzal/work-zone/MPlab-x/gcc/gcc-64/arm-gnu-toolchain-6.3.1.508-linux.any.x86_64/arm-none-eabi/bin/../lib/gcc/arm-none-eabi/6.3.1/thumb/v6-m/crti.o
 .data          0x0000000000000000        0x4 /home/afzal/work-zone/MPlab-x/gcc/gcc-64/arm-gnu-toolchain-6.3.1.508-linux.any.x86_64/arm-none-eabi/bin/../lib/gcc/arm-none-eabi/6.3.1/thumb/v6-m/crtbegin.o
 .text          0x0000000000000000       0x78 /home/afzal/work-zone/MPlab-x/gcc/gcc-64/arm-gnu-toolchain-6.3.1.508-linux.any.x86_64/arm-none-eabi/bin/../lib/gcc/arm-none-eabi/6.3.1/../../../../arm-none-eabi/lib/thumb/v6-m/crt0.o
 .data          0x0000000000000000        0x0 /home/afzal/work-zone/MPlab-x/gcc/gcc-64/arm-gnu-toolchain-6.3.1.508-linux.any.x86_64/arm-none-eabi/bin/../lib/gcc/arm-none-eabi/6.3.1/../../../../arm-none-eabi/lib/thumb/v6-m/crt0.o
 .bss           0x0000000000000000        0x0 /home/afzal/work-zone/MPlab-x/gcc/gcc-64/arm-gnu-toolchain-6.3.1.508-linux.any.x86_64/arm-none-eabi/bin/../lib/gcc/arm-none-eabi/6.3.1/../../../../arm-none-eabi/lib/thumb/v6-m/crt0.o
 .ARM.extab     0x0000000000000000        0x0 /home/afzal/work-zone/MPlab-x/gcc/gcc-64/arm-gnu-toolchain-6.3.1.508-linux.any.x86_64/arm-none-eabi/bin/../lib/gcc/arm-none-eabi/6.3.1/../../../../arm-none-eabi/lib/thumb/v6-m/crt0.o
 .ARM.exidx     0x0000000000000000        0x8 /home/afzal/work-zone/MPlab-x/gcc/gcc-64/arm-gnu-toolchain-6.3.1.508-linux.any.x86_64/arm-none-eabi/bin/../lib/gcc/arm-none-eabi/6.3.1/../../../../arm-none-eabi/lib/thumb/v6-m/crt0.o
 .ARM.attributes
                0x0000000000000000       0x1b /home/afzal/work-zone/MPlab-x/gcc/gcc-64/arm-gnu-toolchain-6.3.1.508-linux.any.x86_64/arm-none-eabi/bin/../lib/gcc/arm-none-eabi/6.3.1/../../../../arm-none-eabi/lib/thumb/v6-m/crt0.o
 .text          0x0000000000000000        0x0 build/toytrain-config/production/_ext/1239984807/AppGlobals.o
 .text          0x0000000000000000        0x0 build/toytrain-config/production/_ext/1239984807/colorDetect.o
 .data          0x0000000000000000        0x0 build/toytrain-config/production/_ext/1239984807/colorDetect.o
 .text.PDInit   0x0000000000000000        0x2 build/toytrain-config/production/_ext/1239984807/colorDetect.o
 .text.PDColorWrite
                0x0000000000000000       0x34 build/toytrain-config/production/_ext/1239984807/colorDetect.o
 .text          0x0000000000000000        0x0 build/toytrain-config/production/_ext/1239984807/hallSensor.o
 .data          0x0000000000000000        0x0 build/toytrain-config/production/_ext/1239984807/hallSensor.o
 .bss           0x0000000000000000        0x0 build/toytrain-config/production/_ext/1239984807/hallSensor.o
 .text.initHallSensor
                0x0000000000000000       0x28 build/toytrain-config/production/_ext/1239984807/hallSensor.o
 .text          0x0000000000000000        0x0 build/toytrain-config/production/_ext/1239984807/motorControl.o
 .data          0x0000000000000000        0x0 build/toytrain-config/production/_ext/1239984807/motorControl.o
 .bss           0x0000000000000000        0x0 build/toytrain-config/production/_ext/1239984807/motorControl.o
 .text.motorSpeed
                0x0000000000000000        0xc build/toytrain-config/production/_ext/1239984807/motorControl.o
 .text.motorDirection
                0x0000000000000000       0x20 build/toytrain-config/production/_ext/1239984807/motorControl.o
 .text.getMotorSpeed
                0x0000000000000000        0xc build/toytrain-config/production/_ext/1239984807/motorControl.o
 .text          0x0000000000000000        0x0 build/toytrain-config/production/_ext/1239984807/rgbLed.o
 .data          0x0000000000000000        0x0 build/toytrain-config/production/_ext/1239984807/rgbLed.o
 .bss           0x0000000000000000        0x0 build/toytrain-config/production/_ext/1239984807/rgbLed.o
 .text          0x0000000000000000        0x0 build/toytrain-config/production/_ext/752856886/plib_adc.o
 .data          0x0000000000000000        0x0 build/toytrain-config/production/_ext/752856886/plib_adc.o
 .bss           0x0000000000000000        0x0 build/toytrain-config/production/_ext/752856886/plib_adc.o
 .text.ADC_Disable
                0x0000000000000000       0x18 build/toytrain-config/production/_ext/752856886/plib_adc.o
 .text.ADC_ConversionStart
                0x0000000000000000       0x18 build/toytrain-config/production/_ext/752856886/plib_adc.o
 .text.ADC_ComparisonWindowSet
                0x0000000000000000       0x1c build/toytrain-config/production/_ext/752856886/plib_adc.o
 .text.ADC_WindowModeSet
                0x0000000000000000       0x14 build/toytrain-config/production/_ext/752856886/plib_adc.o
 .text.ADC_InterruptsClear
                0x0000000000000000        0xc build/toytrain-config/production/_ext/752856886/plib_adc.o
 .text.ADC_InterruptsEnable
                0x0000000000000000        0xc build/toytrain-config/production/_ext/752856886/plib_adc.o
 .text.ADC_InterruptsDisable
                0x0000000000000000        0xc build/toytrain-config/production/_ext/752856886/plib_adc.o
 .text          0x0000000000000000        0x0 build/toytrain-config/production/_ext/1938861640/plib_clock.o
 .data          0x0000000000000000        0x0 build/toytrain-config/production/_ext/1938861640/plib_clock.o
 .bss           0x0000000000000000        0x0 build/toytrain-config/production/_ext/1938861640/plib_clock.o
 .text          0x0000000000000000        0x0 build/toytrain-config/production/_ext/1936712154/plib_evsys.o
 .data          0x0000000000000000        0x0 build/toytrain-config/production/_ext/1936712154/plib_evsys.o
 .bss           0x0000000000000000        0x0 build/toytrain-config/production/_ext/1936712154/plib_evsys.o
 .text          0x0000000000000000        0x0 build/toytrain-config/production/_ext/1863322120/plib_nvic.o
 .data          0x0000000000000000        0x0 build/toytrain-config/production/_ext/1863322120/plib_nvic.o
 .bss           0x0000000000000000        0x0 build/toytrain-config/production/_ext/1863322120/plib_nvic.o
 .text.NVIC_INT_Enable
                0x0000000000000000        0x8 build/toytrain-config/production/_ext/1863322120/plib_nvic.o
 .text.NVIC_INT_Disable
                0x0000000000000000       0x12 build/toytrain-config/production/_ext/1863322120/plib_nvic.o
 .text.NVIC_INT_Restore
                0x0000000000000000       0x14 build/toytrain-config/production/_ext/1863322120/plib_nvic.o
 .text          0x0000000000000000        0x0 build/toytrain-config/production/_ext/2068134214/plib_nvmctrl.o
 .data          0x0000000000000000        0x0 build/toytrain-config/production/_ext/2068134214/plib_nvmctrl.o
 .bss           0x0000000000000000        0x0 build/toytrain-config/production/_ext/2068134214/plib_nvmctrl.o
 .text.NVMCTRL_CacheInvalidate
                0x0000000000000000       0x10 build/toytrain-config/production/_ext/2068134214/plib_nvmctrl.o
 .text.NVMCTRL_Read
                0x0000000000000000       0x14 build/toytrain-config/production/_ext/2068134214/plib_nvmctrl.o
 .text.NVMCTRL_PageBufferWrite
                0x0000000000000000       0x12 build/toytrain-config/production/_ext/2068134214/plib_nvmctrl.o
 .text.NVMCTRL_PageBufferCommit
                0x0000000000000000       0x18 build/toytrain-config/production/_ext/2068134214/plib_nvmctrl.o
 .text.NVMCTRL_PageWrite
                0x0000000000000000       0x28 build/toytrain-config/production/_ext/2068134214/plib_nvmctrl.o
 .text.NVMCTRL_RowErase
                0x0000000000000000       0x18 build/toytrain-config/production/_ext/2068134214/plib_nvmctrl.o
 .text.NVMCTRL_ErrorGet
                0x0000000000000000       0x2c build/toytrain-config/production/_ext/2068134214/plib_nvmctrl.o
 .text.NVMCTRL_IsBusy
                0x0000000000000000       0x10 build/toytrain-config/production/_ext/2068134214/plib_nvmctrl.o
 .text.NVMCTRL_RegionLock
                0x0000000000000000       0x14 build/toytrain-config/production/_ext/2068134214/plib_nvmctrl.o
 .text.NVMCTRL_RegionUnlock
                0x0000000000000000       0x14 build/toytrain-config/production/_ext/2068134214/plib_nvmctrl.o
 .text          0x0000000000000000        0x0 build/toytrain-config/production/_ext/1863268969/plib_port.o
 .data          0x0000000000000000        0x0 build/toytrain-config/production/_ext/1863268969/plib_port.o
 .bss           0x0000000000000000        0x0 build/toytrain-config/production/_ext/1863268969/plib_port.o
 .text.PORT_GroupRead
                0x0000000000000000        0x4 build/toytrain-config/production/_ext/1863268969/plib_port.o
 .text.PORT_GroupWrite
                0x0000000000000000        0xc build/toytrain-config/production/_ext/1863268969/plib_port.o
 .text.PORT_GroupLatchRead
                0x0000000000000000        0x4 build/toytrain-config/production/_ext/1863268969/plib_port.o
 .text.PORT_GroupSet
                0x0000000000000000        0x4 build/toytrain-config/production/_ext/1863268969/plib_port.o
 .text.PORT_GroupClear
                0x0000000000000000        0x4 build/toytrain-config/production/_ext/1863268969/plib_port.o
 .text.PORT_GroupToggle
                0x0000000000000000        0x4 build/toytrain-config/production/_ext/1863268969/plib_port.o
 .text.PORT_GroupInputEnable
                0x0000000000000000        0x4 build/toytrain-config/production/_ext/1863268969/plib_port.o
 .text.PORT_GroupOutputEnable
                0x0000000000000000        0x4 build/toytrain-config/production/_ext/1863268969/plib_port.o
 .text.PORT_PinPeripheralFunctionConfig
                0x0000000000000000       0x44 build/toytrain-config/production/_ext/1863268969/plib_port.o
 .text.PORT_PinGPIOConfig
                0x0000000000000000       0x20 build/toytrain-config/production/_ext/1863268969/plib_port.o
 .text          0x0000000000000000        0x0 build/toytrain-config/production/_ext/332908461/plib_sercom2_usart.o
 .data          0x0000000000000000        0x0 build/toytrain-config/production/_ext/332908461/plib_sercom2_usart.o
 .bss           0x0000000000000000        0x0 build/toytrain-config/production/_ext/332908461/plib_sercom2_usart.o
 .text.SERCOM2_USART_ErrorClear.part.0
                0x0000000000000000       0x1c build/toytrain-config/production/_ext/332908461/plib_sercom2_usart.o
 .text.SERCOM2_USART_FrequencyGet
                0x0000000000000000        0x8 build/toytrain-config/production/_ext/332908461/plib_sercom2_usart.o
 .text.SERCOM2_USART_SerialSetup
                0x0000000000000000      0x100 build/toytrain-config/production/_ext/332908461/plib_sercom2_usart.o
 .text.SERCOM2_USART_ErrorGet
                0x0000000000000000       0x24 build/toytrain-config/production/_ext/332908461/plib_sercom2_usart.o
 .text.SERCOM2_USART_TransmitterEnable
                0x0000000000000000       0x18 build/toytrain-config/production/_ext/332908461/plib_sercom2_usart.o
 .text.SERCOM2_USART_TransmitterDisable
                0x0000000000000000       0x1c build/toytrain-config/production/_ext/332908461/plib_sercom2_usart.o
 .text.SERCOM2_USART_Write
                0x0000000000000000       0x3c build/toytrain-config/production/_ext/332908461/plib_sercom2_usart.o
 .text.SERCOM2_USART_TransmitterIsReady
                0x0000000000000000       0x10 build/toytrain-config/production/_ext/332908461/plib_sercom2_usart.o
 .text.SERCOM2_USART_TransmitComplete
                0x0000000000000000       0x10 build/toytrain-config/production/_ext/332908461/plib_sercom2_usart.o
 .text.SERCOM2_USART_WriteByte
                0x0000000000000000       0x14 build/toytrain-config/production/_ext/332908461/plib_sercom2_usart.o
 .text.SERCOM2_USART_ReceiverEnable
                0x0000000000000000       0x18 build/toytrain-config/production/_ext/332908461/plib_sercom2_usart.o
 .text.SERCOM2_USART_ReceiverDisable
                0x0000000000000000       0x1c build/toytrain-config/production/_ext/332908461/plib_sercom2_usart.o
 .text.SERCOM2_USART_Read
                0x0000000000000000       0x5c build/toytrain-config/production/_ext/332908461/plib_sercom2_usart.o
 .text.SERCOM2_USART_ReceiverIsReady
                0x0000000000000000       0x10 build/toytrain-config/production/_ext/332908461/plib_sercom2_usart.o
 .text.SERCOM2_USART_ReadByte
                0x0000000000000000        0xc build/toytrain-config/production/_ext/332908461/plib_sercom2_usart.o
 .text          0x0000000000000000        0x0 build/toytrain-config/production/_ext/332908461/plib_sercom0_usart.o
 .data          0x0000000000000000        0x0 build/toytrain-config/production/_ext/332908461/plib_sercom0_usart.o
 .bss           0x0000000000000000        0x0 build/toytrain-config/production/_ext/332908461/plib_sercom0_usart.o
 .text.SERCOM0_USART_ErrorClear.part.0
                0x0000000000000000       0x1c build/toytrain-config/production/_ext/332908461/plib_sercom0_usart.o
 .text.SERCOM0_USART_FrequencyGet
                0x0000000000000000        0x8 build/toytrain-config/production/_ext/332908461/plib_sercom0_usart.o
 .text.SERCOM0_USART_SerialSetup
                0x0000000000000000      0x100 build/toytrain-config/production/_ext/332908461/plib_sercom0_usart.o
 .text.SERCOM0_USART_ErrorGet
                0x0000000000000000       0x24 build/toytrain-config/production/_ext/332908461/plib_sercom0_usart.o
 .text.SERCOM0_USART_TransmitterEnable
                0x0000000000000000       0x18 build/toytrain-config/production/_ext/332908461/plib_sercom0_usart.o
 .text.SERCOM0_USART_TransmitterDisable
                0x0000000000000000       0x1c build/toytrain-config/production/_ext/332908461/plib_sercom0_usart.o
 .text.SERCOM0_USART_Write
                0x0000000000000000       0x3c build/toytrain-config/production/_ext/332908461/plib_sercom0_usart.o
 .text.SERCOM0_USART_TransmitterIsReady
                0x0000000000000000       0x10 build/toytrain-config/production/_ext/332908461/plib_sercom0_usart.o
 .text.SERCOM0_USART_TransmitComplete
                0x0000000000000000       0x10 build/toytrain-config/production/_ext/332908461/plib_sercom0_usart.o
 .text.SERCOM0_USART_WriteByte
                0x0000000000000000       0x14 build/toytrain-config/production/_ext/332908461/plib_sercom0_usart.o
 .text.SERCOM0_USART_ReceiverEnable
                0x0000000000000000       0x18 build/toytrain-config/production/_ext/332908461/plib_sercom0_usart.o
 .text.SERCOM0_USART_ReceiverDisable
                0x0000000000000000       0x1c build/toytrain-config/production/_ext/332908461/plib_sercom0_usart.o
 .text.SERCOM0_USART_Read
                0x0000000000000000       0x5c build/toytrain-config/production/_ext/332908461/plib_sercom0_usart.o
 .text.SERCOM0_USART_ReceiverIsReady
                0x0000000000000000       0x10 build/toytrain-config/production/_ext/332908461/plib_sercom0_usart.o
 .text.SERCOM0_USART_ReadByte
                0x0000000000000000        0xc build/toytrain-config/production/_ext/332908461/plib_sercom0_usart.o
 .text          0x0000000000000000        0x0 build/toytrain-config/production/_ext/1833659116/plib_systick.o
 .data          0x0000000000000000        0x0 build/toytrain-config/production/_ext/1833659116/plib_systick.o
 .text.SYSTICK_TimerRestart
                0x0000000000000000       0x1c build/toytrain-config/production/_ext/1833659116/plib_systick.o
 .text.SYSTICK_TimerStop
                0x0000000000000000       0x10 build/toytrain-config/production/_ext/1833659116/plib_systick.o
 .text.SYSTICK_TimerPeriodSet
                0x0000000000000000        0xc build/toytrain-config/production/_ext/1833659116/plib_systick.o
 .text.SYSTICK_TimerPeriodGet
                0x0000000000000000        0xc build/toytrain-config/production/_ext/1833659116/plib_systick.o
 .text.SYSTICK_TimerCounterGet
                0x0000000000000000        0xc build/toytrain-config/production/_ext/1833659116/plib_systick.o
 .text.SYSTICK_TimerFrequencyGet
                0x0000000000000000        0x8 build/toytrain-config/production/_ext/1833659116/plib_systick.o
 .text.SYSTICK_DelayMs
                0x0000000000000000       0x38 build/toytrain-config/production/_ext/1833659116/plib_systick.o
 .text.SYSTICK_DelayUs
                0x0000000000000000       0x34 build/toytrain-config/production/_ext/1833659116/plib_systick.o
 .text          0x0000000000000000        0x0 build/toytrain-config/production/_ext/1963947771/plib_tc3.o
 .data          0x0000000000000000        0x0 build/toytrain-config/production/_ext/1963947771/plib_tc3.o
 .bss           0x0000000000000000        0x0 build/toytrain-config/production/_ext/1963947771/plib_tc3.o
 .text.TC3_CompareStop
                0x0000000000000000       0x18 build/toytrain-config/production/_ext/1963947771/plib_tc3.o
 .text.TC3_CompareFrequencyGet
                0x0000000000000000        0x8 build/toytrain-config/production/_ext/1963947771/plib_tc3.o
 .text.TC3_CompareCommandSet
                0x0000000000000000       0x18 build/toytrain-config/production/_ext/1963947771/plib_tc3.o
 .text.TC3_Compare8bitCounterGet
                0x0000000000000000       0x1c build/toytrain-config/production/_ext/1963947771/plib_tc3.o
 .text.TC3_Compare8bitCounterSet
                0x0000000000000000       0x14 build/toytrain-config/production/_ext/1963947771/plib_tc3.o
 .text.TC3_Compare8bitPeriodGet
                0x0000000000000000        0x4 build/toytrain-config/production/_ext/1963947771/plib_tc3.o
 .text.TC3_Compare8bitMatch1Set
                0x0000000000000000       0x14 build/toytrain-config/production/_ext/1963947771/plib_tc3.o
 .text.TC3_CompareStatusGet
                0x0000000000000000       0x10 build/toytrain-config/production/_ext/1963947771/plib_tc3.o
 .text          0x0000000000000000        0x0 build/toytrain-config/production/_ext/752838658/plib_tcc2.o
 .data          0x0000000000000000        0x0 build/toytrain-config/production/_ext/752838658/plib_tcc2.o
 .bss           0x0000000000000000        0x0 build/toytrain-config/production/_ext/752838658/plib_tcc2.o
 .text.TCC2_PWMStop
                0x0000000000000000       0x18 build/toytrain-config/production/_ext/752838658/plib_tcc2.o
 .text.TCC2_PWM16bitPeriodSet
                0x0000000000000000       0x18 build/toytrain-config/production/_ext/752838658/plib_tcc2.o
 .text.TCC2_PWM16bitPeriodGet
                0x0000000000000000       0x14 build/toytrain-config/production/_ext/752838658/plib_tcc2.o
 .text.TCC2_PWM16bitCounterSet
                0x0000000000000000       0x14 build/toytrain-config/production/_ext/752838658/plib_tcc2.o
 .text.TCC2_PWMForceUpdate
                0x0000000000000000       0x18 build/toytrain-config/production/_ext/752838658/plib_tcc2.o
 .text.TCC2_PWMPeriodInterruptEnable
                0x0000000000000000        0xc build/toytrain-config/production/_ext/752838658/plib_tcc2.o
 .text.TCC2_PWMPeriodInterruptDisable
                0x0000000000000000        0xc build/toytrain-config/production/_ext/752838658/plib_tcc2.o
 .text.TCC2_PWMInterruptStatusGet
                0x0000000000000000        0xc build/toytrain-config/production/_ext/752838658/plib_tcc2.o
 .text          0x0000000000000000        0x0 build/toytrain-config/production/_ext/752838658/plib_tcc0.o
 .data          0x0000000000000000        0x0 build/toytrain-config/production/_ext/752838658/plib_tcc0.o
 .bss           0x0000000000000000        0x0 build/toytrain-config/production/_ext/752838658/plib_tcc0.o
 .text.TCC0_PWMStop
                0x0000000000000000       0x18 build/toytrain-config/production/_ext/752838658/plib_tcc0.o
 .text.TCC0_PWM24bitPeriodSet
                0x0000000000000000       0x1c build/toytrain-config/production/_ext/752838658/plib_tcc0.o
 .text.TCC0_PWM24bitPeriodGet
                0x0000000000000000       0x18 build/toytrain-config/production/_ext/752838658/plib_tcc0.o
 .text.TCC0_PWMDeadTimeSet
                0x0000000000000000       0x1c build/toytrain-config/production/_ext/752838658/plib_tcc0.o
 .text.TCC0_PWMPatternSet
                0x0000000000000000       0x20 build/toytrain-config/production/_ext/752838658/plib_tcc0.o
 .text.TCC0_PWM24bitCounterSet
                0x0000000000000000       0x18 build/toytrain-config/production/_ext/752838658/plib_tcc0.o
 .text.TCC0_PWMForceUpdate
                0x0000000000000000       0x18 build/toytrain-config/production/_ext/752838658/plib_tcc0.o
 .text.TCC0_PWMPeriodInterruptEnable
                0x0000000000000000        0xc build/toytrain-config/production/_ext/752838658/plib_tcc0.o
 .text.TCC0_PWMPeriodInterruptDisable
                0x0000000000000000        0xc build/toytrain-config/production/_ext/752838658/plib_tcc0.o
 .text.TCC0_PWMInterruptStatusGet
                0x0000000000000000        0xc build/toytrain-config/production/_ext/752838658/plib_tcc0.o
 .text          0x0000000000000000        0x0 build/toytrain-config/production/_ext/1675061921/gcc_monitor.o
 .data          0x0000000000000000        0x0 build/toytrain-config/production/_ext/1675061921/gcc_monitor.o
 .bss           0x0000000000000000        0x0 build/toytrain-config/production/_ext/1675061921/gcc_monitor.o
 .text._read    0x0000000000000000        0xe build/toytrain-config/production/_ext/1675061921/gcc_monitor.o
 .text._write   0x0000000000000000       0x16 build/toytrain-config/production/_ext/1675061921/gcc_monitor.o
 .comment       0x0000000000000000       0x5a build/toytrain-config/production/_ext/1675061921/gcc_monitor.o
 .ARM.attributes
                0x0000000000000000       0x32 build/toytrain-config/production/_ext/1675061921/gcc_monitor.o
 .text          0x0000000000000000        0x0 build/toytrain-config/production/_ext/1672823694/initialization.o
 .data          0x0000000000000000        0x0 build/toytrain-config/production/_ext/1672823694/initialization.o
 .bss           0x0000000000000000        0x0 build/toytrain-config/production/_ext/1672823694/initialization.o
 .text          0x0000000000000000        0x0 build/toytrain-config/production/_ext/1672823694/interrupts.o
 .data          0x0000000000000000        0x0 build/toytrain-config/production/_ext/1672823694/interrupts.o
 .bss           0x0000000000000000        0x0 build/toytrain-config/production/_ext/1672823694/interrupts.o
 .text          0x0000000000000000        0x0 build/toytrain-config/production/_ext/1672823694/exceptions.o
 .data          0x0000000000000000        0x0 build/toytrain-config/production/_ext/1672823694/exceptions.o
 .bss           0x0000000000000000        0x0 build/toytrain-config/production/_ext/1672823694/exceptions.o
 .text          0x0000000000000000        0x0 build/toytrain-config/production/_ext/1672823694/libc_syscalls.o
 .data          0x0000000000000000        0x0 build/toytrain-config/production/_ext/1672823694/libc_syscalls.o
 .bss           0x0000000000000000        0x0 build/toytrain-config/production/_ext/1672823694/libc_syscalls.o
 .text._exit    0x0000000000000000        0x2 build/toytrain-config/production/_ext/1672823694/libc_syscalls.o
 .comment       0x0000000000000000       0x5a build/toytrain-config/production/_ext/1672823694/libc_syscalls.o
 .ARM.attributes
                0x0000000000000000       0x32 build/toytrain-config/production/_ext/1672823694/libc_syscalls.o
 .text          0x0000000000000000        0x0 build/toytrain-config/production/_ext/1675061921/startup_gcc.o
 .data          0x0000000000000000        0x0 build/toytrain-config/production/_ext/1675061921/startup_gcc.o
 .bss           0x0000000000000000        0x0 build/toytrain-config/production/_ext/1675061921/startup_gcc.o
 .text          0x0000000000000000        0x0 build/toytrain-config/production/_ext/1360937237/main.o
 .data          0x0000000000000000        0x0 build/toytrain-config/production/_ext/1360937237/main.o
 .bss           0x0000000000000000        0x4 build/toytrain-config/production/_ext/1360937237/main.o
 COMMON         0x0000000000000000       0x3a build/toytrain-config/production/_ext/1360937237/main.o
 .data          0x0000000000000000        0x0 /home/afzal/work-zone/MPlab-x/gcc/gcc-64/arm-gnu-toolchain-6.3.1.508-linux.any.x86_64/arm-none-eabi/bin/../lib/gcc/arm-none-eabi/6.3.1/thumb/v6-m/libgcc.a(_thumb1_case_uqi.o)
 .bss           0x0000000000000000        0x0 /home/afzal/work-zone/MPlab-x/gcc/gcc-64/arm-gnu-toolchain-6.3.1.508-linux.any.x86_64/arm-none-eabi/bin/../lib/gcc/arm-none-eabi/6.3.1/thumb/v6-m/libgcc.a(_thumb1_case_uqi.o)
 .data          0x0000000000000000        0x0 /home/afzal/work-zone/MPlab-x/gcc/gcc-64/arm-gnu-toolchain-6.3.1.508-linux.any.x86_64/arm-none-eabi/bin/../lib/gcc/arm-none-eabi/6.3.1/thumb/v6-m/libgcc.a(_divsi3.o)
 .bss           0x0000000000000000        0x0 /home/afzal/work-zone/MPlab-x/gcc/gcc-64/arm-gnu-toolchain-6.3.1.508-linux.any.x86_64/arm-none-eabi/bin/../lib/gcc/arm-none-eabi/6.3.1/thumb/v6-m/libgcc.a(_divsi3.o)
 .data          0x0000000000000000        0x0 /home/afzal/work-zone/MPlab-x/gcc/gcc-64/arm-gnu-toolchain-6.3.1.508-linux.any.x86_64/arm-none-eabi/bin/../lib/gcc/arm-none-eabi/6.3.1/thumb/v6-m/libgcc.a(_dvmd_tls.o)
 .bss           0x0000000000000000        0x0 /home/afzal/work-zone/MPlab-x/gcc/gcc-64/arm-gnu-toolchain-6.3.1.508-linux.any.x86_64/arm-none-eabi/bin/../lib/gcc/arm-none-eabi/6.3.1/thumb/v6-m/libgcc.a(_dvmd_tls.o)
 .text          0x0000000000000000       0x40 /home/afzal/work-zone/MPlab-x/gcc/gcc-64/arm-gnu-toolchain-6.3.1.508-linux.any.x86_64/arm-none-eabi/bin/../lib/gcc/arm-none-eabi/6.3.1/thumb/v6-m/libgcc.a(_aeabi_uldivmod.o)
 .data          0x0000000000000000        0x0 /home/afzal/work-zone/MPlab-x/gcc/gcc-64/arm-gnu-toolchain-6.3.1.508-linux.any.x86_64/arm-none-eabi/bin/../lib/gcc/arm-none-eabi/6.3.1/thumb/v6-m/libgcc.a(_aeabi_uldivmod.o)
 .bss           0x0000000000000000        0x0 /home/afzal/work-zone/MPlab-x/gcc/gcc-64/arm-gnu-toolchain-6.3.1.508-linux.any.x86_64/arm-none-eabi/bin/../lib/gcc/arm-none-eabi/6.3.1/thumb/v6-m/libgcc.a(_aeabi_uldivmod.o)
 .ARM.attributes
                0x0000000000000000       0x1e /home/afzal/work-zone/MPlab-x/gcc/gcc-64/arm-gnu-toolchain-6.3.1.508-linux.any.x86_64/arm-none-eabi/bin/../lib/gcc/arm-none-eabi/6.3.1/thumb/v6-m/libgcc.a(_aeabi_uldivmod.o)
 .text          0x0000000000000000       0x54 /home/afzal/work-zone/MPlab-x/gcc/gcc-64/arm-gnu-toolchain-6.3.1.508-linux.any.x86_64/arm-none-eabi/bin/../lib/gcc/arm-none-eabi/6.3.1/thumb/v6-m/libgcc.a(_muldi3.o)
 .data          0x0000000000000000        0x0 /home/afzal/work-zone/MPlab-x/gcc/gcc-64/arm-gnu-toolchain-6.3.1.508-linux.any.x86_64/arm-none-eabi/bin/../lib/gcc/arm-none-eabi/6.3.1/thumb/v6-m/libgcc.a(_muldi3.o)
 .bss           0x0000000000000000        0x0 /home/afzal/work-zone/MPlab-x/gcc/gcc-64/arm-gnu-toolchain-6.3.1.508-linux.any.x86_64/arm-none-eabi/bin/../lib/gcc/arm-none-eabi/6.3.1/thumb/v6-m/libgcc.a(_muldi3.o)
 .debug_frame   0x0000000000000000       0x34 /home/afzal/work-zone/MPlab-x/gcc/gcc-64/arm-gnu-toolchain-6.3.1.508-linux.any.x86_64/arm-none-eabi/bin/../lib/gcc/arm-none-eabi/6.3.1/thumb/v6-m/libgcc.a(_muldi3.o)
 .ARM.attributes
                0x0000000000000000       0x2c /home/afzal/work-zone/MPlab-x/gcc/gcc-64/arm-gnu-toolchain-6.3.1.508-linux.any.x86_64/arm-none-eabi/bin/../lib/gcc/arm-none-eabi/6.3.1/thumb/v6-m/libgcc.a(_muldi3.o)
 .text          0x0000000000000000      0x180 /home/afzal/work-zone/MPlab-x/gcc/gcc-64/arm-gnu-toolchain-6.3.1.508-linux.any.x86_64/arm-none-eabi/bin/../lib/gcc/arm-none-eabi/6.3.1/thumb/v6-m/libgcc.a(_udivmoddi4.o)
 .data          0x0000000000000000        0x0 /home/afzal/work-zone/MPlab-x/gcc/gcc-64/arm-gnu-toolchain-6.3.1.508-linux.any.x86_64/arm-none-eabi/bin/../lib/gcc/arm-none-eabi/6.3.1/thumb/v6-m/libgcc.a(_udivmoddi4.o)
 .bss           0x0000000000000000        0x0 /home/afzal/work-zone/MPlab-x/gcc/gcc-64/arm-gnu-toolchain-6.3.1.508-linux.any.x86_64/arm-none-eabi/bin/../lib/gcc/arm-none-eabi/6.3.1/thumb/v6-m/libgcc.a(_udivmoddi4.o)
 .ARM.extab     0x0000000000000000        0x0 /home/afzal/work-zone/MPlab-x/gcc/gcc-64/arm-gnu-toolchain-6.3.1.508-linux.any.x86_64/arm-none-eabi/bin/../lib/gcc/arm-none-eabi/6.3.1/thumb/v6-m/libgcc.a(_udivmoddi4.o)
 .ARM.exidx     0x0000000000000000        0x8 /home/afzal/work-zone/MPlab-x/gcc/gcc-64/arm-gnu-toolchain-6.3.1.508-linux.any.x86_64/arm-none-eabi/bin/../lib/gcc/arm-none-eabi/6.3.1/thumb/v6-m/libgcc.a(_udivmoddi4.o)
 .debug_frame   0x0000000000000000       0x3c /home/afzal/work-zone/MPlab-x/gcc/gcc-64/arm-gnu-toolchain-6.3.1.508-linux.any.x86_64/arm-none-eabi/bin/../lib/gcc/arm-none-eabi/6.3.1/thumb/v6-m/libgcc.a(_udivmoddi4.o)
 .ARM.attributes
                0x0000000000000000       0x2c /home/afzal/work-zone/MPlab-x/gcc/gcc-64/arm-gnu-toolchain-6.3.1.508-linux.any.x86_64/arm-none-eabi/bin/../lib/gcc/arm-none-eabi/6.3.1/thumb/v6-m/libgcc.a(_udivmoddi4.o)
 .text          0x0000000000000000       0x18 /home/afzal/work-zone/MPlab-x/gcc/gcc-64/arm-gnu-toolchain-6.3.1.508-linux.any.x86_64/arm-none-eabi/bin/../lib/gcc/arm-none-eabi/6.3.1/thumb/v6-m/libgcc.a(_clzdi2.o)
 .data          0x0000000000000000        0x0 /home/afzal/work-zone/MPlab-x/gcc/gcc-64/arm-gnu-toolchain-6.3.1.508-linux.any.x86_64/arm-none-eabi/bin/../lib/gcc/arm-none-eabi/6.3.1/thumb/v6-m/libgcc.a(_clzdi2.o)
 .bss           0x0000000000000000        0x0 /home/afzal/work-zone/MPlab-x/gcc/gcc-64/arm-gnu-toolchain-6.3.1.508-linux.any.x86_64/arm-none-eabi/bin/../lib/gcc/arm-none-eabi/6.3.1/thumb/v6-m/libgcc.a(_clzdi2.o)
 .ARM.attributes
                0x0000000000000000       0x1e /home/afzal/work-zone/MPlab-x/gcc/gcc-64/arm-gnu-toolchain-6.3.1.508-linux.any.x86_64/arm-none-eabi/bin/../lib/gcc/arm-none-eabi/6.3.1/thumb/v6-m/libgcc.a(_clzdi2.o)
 .text          0x0000000000000000       0x3c /home/afzal/work-zone/MPlab-x/gcc/gcc-64/arm-gnu-toolchain-6.3.1.508-linux.any.x86_64/arm-none-eabi/bin/../lib/gcc/arm-none-eabi/6.3.1/thumb/v6-m/libgcc.a(_clzsi2.o)
 .data          0x0000000000000000        0x0 /home/afzal/work-zone/MPlab-x/gcc/gcc-64/arm-gnu-toolchain-6.3.1.508-linux.any.x86_64/arm-none-eabi/bin/../lib/gcc/arm-none-eabi/6.3.1/thumb/v6-m/libgcc.a(_clzsi2.o)
 .bss           0x0000000000000000        0x0 /home/afzal/work-zone/MPlab-x/gcc/gcc-64/arm-gnu-toolchain-6.3.1.508-linux.any.x86_64/arm-none-eabi/bin/../lib/gcc/arm-none-eabi/6.3.1/thumb/v6-m/libgcc.a(_clzsi2.o)
 .ARM.attributes
                0x0000000000000000       0x1e /home/afzal/work-zone/MPlab-x/gcc/gcc-64/arm-gnu-toolchain-6.3.1.508-linux.any.x86_64/arm-none-eabi/bin/../lib/gcc/arm-none-eabi/6.3.1/thumb/v6-m/libgcc.a(_clzsi2.o)
 .text          0x0000000000000000        0x0 /home/afzal/work-zone/MPlab-x/gcc/gcc-64/arm-gnu-toolchain-6.3.1.508-linux.any.x86_64/arm-none-eabi/bin/../lib/gcc/arm-none-eabi/6.3.1/../../../../arm-none-eabi/lib/thumb/v6-m/libc.a(lib_a-exit.o)
 .data          0x0000000000000000        0x0 /home/afzal/work-zone/MPlab-x/gcc/gcc-64/arm-gnu-toolchain-6.3.1.508-linux.any.x86_64/arm-none-eabi/bin/../lib/gcc/arm-none-eabi/6.3.1/../../../../arm-none-eabi/lib/thumb/v6-m/libc.a(lib_a-exit.o)
 .bss           0x0000000000000000        0x0 /home/afzal/work-zone/MPlab-x/gcc/gcc-64/arm-gnu-toolchain-6.3.1.508-linux.any.x86_64/arm-none-eabi/bin/../lib/gcc/arm-none-eabi/6.3.1/../../../../arm-none-eabi/lib/thumb/v6-m/libc.a(lib_a-exit.o)
 .text.exit     0x0000000000000000       0x20 /home/afzal/work-zone/MPlab-x/gcc/gcc-64/arm-gnu-toolchain-6.3.1.508-linux.any.x86_64/arm-none-eabi/bin/../lib/gcc/arm-none-eabi/6.3.1/../../../../arm-none-eabi/lib/thumb/v6-m/libc.a(lib_a-exit.o)
 .debug_frame   0x0000000000000000       0x28 /home/afzal/work-zone/MPlab-x/gcc/gcc-64/arm-gnu-toolchain-6.3.1.508-linux.any.x86_64/arm-none-eabi/bin/../lib/gcc/arm-none-eabi/6.3.1/../../../../arm-none-eabi/lib/thumb/v6-m/libc.a(lib_a-exit.o)
 .ARM.attributes
                0x0000000000000000       0x2c /home/afzal/work-zone/MPlab-x/gcc/gcc-64/arm-gnu-toolchain-6.3.1.508-linux.any.x86_64/arm-none-eabi/bin/../lib/gcc/arm-none-eabi/6.3.1/../../../../arm-none-eabi/lib/thumb/v6-m/libc.a(lib_a-exit.o)
 .text          0x0000000000000000        0x0 /home/afzal/work-zone/MPlab-x/gcc/gcc-64/arm-gnu-toolchain-6.3.1.508-linux.any.x86_64/arm-none-eabi/bin/../lib/gcc/arm-none-eabi/6.3.1/../../../../arm-none-eabi/lib/thumb/v6-m/libc.a(lib_a-impure.o)
 .data          0x0000000000000000        0x0 /home/afzal/work-zone/MPlab-x/gcc/gcc-64/arm-gnu-toolchain-6.3.1.508-linux.any.x86_64/arm-none-eabi/bin/../lib/gcc/arm-none-eabi/6.3.1/../../../../arm-none-eabi/lib/thumb/v6-m/libc.a(lib_a-impure.o)
 .bss           0x0000000000000000        0x0 /home/afzal/work-zone/MPlab-x/gcc/gcc-64/arm-gnu-toolchain-6.3.1.508-linux.any.x86_64/arm-none-eabi/bin/../lib/gcc/arm-none-eabi/6.3.1/../../../../arm-none-eabi/lib/thumb/v6-m/libc.a(lib_a-impure.o)
 .data._impure_ptr
                0x0000000000000000        0x4 /home/afzal/work-zone/MPlab-x/gcc/gcc-64/arm-gnu-toolchain-6.3.1.508-linux.any.x86_64/arm-none-eabi/bin/../lib/gcc/arm-none-eabi/6.3.1/../../../../arm-none-eabi/lib/thumb/v6-m/libc.a(lib_a-impure.o)
 .text          0x0000000000000000        0x0 /home/afzal/work-zone/MPlab-x/gcc/gcc-64/arm-gnu-toolchain-6.3.1.508-linux.any.x86_64/arm-none-eabi/bin/../lib/gcc/arm-none-eabi/6.3.1/../../../../arm-none-eabi/lib/thumb/v6-m/libc.a(lib_a-init.o)
 .data          0x0000000000000000        0x0 /home/afzal/work-zone/MPlab-x/gcc/gcc-64/arm-gnu-toolchain-6.3.1.508-linux.any.x86_64/arm-none-eabi/bin/../lib/gcc/arm-none-eabi/6.3.1/../../../../arm-none-eabi/lib/thumb/v6-m/libc.a(lib_a-init.o)
 .bss           0x0000000000000000        0x0 /home/afzal/work-zone/MPlab-x/gcc/gcc-64/arm-gnu-toolchain-6.3.1.508-linux.any.x86_64/arm-none-eabi/bin/../lib/gcc/arm-none-eabi/6.3.1/../../../../arm-none-eabi/lib/thumb/v6-m/libc.a(lib_a-init.o)
 .text          0x0000000000000000        0x0 /home/afzal/work-zone/MPlab-x/gcc/gcc-64/arm-gnu-toolchain-6.3.1.508-linux.any.x86_64/arm-none-eabi/bin/../lib/gcc/arm-none-eabi/6.3.1/../../../../arm-none-eabi/lib/thumb/v6-m/libc.a(lib_a-memcpy-stub.o)
 .data          0x0000000000000000        0x0 /home/afzal/work-zone/MPlab-x/gcc/gcc-64/arm-gnu-toolchain-6.3.1.508-linux.any.x86_64/arm-none-eabi/bin/../lib/gcc/arm-none-eabi/6.3.1/../../../../arm-none-eabi/lib/thumb/v6-m/libc.a(lib_a-memcpy-stub.o)
 .bss           0x0000000000000000        0x0 /home/afzal/work-zone/MPlab-x/gcc/gcc-64/arm-gnu-toolchain-6.3.1.508-linux.any.x86_64/arm-none-eabi/bin/../lib/gcc/arm-none-eabi/6.3.1/../../../../arm-none-eabi/lib/thumb/v6-m/libc.a(lib_a-memcpy-stub.o)
 .text.memcpy   0x0000000000000000       0x84 /home/afzal/work-zone/MPlab-x/gcc/gcc-64/arm-gnu-toolchain-6.3.1.508-linux.any.x86_64/arm-none-eabi/bin/../lib/gcc/arm-none-eabi/6.3.1/../../../../arm-none-eabi/lib/thumb/v6-m/libc.a(lib_a-memcpy-stub.o)
 .debug_frame   0x0000000000000000       0x30 /home/afzal/work-zone/MPlab-x/gcc/gcc-64/arm-gnu-toolchain-6.3.1.508-linux.any.x86_64/arm-none-eabi/bin/../lib/gcc/arm-none-eabi/6.3.1/../../../../arm-none-eabi/lib/thumb/v6-m/libc.a(lib_a-memcpy-stub.o)
 .ARM.attributes
                0x0000000000000000       0x2c /home/afzal/work-zone/MPlab-x/gcc/gcc-64/arm-gnu-toolchain-6.3.1.508-linux.any.x86_64/arm-none-eabi/bin/../lib/gcc/arm-none-eabi/6.3.1/../../../../arm-none-eabi/lib/thumb/v6-m/libc.a(lib_a-memcpy-stub.o)
 .text          0x0000000000000000        0x0 /home/afzal/work-zone/MPlab-x/gcc/gcc-64/arm-gnu-toolchain-6.3.1.508-linux.any.x86_64/arm-none-eabi/bin/../lib/gcc/arm-none-eabi/6.3.1/../../../../arm-none-eabi/lib/thumb/v6-m/libc.a(lib_a-memset.o)
 .data          0x0000000000000000        0x0 /home/afzal/work-zone/MPlab-x/gcc/gcc-64/arm-gnu-toolchain-6.3.1.508-linux.any.x86_64/arm-none-eabi/bin/../lib/gcc/arm-none-eabi/6.3.1/../../../../arm-none-eabi/lib/thumb/v6-m/libc.a(lib_a-memset.o)
 .bss           0x0000000000000000        0x0 /home/afzal/work-zone/MPlab-x/gcc/gcc-64/arm-gnu-toolchain-6.3.1.508-linux.any.x86_64/arm-none-eabi/bin/../lib/gcc/arm-none-eabi/6.3.1/../../../../arm-none-eabi/lib/thumb/v6-m/libc.a(lib_a-memset.o)
 .text.memset   0x0000000000000000       0x94 /home/afzal/work-zone/MPlab-x/gcc/gcc-64/arm-gnu-toolchain-6.3.1.508-linux.any.x86_64/arm-none-eabi/bin/../lib/gcc/arm-none-eabi/6.3.1/../../../../arm-none-eabi/lib/thumb/v6-m/libc.a(lib_a-memset.o)
 .debug_frame   0x0000000000000000       0x30 /home/afzal/work-zone/MPlab-x/gcc/gcc-64/arm-gnu-toolchain-6.3.1.508-linux.any.x86_64/arm-none-eabi/bin/../lib/gcc/arm-none-eabi/6.3.1/../../../../arm-none-eabi/lib/thumb/v6-m/libc.a(lib_a-memset.o)
 .ARM.attributes
                0x0000000000000000       0x2c /home/afzal/work-zone/MPlab-x/gcc/gcc-64/arm-gnu-toolchain-6.3.1.508-linux.any.x86_64/arm-none-eabi/bin/../lib/gcc/arm-none-eabi/6.3.1/../../../../arm-none-eabi/lib/thumb/v6-m/libc.a(lib_a-memset.o)
 .text          0x0000000000000000        0x0 /home/afzal/work-zone/MPlab-x/gcc/gcc-64/arm-gnu-toolchain-6.3.1.508-linux.any.x86_64/arm-none-eabi/bin/../lib/gcc/arm-none-eabi/6.3.1/../../../../arm-none-eabi/lib/thumb/v6-m/libc.a(lib_a-__call_atexit.o)
 .data          0x0000000000000000        0x0 /home/afzal/work-zone/MPlab-x/gcc/gcc-64/arm-gnu-toolchain-6.3.1.508-linux.any.x86_64/arm-none-eabi/bin/../lib/gcc/arm-none-eabi/6.3.1/../../../../arm-none-eabi/lib/thumb/v6-m/libc.a(lib_a-__call_atexit.o)
 .bss           0x0000000000000000        0x0 /home/afzal/work-zone/MPlab-x/gcc/gcc-64/arm-gnu-toolchain-6.3.1.508-linux.any.x86_64/arm-none-eabi/bin/../lib/gcc/arm-none-eabi/6.3.1/../../../../arm-none-eabi/lib/thumb/v6-m/libc.a(lib_a-__call_atexit.o)
 .text.__call_exitprocs
                0x0000000000000000      0x110 /home/afzal/work-zone/MPlab-x/gcc/gcc-64/arm-gnu-toolchain-6.3.1.508-linux.any.x86_64/arm-none-eabi/bin/../lib/gcc/arm-none-eabi/6.3.1/../../../../arm-none-eabi/lib/thumb/v6-m/libc.a(lib_a-__call_atexit.o)
 .text          0x0000000000000000        0x0 /home/afzal/work-zone/MPlab-x/gcc/gcc-64/arm-gnu-toolchain-6.3.1.508-linux.any.x86_64/arm-none-eabi/bin/../lib/gcc/arm-none-eabi/6.3.1/../../../../arm-none-eabi/lib/thumb/v6-m/libc.a(lib_a-atexit.o)
 .data          0x0000000000000000        0x0 /home/afzal/work-zone/MPlab-x/gcc/gcc-64/arm-gnu-toolchain-6.3.1.508-linux.any.x86_64/arm-none-eabi/bin/../lib/gcc/arm-none-eabi/6.3.1/../../../../arm-none-eabi/lib/thumb/v6-m/libc.a(lib_a-atexit.o)
 .bss           0x0000000000000000        0x0 /home/afzal/work-zone/MPlab-x/gcc/gcc-64/arm-gnu-toolchain-6.3.1.508-linux.any.x86_64/arm-none-eabi/bin/../lib/gcc/arm-none-eabi/6.3.1/../../../../arm-none-eabi/lib/thumb/v6-m/libc.a(lib_a-atexit.o)
 .text          0x0000000000000000        0x0 /home/afzal/work-zone/MPlab-x/gcc/gcc-64/arm-gnu-toolchain-6.3.1.508-linux.any.x86_64/arm-none-eabi/bin/../lib/gcc/arm-none-eabi/6.3.1/../../../../arm-none-eabi/lib/thumb/v6-m/libc.a(lib_a-fini.o)
 .data          0x0000000000000000        0x0 /home/afzal/work-zone/MPlab-x/gcc/gcc-64/arm-gnu-toolchain-6.3.1.508-linux.any.x86_64/arm-none-eabi/bin/../lib/gcc/arm-none-eabi/6.3.1/../../../../arm-none-eabi/lib/thumb/v6-m/libc.a(lib_a-fini.o)
 .bss           0x0000000000000000        0x0 /home/afzal/work-zone/MPlab-x/gcc/gcc-64/arm-gnu-toolchain-6.3.1.508-linux.any.x86_64/arm-none-eabi/bin/../lib/gcc/arm-none-eabi/6.3.1/../../../../arm-none-eabi/lib/thumb/v6-m/libc.a(lib_a-fini.o)
 .text          0x0000000000000000        0x0 /home/afzal/work-zone/MPlab-x/gcc/gcc-64/arm-gnu-toolchain-6.3.1.508-linux.any.x86_64/arm-none-eabi/bin/../lib/gcc/arm-none-eabi/6.3.1/../../../../arm-none-eabi/lib/thumb/v6-m/libc.a(lib_a-lock.o)
 .data          0x0000000000000000        0x0 /home/afzal/work-zone/MPlab-x/gcc/gcc-64/arm-gnu-toolchain-6.3.1.508-linux.any.x86_64/arm-none-eabi/bin/../lib/gcc/arm-none-eabi/6.3.1/../../../../arm-none-eabi/lib/thumb/v6-m/libc.a(lib_a-lock.o)
 .bss           0x0000000000000000        0x0 /home/afzal/work-zone/MPlab-x/gcc/gcc-64/arm-gnu-toolchain-6.3.1.508-linux.any.x86_64/arm-none-eabi/bin/../lib/gcc/arm-none-eabi/6.3.1/../../../../arm-none-eabi/lib/thumb/v6-m/libc.a(lib_a-lock.o)
 .text.__retarget_lock_init
                0x0000000000000000        0x4 /home/afzal/work-zone/MPlab-x/gcc/gcc-64/arm-gnu-toolchain-6.3.1.508-linux.any.x86_64/arm-none-eabi/bin/../lib/gcc/arm-none-eabi/6.3.1/../../../../arm-none-eabi/lib/thumb/v6-m/libc.a(lib_a-lock.o)
 .text.__retarget_lock_init_recursive
                0x0000000000000000        0x4 /home/afzal/work-zone/MPlab-x/gcc/gcc-64/arm-gnu-toolchain-6.3.1.508-linux.any.x86_64/arm-none-eabi/bin/../lib/gcc/arm-none-eabi/6.3.1/../../../../arm-none-eabi/lib/thumb/v6-m/libc.a(lib_a-lock.o)
 .text.__retarget_lock_close
                0x0000000000000000        0x4 /home/afzal/work-zone/MPlab-x/gcc/gcc-64/arm-gnu-toolchain-6.3.1.508-linux.any.x86_64/arm-none-eabi/bin/../lib/gcc/arm-none-eabi/6.3.1/../../../../arm-none-eabi/lib/thumb/v6-m/libc.a(lib_a-lock.o)
 .text.__retarget_lock_close_recursive
                0x0000000000000000        0x4 /home/afzal/work-zone/MPlab-x/gcc/gcc-64/arm-gnu-toolchain-6.3.1.508-linux.any.x86_64/arm-none-eabi/bin/../lib/gcc/arm-none-eabi/6.3.1/../../../../arm-none-eabi/lib/thumb/v6-m/libc.a(lib_a-lock.o)
 .text.__retarget_lock_acquire
                0x0000000000000000        0x4 /home/afzal/work-zone/MPlab-x/gcc/gcc-64/arm-gnu-toolchain-6.3.1.508-linux.any.x86_64/arm-none-eabi/bin/../lib/gcc/arm-none-eabi/6.3.1/../../../../arm-none-eabi/lib/thumb/v6-m/libc.a(lib_a-lock.o)
 .text.__retarget_lock_try_acquire
                0x0000000000000000        0x4 /home/afzal/work-zone/MPlab-x/gcc/gcc-64/arm-gnu-toolchain-6.3.1.508-linux.any.x86_64/arm-none-eabi/bin/../lib/gcc/arm-none-eabi/6.3.1/../../../../arm-none-eabi/lib/thumb/v6-m/libc.a(lib_a-lock.o)
 .text.__retarget_lock_try_acquire_recursive
                0x0000000000000000        0x4 /home/afzal/work-zone/MPlab-x/gcc/gcc-64/arm-gnu-toolchain-6.3.1.508-linux.any.x86_64/arm-none-eabi/bin/../lib/gcc/arm-none-eabi/6.3.1/../../../../arm-none-eabi/lib/thumb/v6-m/libc.a(lib_a-lock.o)
 .text.__retarget_lock_release
                0x0000000000000000        0x4 /home/afzal/work-zone/MPlab-x/gcc/gcc-64/arm-gnu-toolchain-6.3.1.508-linux.any.x86_64/arm-none-eabi/bin/../lib/gcc/arm-none-eabi/6.3.1/../../../../arm-none-eabi/lib/thumb/v6-m/libc.a(lib_a-lock.o)
 .text          0x0000000000000000        0x0 /home/afzal/work-zone/MPlab-x/gcc/gcc-64/arm-gnu-toolchain-6.3.1.508-linux.any.x86_64/arm-none-eabi/bin/../lib/gcc/arm-none-eabi/6.3.1/../../../../arm-none-eabi/lib/thumb/v6-m/libc.a(lib_a-__atexit.o)
 .data          0x0000000000000000        0x0 /home/afzal/work-zone/MPlab-x/gcc/gcc-64/arm-gnu-toolchain-6.3.1.508-linux.any.x86_64/arm-none-eabi/bin/../lib/gcc/arm-none-eabi/6.3.1/../../../../arm-none-eabi/lib/thumb/v6-m/libc.a(lib_a-__atexit.o)
 .bss           0x0000000000000000        0x0 /home/afzal/work-zone/MPlab-x/gcc/gcc-64/arm-gnu-toolchain-6.3.1.508-linux.any.x86_64/arm-none-eabi/bin/../lib/gcc/arm-none-eabi/6.3.1/../../../../arm-none-eabi/lib/thumb/v6-m/libc.a(lib_a-__atexit.o)
 .text          0x0000000000000000        0x0 /home/afzal/work-zone/MPlab-x/gcc/gcc-64/arm-gnu-toolchain-6.3.1.508-linux.any.x86_64/arm-none-eabi/bin/../lib/gcc/arm-none-eabi/6.3.1/thumb/v6-m/crtend.o
 .data          0x0000000000000000        0x0 /home/afzal/work-zone/MPlab-x/gcc/gcc-64/arm-gnu-toolchain-6.3.1.508-linux.any.x86_64/arm-none-eabi/bin/../lib/gcc/arm-none-eabi/6.3.1/thumb/v6-m/crtend.o
 .bss           0x0000000000000000        0x0 /home/afzal/work-zone/MPlab-x/gcc/gcc-64/arm-gnu-toolchain-6.3.1.508-linux.any.x86_64/arm-none-eabi/bin/../lib/gcc/arm-none-eabi/6.3.1/thumb/v6-m/crtend.o
 .eh_frame      0x0000000000000000        0x4 /home/afzal/work-zone/MPlab-x/gcc/gcc-64/arm-gnu-toolchain-6.3.1.508-linux.any.x86_64/arm-none-eabi/bin/../lib/gcc/arm-none-eabi/6.3.1/thumb/v6-m/crtend.o
 .jcr           0x0000000000000000        0x4 /home/afzal/work-zone/MPlab-x/gcc/gcc-64/arm-gnu-toolchain-6.3.1.508-linux.any.x86_64/arm-none-eabi/bin/../lib/gcc/arm-none-eabi/6.3.1/thumb/v6-m/crtend.o
 .ARM.attributes
                0x0000000000000000       0x2c /home/afzal/work-zone/MPlab-x/gcc/gcc-64/arm-gnu-toolchain-6.3.1.508-linux.any.x86_64/arm-none-eabi/bin/../lib/gcc/arm-none-eabi/6.3.1/thumb/v6-m/crtend.o
 .text          0x0000000000000000        0x0 /home/afzal/work-zone/MPlab-x/gcc/gcc-64/arm-gnu-toolchain-6.3.1.508-linux.any.x86_64/arm-none-eabi/bin/../lib/gcc/arm-none-eabi/6.3.1/thumb/v6-m/crtn.o
 .data          0x0000000000000000        0x0 /home/afzal/work-zone/MPlab-x/gcc/gcc-64/arm-gnu-toolchain-6.3.1.508-linux.any.x86_64/arm-none-eabi/bin/../lib/gcc/arm-none-eabi/6.3.1/thumb/v6-m/crtn.o
 .bss           0x0000000000000000        0x0 /home/afzal/work-zone/MPlab-x/gcc/gcc-64/arm-gnu-toolchain-6.3.1.508-linux.any.x86_64/arm-none-eabi/bin/../lib/gcc/arm-none-eabi/6.3.1/thumb/v6-m/crtn.o

Memory Configuration

Name             Origin             Length             Attributes
rom              0x0000000000000000 0x0000000000040000 xr
ram              0x0000000020000000 0x0000000000008000 xrw
*default*        0x0000000000000000 0xffffffffffffffff

Linker script and memory map

LOAD /home/afzal/work-zone/MPlab-x/gcc/gcc-64/arm-gnu-toolchain-6.3.1.508-linux.any.x86_64/arm-none-eabi/bin/../lib/gcc/arm-none-eabi/6.3.1/thumb/v6-m/crti.o
LOAD /home/afzal/work-zone/MPlab-x/gcc/gcc-64/arm-gnu-toolchain-6.3.1.508-linux.any.x86_64/arm-none-eabi/bin/../lib/gcc/arm-none-eabi/6.3.1/thumb/v6-m/crtbegin.o
LOAD /home/afzal/work-zone/MPlab-x/gcc/gcc-64/arm-gnu-toolchain-6.3.1.508-linux.any.x86_64/arm-none-eabi/bin/../lib/gcc/arm-none-eabi/6.3.1/../../../../arm-none-eabi/lib/thumb/v6-m/crt0.o
LOAD build/toytrain-config/production/_ext/1239984807/AppGlobals.o
LOAD build/toytrain-config/production/_ext/1239984807/colorDetect.o
LOAD build/toytrain-config/production/_ext/1239984807/hallSensor.o
LOAD build/toytrain-config/production/_ext/1239984807/motorControl.o
LOAD build/toytrain-config/production/_ext/1239984807/rgbLed.o
LOAD build/toytrain-config/production/_ext/752856886/plib_adc.o
LOAD build/toytrain-config/production/_ext/1938861640/plib_clock.o
LOAD build/toytrain-config/production/_ext/1936712154/plib_evsys.o
LOAD build/toytrain-config/production/_ext/1863322120/plib_nvic.o
LOAD build/toytrain-config/production/_ext/2068134214/plib_nvmctrl.o
LOAD build/toytrain-config/production/_ext/1863268969/plib_port.o
LOAD build/toytrain-config/production/_ext/332908461/plib_sercom2_usart.o
LOAD build/toytrain-config/production/_ext/332908461/plib_sercom0_usart.o
LOAD build/toytrain-config/production/_ext/1833659116/plib_systick.o
LOAD build/toytrain-config/production/_ext/1963947771/plib_tc3.o
LOAD build/toytrain-config/production/_ext/752838658/plib_tcc2.o
LOAD build/toytrain-config/production/_ext/752838658/plib_tcc0.o
LOAD build/toytrain-config/production/_ext/1675061921/gcc_monitor.o
LOAD build/toytrain-config/production/_ext/1672823694/initialization.o
LOAD build/toytrain-config/production/_ext/1672823694/interrupts.o
LOAD build/toytrain-config/production/_ext/1672823694/exceptions.o
LOAD build/toytrain-config/production/_ext/1672823694/libc_syscalls.o
LOAD build/toytrain-config/production/_ext/1675061921/startup_gcc.o
LOAD build/toytrain-config/production/_ext/1360937237/main.o
                0x0000000000000001                __MPLAB_BUILD = 0x1
START GROUP
LOAD /home/afzal/work-zone/MPlab-x/gcc/gcc-64/arm-gnu-toolchain-6.3.1.508-linux.any.x86_64/arm-none-eabi/bin/../lib/gcc/arm-none-eabi/6.3.1/thumb/v6-m/libgcc.a
LOAD /home/afzal/work-zone/MPlab-x/gcc/gcc-64/arm-gnu-toolchain-6.3.1.508-linux.any.x86_64/arm-none-eabi/bin/../lib/gcc/arm-none-eabi/6.3.1/../../../../arm-none-eabi/lib/thumb/v6-m/libc.a
END GROUP
START GROUP
LOAD /home/afzal/work-zone/MPlab-x/gcc/gcc-64/arm-gnu-toolchain-6.3.1.508-linux.any.x86_64/arm-none-eabi/bin/../lib/gcc/arm-none-eabi/6.3.1/thumb/v6-m/libgcc.a
LOAD /home/afzal/work-zone/MPlab-x/gcc/gcc-64/arm-gnu-toolchain-6.3.1.508-linux.any.x86_64/arm-none-eabi/bin/../lib/gcc/arm-none-eabi/6.3.1/../../../../arm-none-eabi/lib/thumb/v6-m/libc.a
LOAD /home/afzal/work-zone/MPlab-x/gcc/gcc-64/arm-gnu-toolchain-6.3.1.508-linux.any.x86_64/arm-none-eabi/bin/../lib/gcc/arm-none-eabi/6.3.1/../../../../arm-none-eabi/lib/thumb/v6-m/libnosys.a
END GROUP
LOAD /home/afzal/work-zone/MPlab-x/gcc/gcc-64/arm-gnu-toolchain-6.3.1.508-linux.any.x86_64/arm-none-eabi/bin/../lib/gcc/arm-none-eabi/6.3.1/thumb/v6-m/crtend.o
LOAD /home/afzal/work-zone/MPlab-x/gcc/gcc-64/arm-gnu-toolchain-6.3.1.508-linux.any.x86_64/arm-none-eabi/bin/../lib/gcc/arm-none-eabi/6.3.1/thumb/v6-m/crtn.o
                0x0000000000002000                STACK_SIZE = DEFINED (STACK_SIZE)?STACK_SIZE:DEFINED (__stack_size__)?__stack_size__:0x2000

.text           0x0000000000000000     0x1014
                0x0000000000000000                . = ALIGN (0x4)
                0x0000000000000000                _sfixed = .
 *(.vectors .vectors.*)
 .vectors       0x0000000000000000       0xb0 build/toytrain-config/production/_ext/1672823694/interrupts.o
                0x0000000000000000                exception_table
 *(.text .text.* .gnu.linkonce.t.*)
 .text          0x00000000000000b0       0x60 /home/afzal/work-zone/MPlab-x/gcc/gcc-64/arm-gnu-toolchain-6.3.1.508-linux.any.x86_64/arm-none-eabi/bin/../lib/gcc/arm-none-eabi/6.3.1/thumb/v6-m/crtbegin.o
 .text.generateColor
                0x0000000000000110      0x1a4 build/toytrain-config/production/_ext/1239984807/colorDetect.o
                0x0000000000000110                generateColor
 .text.PDColourRead
                0x00000000000002b4       0xd0 build/toytrain-config/production/_ext/1239984807/colorDetect.o
                0x00000000000002b4                PDColourRead
 .text.measureHallSensorValue
                0x0000000000000384       0x58 build/toytrain-config/production/_ext/1239984807/hallSensor.o
                0x0000000000000384                measureHallSensorValue
 .text.setHallSensorReadDelay
                0x00000000000003dc        0xc build/toytrain-config/production/_ext/1239984807/hallSensor.o
                0x00000000000003dc                setHallSensorReadDelay
 .text.setHallNoReasultInterval
                0x00000000000003e8        0xc build/toytrain-config/production/_ext/1239984807/hallSensor.o
                0x00000000000003e8                setHallNoReasultInterval
 .text.initMotorPeripheral
                0x00000000000003f4       0x28 build/toytrain-config/production/_ext/1239984807/motorControl.o
                0x00000000000003f4                initMotorPeripheral
 .text.motorControl
                0x000000000000041c        0xc build/toytrain-config/production/_ext/1239984807/motorControl.o
                0x000000000000041c                motorControl
 .text.accelerateMotor
                0x0000000000000428       0x30 build/toytrain-config/production/_ext/1239984807/motorControl.o
                0x0000000000000428                accelerateMotor
 .text.reverseMotor
                0x0000000000000458       0x10 build/toytrain-config/production/_ext/1239984807/motorControl.o
                0x0000000000000458                reverseMotor
 .text.stopMotor
                0x0000000000000468       0x10 build/toytrain-config/production/_ext/1239984807/motorControl.o
                0x0000000000000468                stopMotor
 .text.decelerateMotor
                0x0000000000000478       0x2c build/toytrain-config/production/_ext/1239984807/motorControl.o
                0x0000000000000478                decelerateMotor
 .text.getMotorDirection
                0x00000000000004a4        0xc build/toytrain-config/production/_ext/1239984807/motorControl.o
                0x00000000000004a4                getMotorDirection
 .text.TCC2_PWM16bitDutySet
                0x00000000000004b0       0x24 build/toytrain-config/production/_ext/1239984807/rgbLed.o
 .text.initRGBPeripheral
                0x00000000000004d4       0x30 build/toytrain-config/production/_ext/1239984807/rgbLed.o
                0x00000000000004d4                initRGBPeripheral
 .text.RGBcolorWrite
                0x0000000000000504       0x24 build/toytrain-config/production/_ext/1239984807/rgbLed.o
                0x0000000000000504                RGBcolorWrite
 .text.RGBsetColor
                0x0000000000000528       0x44 build/toytrain-config/production/_ext/1239984807/rgbLed.o
                0x0000000000000528                RGBsetColor
 .text.ADC_Initialize
                0x000000000000056c       0x78 build/toytrain-config/production/_ext/752856886/plib_adc.o
                0x000000000000056c                ADC_Initialize
 .text.ADC_Enable
                0x00000000000005e4       0x18 build/toytrain-config/production/_ext/752856886/plib_adc.o
                0x00000000000005e4                ADC_Enable
 .text.ADC_ChannelSelect
                0x00000000000005fc       0x24 build/toytrain-config/production/_ext/752856886/plib_adc.o
                0x00000000000005fc                ADC_ChannelSelect
 .text.ADC_ConversionResultGet
                0x0000000000000620        0xc build/toytrain-config/production/_ext/752856886/plib_adc.o
                0x0000000000000620                ADC_ConversionResultGet
 .text.ADC_CallbackRegister
                0x000000000000062c        0xc build/toytrain-config/production/_ext/752856886/plib_adc.o
                0x000000000000062c                ADC_CallbackRegister
 .text.ADC_InterruptHandler
                0x0000000000000638       0x24 build/toytrain-config/production/_ext/752856886/plib_adc.o
                0x0000000000000638                ADC_InterruptHandler
 .text.CLOCK_Initialize
                0x000000000000065c       0xa4 build/toytrain-config/production/_ext/1938861640/plib_clock.o
                0x000000000000065c                CLOCK_Initialize
 .text.EVSYS_Initialize
                0x0000000000000700        0x2 build/toytrain-config/production/_ext/1936712154/plib_evsys.o
                0x0000000000000700                EVSYS_Initialize
 *fill*         0x0000000000000702        0x2 
 .text.NVIC_Initialize
                0x0000000000000704       0x28 build/toytrain-config/production/_ext/1863322120/plib_nvic.o
                0x0000000000000704                NVIC_Initialize
 .text.NVMCTRL_Initialize
                0x000000000000072c        0xc build/toytrain-config/production/_ext/2068134214/plib_nvmctrl.o
                0x000000000000072c                NVMCTRL_Initialize
 .text.PORT_Initialize
                0x0000000000000738       0x60 build/toytrain-config/production/_ext/1863268969/plib_port.o
                0x0000000000000738                PORT_Initialize
 .text.SERCOM2_USART_Initialize
                0x0000000000000798       0x30 build/toytrain-config/production/_ext/332908461/plib_sercom2_usart.o
                0x0000000000000798                SERCOM2_USART_Initialize
 .text.SERCOM0_USART_Initialize
                0x00000000000007c8       0x30 build/toytrain-config/production/_ext/332908461/plib_sercom0_usart.o
                0x00000000000007c8                SERCOM0_USART_Initialize
 .text.SYSTICK_TimerInitialize
                0x00000000000007f8       0x24 build/toytrain-config/production/_ext/1833659116/plib_systick.o
                0x00000000000007f8                SYSTICK_TimerInitialize
 .text.SYSTICK_TimerStart
                0x000000000000081c       0x14 build/toytrain-config/production/_ext/1833659116/plib_systick.o
                0x000000000000081c                SYSTICK_TimerStart
 .text.SYSTICK_TimerCallbackSet
                0x0000000000000830        0xc build/toytrain-config/production/_ext/1833659116/plib_systick.o
                0x0000000000000830                SYSTICK_TimerCallbackSet
 .text.SysTick_Handler
                0x000000000000083c       0x24 build/toytrain-config/production/_ext/1833659116/plib_systick.o
                0x000000000000083c                SysTick_Handler
 .text.TC3_CompareInitialize
                0x0000000000000860       0x34 build/toytrain-config/production/_ext/1963947771/plib_tc3.o
                0x0000000000000860                TC3_CompareInitialize
 .text.TC3_CompareStart
                0x0000000000000894       0x18 build/toytrain-config/production/_ext/1963947771/plib_tc3.o
                0x0000000000000894                TC3_CompareStart
 .text.TC3_Compare8bitMatch0Set
                0x00000000000008ac       0x14 build/toytrain-config/production/_ext/1963947771/plib_tc3.o
                0x00000000000008ac                TC3_Compare8bitMatch0Set
 .text.TCC2_PWMInitialize
                0x00000000000008c0       0x2c build/toytrain-config/production/_ext/752838658/plib_tcc2.o
                0x00000000000008c0                TCC2_PWMInitialize
 .text.TCC2_PWMStart
                0x00000000000008ec       0x18 build/toytrain-config/production/_ext/752838658/plib_tcc2.o
                0x00000000000008ec                TCC2_PWMStart
 .text.TCC0_PWMInitialize
                0x0000000000000904       0x44 build/toytrain-config/production/_ext/752838658/plib_tcc0.o
                0x0000000000000904                TCC0_PWMInitialize
 .text.TCC0_PWMStart
                0x0000000000000948       0x18 build/toytrain-config/production/_ext/752838658/plib_tcc0.o
                0x0000000000000948                TCC0_PWMStart
 .text.SYS_Initialize
                0x0000000000000960       0x70 build/toytrain-config/production/_ext/1672823694/initialization.o
                0x0000000000000960                SYS_Initialize
 .text.Dummy_Handler
                0x00000000000009d0        0x2 build/toytrain-config/production/_ext/1672823694/interrupts.o
                0x00000000000009d0                SVCall_Handler
                0x00000000000009d0                DMAC_Handler
                0x00000000000009d0                AC_Handler
                0x00000000000009d0                PendSV_Handler
                0x00000000000009d0                SERCOM1_Handler
                0x00000000000009d0                TCC1_Handler
                0x00000000000009d0                SERCOM2_Handler
                0x00000000000009d0                TCC0_Handler
                0x00000000000009d0                RTC_Handler
                0x00000000000009d0                EIC_Handler
                0x00000000000009d0                WDT_Handler
                0x00000000000009d0                TC4_Handler
                0x00000000000009d0                USB_Handler
                0x00000000000009d0                TC3_Handler
                0x00000000000009d0                Dummy_Handler
                0x00000000000009d0                PM_Handler
                0x00000000000009d0                SERCOM5_Handler
                0x00000000000009d0                TCC2_Handler
                0x00000000000009d0                EVSYS_Handler
                0x00000000000009d0                SERCOM3_Handler
                0x00000000000009d0                SERCOM4_Handler
                0x00000000000009d0                I2S_Handler
                0x00000000000009d0                NVMCTRL_Handler
                0x00000000000009d0                SERCOM0_Handler
                0x00000000000009d0                DAC_Handler
                0x00000000000009d0                PTC_Handler
                0x00000000000009d0                TC5_Handler
                0x00000000000009d0                SYSCTRL_Handler
 .text.NonMaskableInt_Handler
                0x00000000000009d2        0x2 build/toytrain-config/production/_ext/1672823694/exceptions.o
                0x00000000000009d2                NonMaskableInt_Handler
 .text.HardFault_Handler
                0x00000000000009d4        0x2 build/toytrain-config/production/_ext/1672823694/exceptions.o
                0x00000000000009d4                HardFault_Handler
 *fill*         0x00000000000009d6        0x2 
 .text.Reset_Handler
                0x00000000000009d8       0x90 build/toytrain-config/production/_ext/1675061921/startup_gcc.o
                0x00000000000009d8                Reset_Handler
 .text.adcCallBack
                0x0000000000000a68       0x14 build/toytrain-config/production/_ext/1360937237/main.o
                0x0000000000000a68                adcCallBack
 .text.systickCallback
                0x0000000000000a7c       0x58 build/toytrain-config/production/_ext/1360937237/main.o
                0x0000000000000a7c                systickCallback
 .text.startup.main
                0x0000000000000ad4      0x18c build/toytrain-config/production/_ext/1360937237/main.o
                0x0000000000000ad4                main
 .text          0x0000000000000c60       0x14 /home/afzal/work-zone/MPlab-x/gcc/gcc-64/arm-gnu-toolchain-6.3.1.508-linux.any.x86_64/arm-none-eabi/bin/../lib/gcc/arm-none-eabi/6.3.1/thumb/v6-m/libgcc.a(_thumb1_case_uqi.o)
                0x0000000000000c60                __gnu_thumb1_case_uqi
 .text          0x0000000000000c74      0x1d4 /home/afzal/work-zone/MPlab-x/gcc/gcc-64/arm-gnu-toolchain-6.3.1.508-linux.any.x86_64/arm-none-eabi/bin/../lib/gcc/arm-none-eabi/6.3.1/thumb/v6-m/libgcc.a(_divsi3.o)
                0x0000000000000c74                __aeabi_idiv
                0x0000000000000c74                __divsi3
                0x0000000000000e40                __aeabi_idivmod
 .text          0x0000000000000e48        0x4 /home/afzal/work-zone/MPlab-x/gcc/gcc-64/arm-gnu-toolchain-6.3.1.508-linux.any.x86_64/arm-none-eabi/bin/../lib/gcc/arm-none-eabi/6.3.1/thumb/v6-m/libgcc.a(_dvmd_tls.o)
                0x0000000000000e48                __aeabi_ldiv0
                0x0000000000000e48                __aeabi_idiv0
 .text.__libc_init_array
                0x0000000000000e4c       0x48 /home/afzal/work-zone/MPlab-x/gcc/gcc-64/arm-gnu-toolchain-6.3.1.508-linux.any.x86_64/arm-none-eabi/bin/../lib/gcc/arm-none-eabi/6.3.1/../../../../arm-none-eabi/lib/thumb/v6-m/libc.a(lib_a-init.o)
                0x0000000000000e4c                __libc_init_array
 .text.startup.register_fini
                0x0000000000000e94       0x18 /home/afzal/work-zone/MPlab-x/gcc/gcc-64/arm-gnu-toolchain-6.3.1.508-linux.any.x86_64/arm-none-eabi/bin/../lib/gcc/arm-none-eabi/6.3.1/../../../../arm-none-eabi/lib/thumb/v6-m/libc.a(lib_a-__call_atexit.o)
 .text.atexit   0x0000000000000eac       0x10 /home/afzal/work-zone/MPlab-x/gcc/gcc-64/arm-gnu-toolchain-6.3.1.508-linux.any.x86_64/arm-none-eabi/bin/../lib/gcc/arm-none-eabi/6.3.1/../../../../arm-none-eabi/lib/thumb/v6-m/libc.a(lib_a-atexit.o)
                0x0000000000000eac                atexit
 .text.__libc_fini_array
                0x0000000000000ebc       0x34 /home/afzal/work-zone/MPlab-x/gcc/gcc-64/arm-gnu-toolchain-6.3.1.508-linux.any.x86_64/arm-none-eabi/bin/../lib/gcc/arm-none-eabi/6.3.1/../../../../arm-none-eabi/lib/thumb/v6-m/libc.a(lib_a-fini.o)
                0x0000000000000ebc                __libc_fini_array
 .text.__retarget_lock_acquire_recursive
                0x0000000000000ef0        0x4 /home/afzal/work-zone/MPlab-x/gcc/gcc-64/arm-gnu-toolchain-6.3.1.508-linux.any.x86_64/arm-none-eabi/bin/../lib/gcc/arm-none-eabi/6.3.1/../../../../arm-none-eabi/lib/thumb/v6-m/libc.a(lib_a-lock.o)
                0x0000000000000ef0                __retarget_lock_acquire_recursive
 .text.__retarget_lock_release_recursive
                0x0000000000000ef4        0x4 /home/afzal/work-zone/MPlab-x/gcc/gcc-64/arm-gnu-toolchain-6.3.1.508-linux.any.x86_64/arm-none-eabi/bin/../lib/gcc/arm-none-eabi/6.3.1/../../../../arm-none-eabi/lib/thumb/v6-m/libc.a(lib_a-lock.o)
                0x0000000000000ef4                __retarget_lock_release_recursive
 .text.__register_exitproc
                0x0000000000000ef8       0xf4 /home/afzal/work-zone/MPlab-x/gcc/gcc-64/arm-gnu-toolchain-6.3.1.508-linux.any.x86_64/arm-none-eabi/bin/../lib/gcc/arm-none-eabi/6.3.1/../../../../arm-none-eabi/lib/thumb/v6-m/libc.a(lib_a-__atexit.o)
                0x0000000000000ef8                __register_exitproc
 *(.glue_7t)
 .glue_7t       0x0000000000000fec        0x0 linker stubs
 *(.glue_7)
 .glue_7        0x0000000000000fec        0x0 linker stubs
 *(.rodata .rodata* .gnu.linkonce.r.*)
 .rodata._global_impure_ptr
                0x0000000000000fec        0x4 /home/afzal/work-zone/MPlab-x/gcc/gcc-64/arm-gnu-toolchain-6.3.1.508-linux.any.x86_64/arm-none-eabi/bin/../lib/gcc/arm-none-eabi/6.3.1/../../../../arm-none-eabi/lib/thumb/v6-m/libc.a(lib_a-impure.o)
                0x0000000000000fec                _global_impure_ptr
 *(.ARM.extab* .gnu.linkonce.armextab.*)
                0x0000000000000ff0                . = ALIGN (0x4)
 *(.init)
 .init          0x0000000000000ff0        0x4 /home/afzal/work-zone/MPlab-x/gcc/gcc-64/arm-gnu-toolchain-6.3.1.508-linux.any.x86_64/arm-none-eabi/bin/../lib/gcc/arm-none-eabi/6.3.1/thumb/v6-m/crti.o
                0x0000000000000ff0                _init
 .init          0x0000000000000ff4        0x8 /home/afzal/work-zone/MPlab-x/gcc/gcc-64/arm-gnu-toolchain-6.3.1.508-linux.any.x86_64/arm-none-eabi/bin/../lib/gcc/arm-none-eabi/6.3.1/thumb/v6-m/crtn.o
                0x0000000000000ffc                . = ALIGN (0x4)
                0x0000000000000ffc                __preinit_array_start = .
 *(.preinit_array)
                0x0000000000000ffc                __preinit_array_end = .
                0x0000000000000ffc                . = ALIGN (0x4)
                0x0000000000000ffc                __init_array_start = .
 *(SORT(.init_array.*))
 .init_array.00000
                0x0000000000000ffc        0x4 /home/afzal/work-zone/MPlab-x/gcc/gcc-64/arm-gnu-toolchain-6.3.1.508-linux.any.x86_64/arm-none-eabi/bin/../lib/gcc/arm-none-eabi/6.3.1/../../../../arm-none-eabi/lib/thumb/v6-m/libc.a(lib_a-__call_atexit.o)
 *(.init_array)
 .init_array    0x0000000000001000        0x4 /home/afzal/work-zone/MPlab-x/gcc/gcc-64/arm-gnu-toolchain-6.3.1.508-linux.any.x86_64/arm-none-eabi/bin/../lib/gcc/arm-none-eabi/6.3.1/thumb/v6-m/crtbegin.o
                0x0000000000001004                __init_array_end = .
                0x0000000000001004                . = ALIGN (0x4)
 *crtbegin.o(.ctors)
 *(EXCLUDE_FILE(*crtend.o) .ctors)
 *(SORT(.ctors.*))
 *crtend.o(.ctors)
                0x0000000000001004                . = ALIGN (0x4)
 *(.fini)
 .fini          0x0000000000001004        0x4 /home/afzal/work-zone/MPlab-x/gcc/gcc-64/arm-gnu-toolchain-6.3.1.508-linux.any.x86_64/arm-none-eabi/bin/../lib/gcc/arm-none-eabi/6.3.1/thumb/v6-m/crti.o
                0x0000000000001004                _fini
 .fini          0x0000000000001008        0x8 /home/afzal/work-zone/MPlab-x/gcc/gcc-64/arm-gnu-toolchain-6.3.1.508-linux.any.x86_64/arm-none-eabi/bin/../lib/gcc/arm-none-eabi/6.3.1/thumb/v6-m/crtn.o
                0x0000000000001010                . = ALIGN (0x4)
                0x0000000000001010                __fini_array_start = .
 *(.fini_array)
 .fini_array    0x0000000000001010        0x4 /home/afzal/work-zone/MPlab-x/gcc/gcc-64/arm-gnu-toolchain-6.3.1.508-linux.any.x86_64/arm-none-eabi/bin/../lib/gcc/arm-none-eabi/6.3.1/thumb/v6-m/crtbegin.o
 *(SORT(.fini_array.*))
                0x0000000000001014                __fini_array_end = .
 *crtbegin.o(.dtors)
 *(EXCLUDE_FILE(*crtend.o) .dtors)
 *(SORT(.dtors.*))
 *crtend.o(.dtors)
                0x0000000000001014                . = ALIGN (0x4)
                0x0000000000001014                _efixed = .
                [!provide]                        PROVIDE (__exidx_start, .)

.vfp11_veneer   0x0000000000001014        0x0
 .vfp11_veneer  0x0000000000001014        0x0 linker stubs

.v4_bx          0x0000000000001014        0x0
 .v4_bx         0x0000000000001014        0x0 linker stubs

.iplt           0x0000000000001014        0x0
 .iplt          0x0000000000001014        0x0 /home/afzal/work-zone/MPlab-x/gcc/gcc-64/arm-gnu-toolchain-6.3.1.508-linux.any.x86_64/arm-none-eabi/bin/../lib/gcc/arm-none-eabi/6.3.1/thumb/v6-m/crtbegin.o

.eh_frame       0x0000000000001014        0x0
 .eh_frame      0x0000000000001014        0x0 /home/afzal/work-zone/MPlab-x/gcc/gcc-64/arm-gnu-toolchain-6.3.1.508-linux.any.x86_64/arm-none-eabi/bin/../lib/gcc/arm-none-eabi/6.3.1/thumb/v6-m/crtbegin.o

.rel.dyn        0x0000000000001014        0x0
 .rel.iplt      0x0000000000001014        0x0 /home/afzal/work-zone/MPlab-x/gcc/gcc-64/arm-gnu-toolchain-6.3.1.508-linux.any.x86_64/arm-none-eabi/bin/../lib/gcc/arm-none-eabi/6.3.1/thumb/v6-m/crtbegin.o

.jcr            0x0000000000001014        0x0
 .jcr           0x0000000000001014        0x0 /home/afzal/work-zone/MPlab-x/gcc/gcc-64/arm-gnu-toolchain-6.3.1.508-linux.any.x86_64/arm-none-eabi/bin/../lib/gcc/arm-none-eabi/6.3.1/thumb/v6-m/crtbegin.o

.igot.plt       0x0000000000001014        0x0
 .igot.plt      0x0000000000001014        0x0 /home/afzal/work-zone/MPlab-x/gcc/gcc-64/arm-gnu-toolchain-6.3.1.508-linux.any.x86_64/arm-none-eabi/bin/../lib/gcc/arm-none-eabi/6.3.1/thumb/v6-m/crtbegin.o

.ARM.exidx
 *(.ARM.exidx* .gnu.linkonce.armexidx.*)
                [!provide]                        PROVIDE (__exidx_end, .)
                0x0000000000001014                . = ALIGN (0x4)
                0x0000000000001014                _etext = .

.relocate       0x0000000020000000      0x434 load address 0x0000000000001014
                0x0000000020000000                . = ALIGN (0x4)
                0x0000000020000000                _srelocate = .
 *(.ramfunc .ramfunc.*)
 *(.data .data.*)
 .data          0x0000000020000000        0x3 build/toytrain-config/production/_ext/1239984807/AppGlobals.o
                0x0000000020000000                global_carWashWaitTime
                0x0000000020000002                global_hallReasultWaitCounter
 *fill*         0x0000000020000003        0x5 
 .data.impure_data
                0x0000000020000008      0x428 /home/afzal/work-zone/MPlab-x/gcc/gcc-64/arm-gnu-toolchain-6.3.1.508-linux.any.x86_64/arm-none-eabi/bin/../lib/gcc/arm-none-eabi/6.3.1/../../../../arm-none-eabi/lib/thumb/v6-m/libc.a(lib_a-impure.o)
 .data.__atexit_recursive_mutex
                0x0000000020000430        0x4 /home/afzal/work-zone/MPlab-x/gcc/gcc-64/arm-gnu-toolchain-6.3.1.508-linux.any.x86_64/arm-none-eabi/bin/../lib/gcc/arm-none-eabi/6.3.1/../../../../arm-none-eabi/lib/thumb/v6-m/libc.a(lib_a-__call_atexit.o)
                0x0000000020000430                __atexit_recursive_mutex
                0x0000000020000434                . = ALIGN (0x4)
                0x0000000020000434                _erelocate = .

.bss            0x0000000020000434       0x80 load address 0x0000000000001448
                0x0000000020000434                . = ALIGN (0x4)
                0x0000000020000434                _sbss = .
                0x0000000020000434                _szero = .
 *(.bss .bss.*)
 .bss           0x0000000020000434       0x1c /home/afzal/work-zone/MPlab-x/gcc/gcc-64/arm-gnu-toolchain-6.3.1.508-linux.any.x86_64/arm-none-eabi/bin/../lib/gcc/arm-none-eabi/6.3.1/thumb/v6-m/crtbegin.o
 .bss           0x0000000020000450        0x6 build/toytrain-config/production/_ext/1239984807/AppGlobals.o
                0x0000000020000450                global_photoDiodeLastReadInterval
                0x0000000020000452                global_hallSensorInertiaCounter
                0x0000000020000454                adcValue
 *fill*         0x0000000020000456        0x2 
 .bss           0x0000000020000458       0x10 build/toytrain-config/production/_ext/1239984807/colorDetect.o
                0x0000000020000458                lastColor
                0x000000002000045c                colorCount
 .bss           0x0000000020000468        0xc build/toytrain-config/production/_ext/1833659116/plib_systick.o
 *(COMMON)
 COMMON         0x0000000020000474        0xa build/toytrain-config/production/_ext/1239984807/colorDetect.o
                0x0000000020000474                pdColor
 COMMON         0x000000002000047e        0x3 build/toytrain-config/production/_ext/1239984807/hallSensor.o
                0x000000002000047e                hallSensor
 COMMON         0x0000000020000481        0x4 build/toytrain-config/production/_ext/1239984807/motorControl.o
                0x0000000020000481                motor
 *fill*         0x0000000020000485        0x3 
 COMMON         0x0000000020000488        0x8 build/toytrain-config/production/_ext/752856886/plib_adc.o
                0x0000000020000488                ADC_CallbackObject
 COMMON         0x0000000020000490       0x21 /home/afzal/work-zone/MPlab-x/gcc/gcc-64/arm-gnu-toolchain-6.3.1.508-linux.any.x86_64/arm-none-eabi/bin/../lib/gcc/arm-none-eabi/6.3.1/../../../../arm-none-eabi/lib/thumb/v6-m/libc.a(lib_a-lock.o)
                0x0000000020000490                __lock___atexit_recursive_mutex
                0x0000000020000494                __lock___arc4random_mutex
                0x0000000020000498                __lock___env_recursive_mutex
                0x000000002000049c                __lock___sinit_recursive_mutex
                0x00000000200004a0                __lock___malloc_recursive_mutex
                0x00000000200004a4                __lock___at_quick_exit_mutex
                0x00000000200004a8                __lock___dd_hash_mutex
                0x00000000200004ac                __lock___tz_mutex
                0x00000000200004b0                __lock___sfp_recursive_mutex
                0x00000000200004b4                . = ALIGN (0x4)
 *fill*         0x00000000200004b1        0x3 
                0x00000000200004b4                _ebss = .
                0x00000000200004b4                _ezero = .

.stack          0x00000000200004b4     0x2004 load address 0x00000000000014c8
                0x00000000200004b8                . = ALIGN (0x8)
 *fill*         0x00000000200004b4        0x4 
                0x00000000200004b8                _sstack = .
                0x00000000200024b8                . = (. + STACK_SIZE)
 *fill*         0x00000000200004b8     0x2000 
                0x00000000200024b8                . = ALIGN (0x8)
                0x00000000200024b8                _stack = .
                0x00000000200024b8                . = ALIGN (0x4)
                0x00000000200024b8                _end = .
OUTPUT(dist/toytrain-config/production/ttrain.X.production.elf elf32-littlearm)

.ARM.attributes
                0x0000000000000000       0x28
 .ARM.attributes
                0x0000000000000000       0x1e /home/afzal/work-zone/MPlab-x/gcc/gcc-64/arm-gnu-toolchain-6.3.1.508-linux.any.x86_64/arm-none-eabi/bin/../lib/gcc/arm-none-eabi/6.3.1/thumb/v6-m/crti.o
 .ARM.attributes
                0x000000000000001e       0x2c /home/afzal/work-zone/MPlab-x/gcc/gcc-64/arm-gnu-toolchain-6.3.1.508-linux.any.x86_64/arm-none-eabi/bin/../lib/gcc/arm-none-eabi/6.3.1/thumb/v6-m/crtbegin.o
 .ARM.attributes
                0x000000000000004a       0x32 build/toytrain-config/production/_ext/1239984807/AppGlobals.o
 .ARM.attributes
                0x000000000000007c       0x32 build/toytrain-config/production/_ext/1239984807/colorDetect.o
 .ARM.attributes
                0x00000000000000ae       0x32 build/toytrain-config/production/_ext/1239984807/hallSensor.o
 .ARM.attributes
                0x00000000000000e0       0x32 build/toytrain-config/production/_ext/1239984807/motorControl.o
 .ARM.attributes
                0x0000000000000112       0x32 build/toytrain-config/production/_ext/1239984807/rgbLed.o
 .ARM.attributes
                0x0000000000000144       0x32 build/toytrain-config/production/_ext/752856886/plib_adc.o
 .ARM.attributes
                0x0000000000000176       0x32 build/toytrain-config/production/_ext/1938861640/plib_clock.o
 .ARM.attributes
                0x00000000000001a8       0x32 build/toytrain-config/production/_ext/1936712154/plib_evsys.o
 .ARM.attributes
                0x00000000000001da       0x32 build/toytrain-config/production/_ext/1863322120/plib_nvic.o
 .ARM.attributes
                0x000000000000020c       0x32 build/toytrain-config/production/_ext/2068134214/plib_nvmctrl.o
 .ARM.attributes
                0x000000000000023e       0x32 build/toytrain-config/production/_ext/1863268969/plib_port.o
 .ARM.attributes
                0x0000000000000270       0x32 build/toytrain-config/production/_ext/332908461/plib_sercom2_usart.o
 .ARM.attributes
                0x00000000000002a2       0x32 build/toytrain-config/production/_ext/332908461/plib_sercom0_usart.o
 .ARM.attributes
                0x00000000000002d4       0x32 build/toytrain-config/production/_ext/1833659116/plib_systick.o
 .ARM.attributes
                0x0000000000000306       0x32 build/toytrain-config/production/_ext/1963947771/plib_tc3.o
 .ARM.attributes
                0x0000000000000338       0x32 build/toytrain-config/production/_ext/752838658/plib_tcc2.o
 .ARM.attributes
                0x000000000000036a       0x32 build/toytrain-config/production/_ext/752838658/plib_tcc0.o
 .ARM.attributes
                0x000000000000039c       0x32 build/toytrain-config/production/_ext/1672823694/initialization.o
 .ARM.attributes
                0x00000000000003ce       0x32 build/toytrain-config/production/_ext/1672823694/interrupts.o
 .ARM.attributes
                0x0000000000000400       0x32 build/toytrain-config/production/_ext/1672823694/exceptions.o
 .ARM.attributes
                0x0000000000000432       0x32 build/toytrain-config/production/_ext/1675061921/startup_gcc.o
 .ARM.attributes
                0x0000000000000464       0x32 build/toytrain-config/production/_ext/1360937237/main.o
 .ARM.attributes
                0x0000000000000496       0x1e /home/afzal/work-zone/MPlab-x/gcc/gcc-64/arm-gnu-toolchain-6.3.1.508-linux.any.x86_64/arm-none-eabi/bin/../lib/gcc/arm-none-eabi/6.3.1/thumb/v6-m/libgcc.a(_thumb1_case_uqi.o)
 .ARM.attributes
                0x00000000000004b4       0x1e /home/afzal/work-zone/MPlab-x/gcc/gcc-64/arm-gnu-toolchain-6.3.1.508-linux.any.x86_64/arm-none-eabi/bin/../lib/gcc/arm-none-eabi/6.3.1/thumb/v6-m/libgcc.a(_divsi3.o)
 .ARM.attributes
                0x00000000000004d2       0x1e /home/afzal/work-zone/MPlab-x/gcc/gcc-64/arm-gnu-toolchain-6.3.1.508-linux.any.x86_64/arm-none-eabi/bin/../lib/gcc/arm-none-eabi/6.3.1/thumb/v6-m/libgcc.a(_dvmd_tls.o)
 .ARM.attributes
                0x00000000000004f0       0x2c /home/afzal/work-zone/MPlab-x/gcc/gcc-64/arm-gnu-toolchain-6.3.1.508-linux.any.x86_64/arm-none-eabi/bin/../lib/gcc/arm-none-eabi/6.3.1/../../../../arm-none-eabi/lib/thumb/v6-m/libc.a(lib_a-impure.o)
 .ARM.attributes
                0x000000000000051c       0x2c /home/afzal/work-zone/MPlab-x/gcc/gcc-64/arm-gnu-toolchain-6.3.1.508-linux.any.x86_64/arm-none-eabi/bin/../lib/gcc/arm-none-eabi/6.3.1/../../../../arm-none-eabi/lib/thumb/v6-m/libc.a(lib_a-init.o)
 .ARM.attributes
                0x0000000000000548       0x2c /home/afzal/work-zone/MPlab-x/gcc/gcc-64/arm-gnu-toolchain-6.3.1.508-linux.any.x86_64/arm-none-eabi/bin/../lib/gcc/arm-none-eabi/6.3.1/../../../../arm-none-eabi/lib/thumb/v6-m/libc.a(lib_a-__call_atexit.o)
 .ARM.attributes
                0x0000000000000574       0x2c /home/afzal/work-zone/MPlab-x/gcc/gcc-64/arm-gnu-toolchain-6.3.1.508-linux.any.x86_64/arm-none-eabi/bin/../lib/gcc/arm-none-eabi/6.3.1/../../../../arm-none-eabi/lib/thumb/v6-m/libc.a(lib_a-atexit.o)
 .ARM.attributes
                0x00000000000005a0       0x2c /home/afzal/work-zone/MPlab-x/gcc/gcc-64/arm-gnu-toolchain-6.3.1.508-linux.any.x86_64/arm-none-eabi/bin/../lib/gcc/arm-none-eabi/6.3.1/../../../../arm-none-eabi/lib/thumb/v6-m/libc.a(lib_a-fini.o)
 .ARM.attributes
                0x00000000000005cc       0x2c /home/afzal/work-zone/MPlab-x/gcc/gcc-64/arm-gnu-toolchain-6.3.1.508-linux.any.x86_64/arm-none-eabi/bin/../lib/gcc/arm-none-eabi/6.3.1/../../../../arm-none-eabi/lib/thumb/v6-m/libc.a(lib_a-lock.o)
 .ARM.attributes
                0x00000000000005f8       0x2c /home/afzal/work-zone/MPlab-x/gcc/gcc-64/arm-gnu-toolchain-6.3.1.508-linux.any.x86_64/arm-none-eabi/bin/../lib/gcc/arm-none-eabi/6.3.1/../../../../arm-none-eabi/lib/thumb/v6-m/libc.a(lib_a-__atexit.o)
 .ARM.attributes
                0x0000000000000624       0x1e /home/afzal/work-zone/MPlab-x/gcc/gcc-64/arm-gnu-toolchain-6.3.1.508-linux.any.x86_64/arm-none-eabi/bin/../lib/gcc/arm-none-eabi/6.3.1/thumb/v6-m/crtn.o

.comment        0x0000000000000000       0x59
 .comment       0x0000000000000000       0x59 build/toytrain-config/production/_ext/1239984807/AppGlobals.o
                                         0x5a (size before relaxing)
 .comment       0x0000000000000059       0x5a build/toytrain-config/production/_ext/1239984807/colorDetect.o
 .comment       0x0000000000000059       0x5a build/toytrain-config/production/_ext/1239984807/hallSensor.o
 .comment       0x0000000000000059       0x5a build/toytrain-config/production/_ext/1239984807/motorControl.o
 .comment       0x0000000000000059       0x5a build/toytrain-config/production/_ext/1239984807/rgbLed.o
 .comment       0x0000000000000059       0x5a build/toytrain-config/production/_ext/752856886/plib_adc.o
 .comment       0x0000000000000059       0x5a build/toytrain-config/production/_ext/1938861640/plib_clock.o
 .comment       0x0000000000000059       0x5a build/toytrain-config/production/_ext/1936712154/plib_evsys.o
 .comment       0x0000000000000059       0x5a build/toytrain-config/production/_ext/1863322120/plib_nvic.o
 .comment       0x0000000000000059       0x5a build/toytrain-config/production/_ext/2068134214/plib_nvmctrl.o
 .comment       0x0000000000000059       0x5a build/toytrain-config/production/_ext/1863268969/plib_port.o
 .comment       0x0000000000000059       0x5a build/toytrain-config/production/_ext/332908461/plib_sercom2_usart.o
 .comment       0x0000000000000059       0x5a build/toytrain-config/production/_ext/332908461/plib_sercom0_usart.o
 .comment       0x0000000000000059       0x5a build/toytrain-config/production/_ext/1833659116/plib_systick.o
 .comment       0x0000000000000059       0x5a build/toytrain-config/production/_ext/1963947771/plib_tc3.o
 .comment       0x0000000000000059       0x5a build/toytrain-config/production/_ext/752838658/plib_tcc2.o
 .comment       0x0000000000000059       0x5a build/toytrain-config/production/_ext/752838658/plib_tcc0.o
 .comment       0x0000000000000059       0x5a build/toytrain-config/production/_ext/1672823694/initialization.o
 .comment       0x0000000000000059       0x5a build/toytrain-config/production/_ext/1672823694/interrupts.o
 .comment       0x0000000000000059       0x5a build/toytrain-config/production/_ext/1672823694/exceptions.o
 .comment       0x0000000000000059       0x5a build/toytrain-config/production/_ext/1675061921/startup_gcc.o
 .comment       0x0000000000000059       0x5a build/toytrain-config/production/_ext/1360937237/main.o

.debug_frame    0x0000000000000000      0x1e0
 .debug_frame   0x0000000000000000       0x20 /home/afzal/work-zone/MPlab-x/gcc/gcc-64/arm-gnu-toolchain-6.3.1.508-linux.any.x86_64/arm-none-eabi/bin/../lib/gcc/arm-none-eabi/6.3.1/thumb/v6-m/libgcc.a(_divsi3.o)
 .debug_frame   0x0000000000000020       0x2c /home/afzal/work-zone/MPlab-x/gcc/gcc-64/arm-gnu-toolchain-6.3.1.508-linux.any.x86_64/arm-none-eabi/bin/../lib/gcc/arm-none-eabi/6.3.1/../../../../arm-none-eabi/lib/thumb/v6-m/libc.a(lib_a-init.o)
 .debug_frame   0x000000000000004c       0x54 /home/afzal/work-zone/MPlab-x/gcc/gcc-64/arm-gnu-toolchain-6.3.1.508-linux.any.x86_64/arm-none-eabi/bin/../lib/gcc/arm-none-eabi/6.3.1/../../../../arm-none-eabi/lib/thumb/v6-m/libc.a(lib_a-__call_atexit.o)
 .debug_frame   0x00000000000000a0       0x28 /home/afzal/work-zone/MPlab-x/gcc/gcc-64/arm-gnu-toolchain-6.3.1.508-linux.any.x86_64/arm-none-eabi/bin/../lib/gcc/arm-none-eabi/6.3.1/../../../../arm-none-eabi/lib/thumb/v6-m/libc.a(lib_a-atexit.o)
 .debug_frame   0x00000000000000c8       0x2c /home/afzal/work-zone/MPlab-x/gcc/gcc-64/arm-gnu-toolchain-6.3.1.508-linux.any.x86_64/arm-none-eabi/bin/../lib/gcc/arm-none-eabi/6.3.1/../../../../arm-none-eabi/lib/thumb/v6-m/libc.a(lib_a-fini.o)
 .debug_frame   0x00000000000000f4       0xb0 /home/afzal/work-zone/MPlab-x/gcc/gcc-64/arm-gnu-toolchain-6.3.1.508-linux.any.x86_64/arm-none-eabi/bin/../lib/gcc/arm-none-eabi/6.3.1/../../../../arm-none-eabi/lib/thumb/v6-m/libc.a(lib_a-lock.o)
 .debug_frame   0x00000000000001a4       0x3c /home/afzal/work-zone/MPlab-x/gcc/gcc-64/arm-gnu-toolchain-6.3.1.508-linux.any.x86_64/arm-none-eabi/bin/../lib/gcc/arm-none-eabi/6.3.1/../../../../arm-none-eabi/lib/thumb/v6-m/libc.a(lib_a-__atexit.o)
